<html>
<body>
<pre>
<h1>µVision Build Log</h1>
<h2>Tool Versions:</h2>
IDE-Version: ¦ÌVision V5.21.1.0
Copyright (C) 2016 ARM Ltd and ARM Germany GmbH. All rights reserved.
License Information: M buster, shu, LIC=MGX56-D3PSW-NRYXL-05E1I-0KQDS-7EBYG
 
Tool Versions:
Toolchain:       MDK-ARM Professional  Version: 5.21a
Toolchain Path:  C:\Keil_v5\ARM\ARMCC\Bin
C Compiler:      Armcc.exe V5.06 update 3 (build 300)
Assembler:       Armasm.exe V5.06 update 3 (build 300)
Linker/Locator:  ArmLink.exe V5.06 update 3 (build 300)
Library Manager: ArmAr.exe V5.06 update 3 (build 300)
Hex Converter:   FromElf.exe V5.06 update 3 (build 300)
CPU DLL:         SARMCM3.DLL V5.21a
Dialog DLL:      DCM.DLL V1.13.8.0
Target DLL:      STLink\ST-LINKIII-KEIL_SWO.dll V2.0.18.0
Dialog DLL:      TCM.DLL V1.14.14.0
 
<h2>Project:</h2>
D:\buster\workspace\19RM\Sentry\MDK-ARM\hero.uvprojx
Project File Date:  01/14/2019

<h2>Output:</h2>
*** Using Compiler 'V5.06 update 3 (build 300)', folder: 'C:\Keil_v5\ARM\ARMCC\Bin'
Build target 'hero'
compiling control.c...
..\Control\Inc\tele_control.h(43): warning:  #1-D: last line of file ends without a newline
  #endif
..\Control\Inc\my_flash.h(25): warning:  #1-D: last line of file ends without a newline
  #endif
..\Control\Inc\debug.h(15): warning:  #1295-D: Deprecated declaration debug_init - give arg types
  void debug_init();
..\Control\Inc\debug.h(17): warning:  #1-D: last line of file ends without a newline
  #endif
..\Control\Src\control.c(127): warning:  #1035-D: single-precision operand implicitly converted to double-precision
  	if(
BS(track_position) < 
BS(track_len * 0.05))
..\Control\Src\control.c(127): warning:  #1035-D: single-precision operand implicitly converted to double-precision
  	if(
BS(track_position) < 
BS(track_len * 0.05))
..\Control\Src\control.c(127): warning:  #1035-D: single-precision operand implicitly converted to double-precision
  	if(
BS(track_position) < 
BS(track_len * 0.05))
..\Control\Src\control.c(132): warning:  #1035-D: single-precision operand implicitly converted to double-precision
  	else if(
BS(track_position) > 
BS(track_len *0.95))
..\Control\Src\control.c(132): warning:  #1035-D: single-precision operand implicitly converted to double-precision
  	else if(
BS(track_position) > 
BS(track_len *0.95))
..\Control\Src\control.c(132): warning:  #1035-D: single-precision operand implicitly converted to double-precision
  	else if(
BS(track_position) > 
BS(track_len *0.95))
..\Control\Src\control.c(220): warning:  #1-D: last line of file ends without a newline
  /****************************************/
..\Control\Src\control.c: 11 warnings, 0 errors
linking...
hero\hero.axf: Warning: L6304W: Duplicate input file hero\debug_1.o ignored.
hero\hero.axf: Warning: L6304W: Duplicate input file hero\my_flash_1.o ignored.
Program Size: Code=21186 RO-data=494 RW-data=132 ZI-data=2580  
Finished: 0 information, 2 warning and 0 error messages.
FromELF: creating hex file...
"hero\hero.axf" - 0 Error(s), 13 Warning(s).

<h2>Software Packages used:</h2>

Package Vendor: ARM
                http://www.keil.com/pack/ARM.CMSIS.4.5.0.pack
                ARM::CMSIS:CORE:4.3.0
                CMSIS (Cortex Microcontroller Software Interface Standard)
   * Component: CORE Version: 4.3.0

<h2>Collection of Component include folders:</h2>
  D:\buster\workspace\19RM\Sentry\MDK-ARM\RTE
  C:\Keil_v5\ARM\PACK\ARM\CMSIS\4.5.0\CMSIS\Include
  C:\Keil_v5\ARM\PACK\Keil\STM32F4xx_DFP\2.11.0\Drivers\CMSIS\Device\ST\STM32F4xx\Include

<h2>Collection of Component Files used:</h2>

   * Component: ARM::CMSIS:CORE:4.3.0
Build Time Elapsed:  00:00:04
</pre>
</body>
</html>
