Component: ARM Compiler 5.06 update 3 (build 300) Tool: armlink [4d35c9]

==============================================================================

Section Cross References

    startup_stm32f427xx.o(RESET) refers to startup_stm32f427xx.o(STACK) for __initial_sp
    startup_stm32f427xx.o(RESET) refers to startup_stm32f427xx.o(.text) for Reset_Handler
    startup_stm32f427xx.o(RESET) refers to stm32f4xx_it.o(i.NMI_Handler) for NMI_Handler
    startup_stm32f427xx.o(RESET) refers to stm32f4xx_it.o(i.HardFault_Handler) for HardFault_Handler
    startup_stm32f427xx.o(RESET) refers to stm32f4xx_it.o(i.MemManage_Handler) for MemManage_Handler
    startup_stm32f427xx.o(RESET) refers to stm32f4xx_it.o(i.BusFault_Handler) for BusFault_Handler
    startup_stm32f427xx.o(RESET) refers to stm32f4xx_it.o(i.UsageFault_Handler) for UsageFault_Handler
    startup_stm32f427xx.o(RESET) refers to stm32f4xx_it.o(i.SVC_Handler) for SVC_Handler
    startup_stm32f427xx.o(RESET) refers to stm32f4xx_it.o(i.DebugMon_Handler) for DebugMon_Handler
    startup_stm32f427xx.o(RESET) refers to stm32f4xx_it.o(i.PendSV_Handler) for PendSV_Handler
    startup_stm32f427xx.o(RESET) refers to stm32f4xx_it.o(i.SysTick_Handler) for SysTick_Handler
    startup_stm32f427xx.o(RESET) refers to stm32f4xx_it.o(i.CAN1_TX_IRQHandler) for CAN1_TX_IRQHandler
    startup_stm32f427xx.o(RESET) refers to stm32f4xx_it.o(i.CAN1_RX0_IRQHandler) for CAN1_RX0_IRQHandler
    startup_stm32f427xx.o(RESET) refers to stm32f4xx_it.o(i.USART2_IRQHandler) for USART2_IRQHandler
    startup_stm32f427xx.o(RESET) refers to stm32f4xx_it.o(i.UART4_IRQHandler) for UART4_IRQHandler
    startup_stm32f427xx.o(RESET) refers to stm32f4xx_it.o(i.TIM6_DAC_IRQHandler) for TIM6_DAC_IRQHandler
    startup_stm32f427xx.o(RESET) refers to stm32f4xx_it.o(i.DMA2_Stream2_IRQHandler) for DMA2_Stream2_IRQHandler
    startup_stm32f427xx.o(RESET) refers to stm32f4xx_it.o(i.USART6_IRQHandler) for USART6_IRQHandler
    startup_stm32f427xx.o(.text) refers to system_stm32f4xx.o(i.SystemInit) for SystemInit
    startup_stm32f427xx.o(.text) refers to entry.o(.ARM.Collect$$$$00000000) for __main
    main.o(i.MX_NVIC_Init) refers to stm32f4xx_hal_cortex.o(i.HAL_NVIC_SetPriority) for HAL_NVIC_SetPriority
    main.o(i.MX_NVIC_Init) refers to stm32f4xx_hal_cortex.o(i.HAL_NVIC_EnableIRQ) for HAL_NVIC_EnableIRQ
    main.o(i.SystemClock_Config) refers to stm32f4xx_hal_rcc.o(i.HAL_RCC_OscConfig) for HAL_RCC_OscConfig
    main.o(i.SystemClock_Config) refers to main.o(i._Error_Handler) for _Error_Handler
    main.o(i.SystemClock_Config) refers to stm32f4xx_hal_pwr_ex.o(i.HAL_PWREx_EnableOverDrive) for HAL_PWREx_EnableOverDrive
    main.o(i.SystemClock_Config) refers to stm32f4xx_hal_rcc.o(i.HAL_RCC_ClockConfig) for HAL_RCC_ClockConfig
    main.o(i.SystemClock_Config) refers to stm32f4xx_hal_rcc.o(i.HAL_RCC_GetHCLKFreq) for HAL_RCC_GetHCLKFreq
    main.o(i.SystemClock_Config) refers to stm32f4xx_hal_cortex.o(i.HAL_SYSTICK_Config) for HAL_SYSTICK_Config
    main.o(i.SystemClock_Config) refers to stm32f4xx_hal_cortex.o(i.HAL_SYSTICK_CLKSourceConfig) for HAL_SYSTICK_CLKSourceConfig
    main.o(i.SystemClock_Config) refers to stm32f4xx_hal_cortex.o(i.HAL_NVIC_SetPriority) for HAL_NVIC_SetPriority
    main.o(i.main) refers to stm32f4xx_hal.o(i.HAL_Init) for HAL_Init
    main.o(i.main) refers to main.o(i.SystemClock_Config) for SystemClock_Config
    main.o(i.main) refers to gpio.o(i.MX_GPIO_Init) for MX_GPIO_Init
    main.o(i.main) refers to dma.o(i.MX_DMA_Init) for MX_DMA_Init
    main.o(i.main) refers to can.o(i.MX_CAN1_Init) for MX_CAN1_Init
    main.o(i.main) refers to tim.o(i.MX_TIM4_Init) for MX_TIM4_Init
    main.o(i.main) refers to tim.o(i.MX_TIM6_Init) for MX_TIM6_Init
    main.o(i.main) refers to tim.o(i.MX_TIM12_Init) for MX_TIM12_Init
    main.o(i.main) refers to usart.o(i.MX_UART4_Init) for MX_UART4_Init
    main.o(i.main) refers to usart.o(i.MX_USART1_UART_Init) for MX_USART1_UART_Init
    main.o(i.main) refers to usart.o(i.MX_USART6_UART_Init) for MX_USART6_UART_Init
    main.o(i.main) refers to usart.o(i.MX_USART2_UART_Init) for MX_USART2_UART_Init
    main.o(i.main) refers to main.o(i.MX_NVIC_Init) for MX_NVIC_Init
    main.o(i.main) refers to my_flash_1.o(i.flash_write) for flash_write
    main.o(i.main) refers to my_flash_1.o(i.flash_read) for flash_read
    main.o(i.main) refers to pid.o(i.ALLPID_Init) for ALLPID_Init
    main.o(i.main) refers to stm32f4xx_hal.o(i.HAL_Delay) for HAL_Delay
    main.o(i.main) refers to can_my.o(i.CAN1_Init) for CAN1_Init
    main.o(i.main) refers to mpu6050.o(i.MPU6050_Init) for MPU6050_Init
    main.o(i.main) refers to mpu6050.o(i.MPU6050_GyroOffest) for MPU6050_GyroOffest
    main.o(i.main) refers to debug_1.o(i.debug_init) for debug_init
    main.o(i.main) refers to main.o(.constdata) for .constdata
    gpio.o(i.MX_GPIO_Init) refers to stm32f4xx_hal_gpio.o(i.HAL_GPIO_WritePin) for HAL_GPIO_WritePin
[...]
    ..\Src\tim.c                             0x00000000   Number         0  tim.o ABSOLUTE
    ..\Src\usart.c                           0x00000000   Number         0  usart.o ABSOLUTE
    ..\\Control\\Src\\can_my.c               0x00000000   Number         0  can_my.o ABSOLUTE
    ..\\Control\\Src\\control.c              0x00000000   Number         0  control.o ABSOLUTE
    ..\\Control\\Src\\debug.c                0x00000000   Number         0  debug_1.o ABSOLUTE
    ..\\Control\\Src\\delay.c                0x00000000   Number         0  delay.o ABSOLUTE
    ..\\Control\\Src\\mpu6050.c              0x00000000   Number         0  mpu6050.o ABSOLUTE
    ..\\Control\\Src\\my_flash.c             0x00000000   Number         0  my_flash_1.o ABSOLUTE
    ..\\Control\\Src\\myiic.c                0x00000000   Number         0  myiic.o ABSOLUTE
    ..\\Control\\Src\\pid.c                  0x00000000   Number         0  pid.o ABSOLUTE
    ..\\Control\\Src\\timer.c                0x00000000   Number         0  timer.o ABSOLUTE
    ..\\Control\\Src\\usart_my.c             0x00000000   Number         0  usart_my.o ABSOLUTE
    ..\\Src\system_stm32f4xx.c               0x00000000   Number         0  system_stm32f4xx.o ABSOLUTE
    dc.s                                     0x00000000   Number         0  dc.o ABSOLUTE
    handlers.s                               0x00000000   Number         0  handlers.o ABSOLUTE
    init.s                                   0x00000000   Number         0  init.o ABSOLUTE
    startup_stm32f427xx.s                    0x00000000   Number         0  startup_stm32f427xx.o ABSOLUTE
    RESET                                    0x08000000   Section      428  startup_stm32f427xx.o(RESET)
    .ARM.Collect$$$$00000000                 0x080001ac   Section        0  entry.o(.ARM.Collect$$$$00000000)
    .ARM.Collect$$$$00000001                 0x080001ac   Section        4  entry2.o(.ARM.Collect$$$$00000001)
    .ARM.Collect$$$$00000004                 0x080001b0   Section        4  entry5.o(.ARM.Collect$$$$00000004)
    .ARM.Collect$$$$00000008                 0x080001b4   Section        0  entry7b.o(.ARM.Collect$$$$00000008)
    .ARM.Collect$$$$0000000A                 0x080001b4   Section        0  entry8b.o(.ARM.Collect$$$$0000000A)
    .ARM.Collect$$$$0000000B                 0x080001b4   Section        8  entry9a.o(.ARM.Collect$$$$0000000B)
    .ARM.Collect$$$$0000000D                 0x080001bc   Section        0  entry10a.o(.ARM.Collect$$$$0000000D)
    .ARM.Collect$$$$0000000F                 0x080001bc   Section        0  entry11a.o(.ARM.Collect$$$$0000000F)
    .ARM.Collect$$$$00002712                 0x080001bc   Section        4  entry2.o(.ARM.Collect$$$$00002712)
    __lit__00000000                          0x080001bc   Data           4  entry2.o(.ARM.Collect$$$$00002712)
    .text                                    0x080001c0   Section       36  startup_stm32f427xx.o(.text)
    $v0                                      0x080001c0   Number         0  startup_stm32f427xx.o(.text)
    .text                                    0x080001e4   Section        0  uldiv.o(.text)
    .text                                    0x08000246   Section        0  dadd.o(.text)
    .text                                    0x08000394   Section        0  dmul.o(.text)
    .text                                    0x08000478   Section        0  ddiv.o(.text)
    .text                                    0x08000556   Section        0  dflti.o(.text)
    .text                                    0x08000578   Section        0  dfixi.o(.text)
    .text                                    0x080005b6   Section        0  llshl.o(.text)
    .text                                    0x080005d4   Section        0  llushr.o(.text)
    .text                                    0x080005f4   Section        0  llsshr.o(.text)
    .text                                    0x08000618   Section        0  depilogue.o(.text)
    .text                                    0x08000618   Section        0  iusefp.o(.text)
    .text                                    0x080006d4   Section       36  init.o(.text)
    i.ALLPID_Init                            0x080006f8   Section        0  pid.o(i.ALLPID_Init)
    i.BusFault_Handler                       0x080007e8   Section        0  stm32f4xx_it.o(i.BusFault_Handler)
    i.CAN1_Init                              0x080007ec   Section        0  can_my.o(i.CAN1_Init)
    i.CAN1_RX0_IRQHandler                    0x08000830   Section        0  stm32f4xx_it.o(i.CAN1_RX0_IRQHandler)
    i.CAN1_TX_IRQHandler                     0x0800085c   Section        0  stm32f4xx_it.o(i.CAN1_TX_IRQHandler)
    i.CAN_Getdata                            0x0800086c   Section        0  can_my.o(i.CAN_Getdata)
    i.DMA2_Stream2_IRQHandler                0x08000a04   Section        0  stm32f4xx_it.o(i.DMA2_Stream2_IRQHandler)
    i.DMA_CalcBaseAndBitshift                0x08000a14   Section        0  stm32f4xx_hal_dma.o(i.DMA_CalcBaseAndBitshift)
    DMA_CalcBaseAndBitshift                  0x08000a15   Thumb Code    46  stm32f4xx_hal_dma.o(i.DMA_CalcBaseAndBitshift)
    i.DMA_CheckFifoParam                     0x08000a48   Section        0  stm32f4xx_hal_dma.o(i.DMA_CheckFifoParam)
    DMA_CheckFifoParam                       0x08000a49   Thumb Code   170  stm32f4xx_hal_dma.o(i.DMA_CheckFifoParam)
    i.DebugMon_Handler                       0x08000af2   Section        0  stm32f4xx_it.o(i.DebugMon_Handler)
    i.FLASH_Erase_Sector                     0x08000af4   Section        0  stm32f4xx_hal_flash_ex.o(i.FLASH_Erase_Sector)
    i.FLASH_FlushCaches                      0x08000b54   Section        0  stm32f4xx_hal_flash_ex.o(i.FLASH_FlushCaches)
    i.FLASH_MassErase                        0x08000bcc   Section        0  stm32f4xx_hal_flash_ex.o(i.FLASH_MassErase)
    FLASH_MassErase                          0x08000bcd   Thumb Code    80  stm32f4xx_hal_flash_ex.o(i.FLASH_MassErase)
    i.FLASH_Program_Byte                     0x08000c20   Section        0  stm32f4xx_hal_flash.o(i.FLASH_Program_Byte)
    FLASH_Program_Byte                       0x08000c21   Thumb Code    32  stm32f4xx_hal_flash.o(i.FLASH_Program_Byte)
    i.FLASH_Program_DoubleWord               0x08000c44   Section        0  stm32f4xx_hal_flash.o(i.FLASH_Program_DoubleWord)
    FLASH_Program_DoubleWord                 0x08000c45   Thumb Code    40  stm32f4xx_hal_flash.o(i.FLASH_Program_DoubleWord)
    i.FLASH_Program_HalfWord                 0x08000c70   Section        0  stm32f4xx_hal_flash.o(i.FLASH_Program_HalfWord)
    FLASH_Program_HalfWord                   0x08000c71   Thumb Code    36  stm32f4xx_hal_flash.o(i.FLASH_Program_HalfWord)
    i.FLASH_Program_Word                     0x08000c98   Section        0  stm32f4xx_hal_flash.o(i.FLASH_Program_Word)
    FLASH_Program_Word                       0x08000c99   Thumb Code    36  stm32f4xx_hal_flash.o(i.FLASH_Program_Word)
    i.FLASH_SetErrorCode                     0x08000cc0   Section        0  stm32f4xx_hal_flash.o(i.FLASH_SetErrorCode)
    FLASH_SetErrorCode                       0x08000cc1   Thumb Code   172  stm32f4xx_hal_flash.o(i.FLASH_SetErrorCode)
    i.FLASH_WaitForLastOperation             0x08000d74   Section        0  stm32f4xx_hal_flash.o(i.FLASH_WaitForLastOperation)
    i.HAL_CAN_ActivateNotification           0x08000dd8   Section        0  stm32f4xx_hal_can.o(i.HAL_CAN_ActivateNotification)
    i.HAL_CAN_AddTxMessage                   0x08000e04   Section        0  stm32f4xx_hal_can.o(i.HAL_CAN_AddTxMessage)
    i.HAL_CAN_ConfigFilter                   0x08000f30   Section        0  stm32f4xx_hal_can.o(i.HAL_CAN_ConfigFilter)
    i.HAL_CAN_ErrorCallback                  0x08001054   Section        0  stm32f4xx_hal_can.o(i.HAL_CAN_ErrorCallback)
    i.HAL_CAN_GetRxMessage                   0x08001056   Section        0  stm32f4xx_hal_can.o(i.HAL_CAN_GetRxMessage)
    i.HAL_CAN_IRQHandler                     0x080011de   Section        0  stm32f4xx_hal_can.o(i.HAL_CAN_IRQHandler)
    i.HAL_CAN_Init                           0x0800142c   Section        0  stm32f4xx_hal_can.o(i.HAL_CAN_Init)
    i.HAL_CAN_MspInit                        0x080015a4   Section        0  can.o(i.HAL_CAN_MspInit)
    i.HAL_CAN_RxFifo0FullCallback            0x08001620   Section        0  stm32f4xx_hal_can.o(i.HAL_CAN_RxFifo0FullCallback)
    i.HAL_CAN_RxFifo0MsgPendingCallback      0x08001622   Section        0  stm32f4xx_hal_can.o(i.HAL_CAN_RxFifo0MsgPendingCallback)
    i.HAL_CAN_RxFifo1FullCallback            0x08001624   Section        0  stm32f4xx_hal_can.o(i.HAL_CAN_RxFifo1FullCallback)
    i.HAL_CAN_RxFifo1MsgPendingCallback      0x08001626   Section        0  stm32f4xx_hal_can.o(i.HAL_CAN_RxFifo1MsgPendingCallback)
    i.HAL_CAN_SleepCallback                  0x08001628   Section        0  stm32f4xx_hal_can.o(i.HAL_CAN_SleepCallback)
    i.HAL_CAN_Start                          0x0800162a   Section        0  stm32f4xx_hal_can.o(i.HAL_CAN_Start)
    i.HAL_CAN_TxMailbox0AbortCallback        0x0800168a   Section        0  stm32f4xx_hal_can.o(i.HAL_CAN_TxMailbox0AbortCallback)
    i.HAL_CAN_TxMailbox0CompleteCallback     0x0800168c   Section        0  stm32f4xx_hal_can.o(i.HAL_CAN_TxMailbox0CompleteCallback)
    i.HAL_CAN_TxMailbox1AbortCallback        0x0800168e   Section        0  stm32f4xx_hal_can.o(i.HAL_CAN_TxMailbox1AbortCallback)
    i.HAL_CAN_TxMailbox1CompleteCallback     0x08001690   Section        0  stm32f4xx_hal_can.o(i.HAL_CAN_TxMailbox1CompleteCallback)
    i.HAL_CAN_TxMailbox2AbortCallback        0x08001692   Section        0  stm32f4xx_hal_can.o(i.HAL_CAN_TxMailbox2AbortCallback)
    i.HAL_CAN_TxMailbox2CompleteCallback     0x08001694   Section        0  stm32f4xx_hal_can.o(i.HAL_CAN_TxMailbox2CompleteCallback)
    i.HAL_CAN_WakeUpFromRxMsgCallback        0x08001696   Section        0  stm32f4xx_hal_can.o(i.HAL_CAN_WakeUpFromRxMsgCallback)
    i.HAL_DMA_Abort_IT                       0x08001698   Section        0  stm32f4xx_hal_dma.o(i.HAL_DMA_Abort_IT)
    i.HAL_DMA_IRQHandler                     0x080016c0   Section        0  stm32f4xx_hal_dma.o(i.HAL_DMA_IRQHandler)
    i.HAL_DMA_Init                           0x08001900   Section        0  stm32f4xx_hal_dma.o(i.HAL_DMA_Init)
    i.HAL_Delay                              0x080019ec   Section        0  stm32f4xx_hal.o(i.HAL_Delay)
    i.HAL_FLASHEx_Erase                      0x08001a14   Section        0  stm32f4xx_hal_flash_ex.o(i.HAL_FLASHEx_Erase)
    i.HAL_FLASH_Lock                         0x08001ac4   Section        0  stm32f4xx_hal_flash.o(i.HAL_FLASH_Lock)
    i.HAL_FLASH_Program                      0x08001ad8   Section        0  stm32f4xx_hal_flash.o(i.HAL_FLASH_Program)
    i.HAL_FLASH_Unlock                       0x08001b70   Section        0  stm32f4xx_hal_flash.o(i.HAL_FLASH_Unlock)
    i.HAL_GPIO_Init                          0x08001ba4   Section        0  stm32f4xx_hal_gpio.o(i.HAL_GPIO_Init)
    i.HAL_GPIO_WritePin                      0x08001dc0   Section        0  stm32f4xx_hal_gpio.o(i.HAL_GPIO_WritePin)
    i.HAL_GetTick                            0x08001dcc   Section        0  stm32f4xx_hal.o(i.HAL_GetTick)
    i.HAL_IncTick                            0x08001dd8   Section        0  stm32f4xx_hal.o(i.HAL_IncTick)
    i.HAL_Init                               0x08001df0   Section        0  stm32f4xx_hal.o(i.HAL_Init)
    i.HAL_InitTick                           0x08001e2c   Section        0  stm32f4xx_hal.o(i.HAL_InitTick)
    i.HAL_MspInit                            0x08001e78   Section        0  stm32f4xx_hal_msp.o(i.HAL_MspInit)
    i.HAL_MultiProcessor_Init                0x08001f14   Section        0  stm32f4xx_hal_uart.o(i.HAL_MultiProcessor_Init)
    i.HAL_NVIC_EnableIRQ                     0x08001fae   Section        0  stm32f4xx_hal_cortex.o(i.HAL_NVIC_EnableIRQ)
    i.HAL_NVIC_SetPriority                   0x08001fc8   Section        0  stm32f4xx_hal_cortex.o(i.HAL_NVIC_SetPriority)
    i.HAL_NVIC_SetPriorityGrouping           0x08002044   Section        0  stm32f4xx_hal_cortex.o(i.HAL_NVIC_SetPriorityGrouping)
    i.HAL_PWREx_EnableOverDrive              0x0800206c   Section        0  stm32f4xx_hal_pwr_ex.o(i.HAL_PWREx_EnableOverDrive)
    i.HAL_RCC_ClockConfig                    0x080020f8   Section        0  stm32f4xx_hal_rcc.o(i.HAL_RCC_ClockConfig)
    i.HAL_RCC_GetHCLKFreq                    0x08002278   Section        0  stm32f4xx_hal_rcc.o(i.HAL_RCC_GetHCLKFreq)
    i.HAL_RCC_GetPCLK1Freq                   0x08002284   Section        0  stm32f4xx_hal_rcc.o(i.HAL_RCC_GetPCLK1Freq)
    i.HAL_RCC_GetPCLK2Freq                   0x080022a4   Section        0  stm32f4xx_hal_rcc.o(i.HAL_RCC_GetPCLK2Freq)
    i.HAL_RCC_GetSysClockFreq                0x080022c4   Section        0  stm32f4xx_hal_rcc.o(i.HAL_RCC_GetSysClockFreq)
    i.HAL_RCC_OscConfig                      0x08002374   Section        0  stm32f4xx_hal_rcc.o(i.HAL_RCC_OscConfig)
    i.HAL_SYSTICK_CLKSourceConfig            0x080027bc   Section        0  stm32f4xx_hal_cortex.o(i.HAL_SYSTICK_CLKSourceConfig)
    i.HAL_SYSTICK_Callback                   0x080027e4   Section        0  stm32f4xx_hal_cortex.o(i.HAL_SYSTICK_Callback)
    i.HAL_SYSTICK_Config                     0x080027e6   Section        0  stm32f4xx_hal_cortex.o(i.HAL_SYSTICK_Config)
    i.HAL_SYSTICK_IRQHandler                 0x0800281a   Section        0  stm32f4xx_hal_cortex.o(i.HAL_SYSTICK_IRQHandler)
    i.HAL_TIMEx_BreakCallback                0x08002822   Section        0  stm32f4xx_hal_tim_ex.o(i.HAL_TIMEx_BreakCallback)
    i.HAL_TIMEx_CommutationCallback          0x08002824   Section        0  stm32f4xx_hal_tim_ex.o(i.HAL_TIMEx_CommutationCallback)
    i.HAL_TIMEx_MasterConfigSynchronization  0x08002826   Section        0  stm32f4xx_hal_tim_ex.o(i.HAL_TIMEx_MasterConfigSynchronization)
    i.HAL_TIM_Base_Init                      0x08002888   Section        0  stm32f4xx_hal_tim.o(i.HAL_TIM_Base_Init)
    i.HAL_TIM_Base_MspInit                   0x080028bc   Section        0  tim.o(i.HAL_TIM_Base_MspInit)
    i.HAL_TIM_ConfigClockSource              0x08002948   Section        0  stm32f4xx_hal_tim.o(i.HAL_TIM_ConfigClockSource)
    i.HAL_TIM_IC_CaptureCallback             0x08002a7a   Section        0  stm32f4xx_hal_tim.o(i.HAL_TIM_IC_CaptureCallback)
    i.HAL_TIM_IRQHandler                     0x08002a7c   Section        0  stm32f4xx_hal_tim.o(i.HAL_TIM_IRQHandler)
    i.HAL_TIM_MspPostInit                    0x08002c14   Section        0  tim.o(i.HAL_TIM_MspPostInit)
    i.HAL_TIM_OC_DelayElapsedCallback        0x08002c78   Section        0  stm32f4xx_hal_tim.o(i.HAL_TIM_OC_DelayElapsedCallback)
    i.HAL_TIM_PWM_ConfigChannel              0x08002c7a   Section        0  stm32f4xx_hal_tim.o(i.HAL_TIM_PWM_ConfigChannel)
    i.HAL_TIM_PWM_Init                       0x08002d82   Section        0  stm32f4xx_hal_tim.o(i.HAL_TIM_PWM_Init)
    i.HAL_TIM_PWM_MspInit                    0x08002db6   Section        0  stm32f4xx_hal_tim.o(i.HAL_TIM_PWM_MspInit)
    i.HAL_TIM_PWM_PulseFinishedCallback      0x08002db8   Section        0  stm32f4xx_hal_tim.o(i.HAL_TIM_PWM_PulseFinishedCallback)
    i.HAL_TIM_PeriodElapsedCallback          0x08002dba   Section        0  stm32f4xx_hal_tim.o(i.HAL_TIM_PeriodElapsedCallback)
    i.HAL_TIM_TriggerCallback                0x08002dbc   Section        0  stm32f4xx_hal_tim.o(i.HAL_TIM_TriggerCallback)
    i.HAL_UART_ErrorCallback                 0x08002dc0   Section        0  usart_my.o(i.HAL_UART_ErrorCallback)
    i.HAL_UART_IRQHandler                    0x08002df0   Section        0  stm32f4xx_hal_uart.o(i.HAL_UART_IRQHandler)
    i.HAL_UART_Init                          0x08002f3c   Section        0  stm32f4xx_hal_uart.o(i.HAL_UART_Init)
    i.HAL_UART_MspInit                       0x08002fb0   Section        0  usart.o(i.HAL_UART_MspInit)
    i.HAL_UART_RxCpltCallback                0x08003194   Section        0  usart_my.o(i.HAL_UART_RxCpltCallback)
    i.HAL_UART_Transmit                      0x0800363c   Section        0  stm32f4xx_hal_uart.o(i.HAL_UART_Transmit)
    i.HAL_UART_TxCpltCallback                0x08003712   Section        0  stm32f4xx_hal_uart.o(i.HAL_UART_TxCpltCallback)
    i.HardFault_Handler                      0x08003714   Section        0  stm32f4xx_it.o(i.HardFault_Handler)
    i.IIC_Ack                                0x08003718   Section        0  myiic.o(i.IIC_Ack)
    i.IIC_Init                               0x08003768   Section        0  myiic.o(i.IIC_Init)
    i.IIC_NAck                               0x08003780   Section        0  myiic.o(i.IIC_NAck)
    i.IIC_Read_Byte                          0x080037d0   Section        0  myiic.o(i.IIC_Read_Byte)
    i.IIC_Send_Byte                          0x0800383c   Section        0  myiic.o(i.IIC_Send_Byte)
    i.IIC_Start                              0x080038a4   Section        0  myiic.o(i.IIC_Start)
    i.IIC_Stop                               0x080038f0   Section        0  myiic.o(i.IIC_Stop)
    i.IIC_Wait_Ack                           0x0800393c   Section        0  myiic.o(i.IIC_Wait_Ack)
    i.MPU6050_GetData                        0x0800399c   Section        0  mpu6050.o(i.MPU6050_GetData)
    i.MPU6050_GyroOffest                     0x08003a48   Section        0  mpu6050.o(i.MPU6050_GyroOffest)
    i.MPU6050_Init                           0x08003ac4   Section        0  mpu6050.o(i.MPU6050_Init)
    i.MPU_Get_Accelerometer                  0x08003b42   Section        0  mpu6050.o(i.MPU_Get_Accelerometer)
    i.MPU_Get_Gyroscope                      0x08003b92   Section        0  mpu6050.o(i.MPU_Get_Gyroscope)
    i.MPU_Read_Byte                          0x08003be2   Section        0  mpu6050.o(i.MPU_Read_Byte)
    i.MPU_Read_Len                           0x08003c1c   Section        0  mpu6050.o(i.MPU_Read_Len)
    i.MPU_Set_Accel_Fsr                      0x08003c90   Section        0  mpu6050.o(i.MPU_Set_Accel_Fsr)
    i.MPU_Set_Gyro_Fsr                       0x08003ca0   Section        0  mpu6050.o(i.MPU_Set_Gyro_Fsr)
    i.MPU_Set_LPF                            0x08003cb0   Section        0  mpu6050.o(i.MPU_Set_LPF)
    i.MPU_Set_Rate                           0x08003cf0   Section        0  mpu6050.o(i.MPU_Set_Rate)
    i.MPU_Write_Byte                         0x08003d2a   Section        0  mpu6050.o(i.MPU_Write_Byte)
    i.MX_CAN1_Init                           0x08003d70   Section        0  can.o(i.MX_CAN1_Init)
    i.MX_DMA_Init                            0x08003dc8   Section        0  dma.o(i.MX_DMA_Init)
    i.MX_GPIO_Init                           0x08003df0   Section        0  gpio.o(i.MX_GPIO_Init)
    i.MX_NVIC_Init                           0x08003f68   Section        0  main.o(i.MX_NVIC_Init)
    MX_NVIC_Init                             0x08003f69   Thumb Code    52  main.o(i.MX_NVIC_Init)
    i.MX_TIM12_Init                          0x08003f9c   Section        0  tim.o(i.MX_TIM12_Init)
    i.MX_TIM4_Init                           0x0800404c   Section        0  tim.o(i.MX_TIM4_Init)
    i.MX_TIM6_Init                           0x08004100   Section        0  tim.o(i.MX_TIM6_Init)
    i.MX_UART4_Init                          0x08004158   Section        0  usart.o(i.MX_UART4_Init)
    i.MX_USART1_UART_Init                    0x080041a4   Section        0  usart.o(i.MX_USART1_UART_Init)
    i.MX_USART2_UART_Init                    0x080041f4   Section        0  usart.o(i.MX_USART2_UART_Init)
    i.MX_USART6_UART_Init                    0x08004244   Section        0  usart.o(i.MX_USART6_UART_Init)
    i.MemManage_Handler                      0x08004294   Section        0  stm32f4xx_it.o(i.MemManage_Handler)
    i.NMI_Handler                            0x08004298   Section        0  stm32f4xx_it.o(i.NMI_Handler)
    i.NVIC_GetPriorityGrouping               0x0800429c   Section        0  stm32f4xx_hal_cortex.o(i.NVIC_GetPriorityGrouping)
    NVIC_GetPriorityGrouping                 0x0800429d   Thumb Code    10  stm32f4xx_hal_cortex.o(i.NVIC_GetPriorityGrouping)
    i.NVIC_SetPriority                       0x080042ac   Section        0  stm32f4xx_hal_cortex.o(i.NVIC_SetPriority)
    NVIC_SetPriority                         0x080042ad   Thumb Code    32  stm32f4xx_hal_cortex.o(i.NVIC_SetPriority)
    i.PID_Calc                               0x080042d4   Section        0  pid.o(i.PID_Calc)
    i.PID_Init                               0x08004420   Section        0  pid.o(i.PID_Init)
    i.PendSV_Handler                         0x08004448   Section        0  stm32f4xx_it.o(i.PendSV_Handler)
    i.SVC_Handler                            0x0800444a   Section        0  stm32f4xx_it.o(i.SVC_Handler)
    i.SysTick_Handler                        0x0800444c   Section        0  stm32f4xx_it.o(i.SysTick_Handler)
    i.SystemClock_Config                     0x08004458   Section        0  main.o(i.SystemClock_Config)
    i.SystemInit                             0x08004544   Section        0  system_stm32f4xx.o(i.SystemInit)
    i.TIM6_DAC_IRQHandler                    0x080045a8   Section        0  stm32f4xx_it.o(i.TIM6_DAC_IRQHandler)
    i.TIM_Base_SetConfig                     0x080045bc   Section        0  stm32f4xx_hal_tim.o(i.TIM_Base_SetConfig)
    i.TIM_ETR_SetConfig                      0x080046a0   Section        0  stm32f4xx_hal_tim.o(i.TIM_ETR_SetConfig)
    TIM_ETR_SetConfig                        0x080046a1   Thumb Code    24  stm32f4xx_hal_tim.o(i.TIM_ETR_SetConfig)
    i.TIM_ITRx_SetConfig                     0x080046b8   Section        0  stm32f4xx_hal_tim.o(i.TIM_ITRx_SetConfig)
    TIM_ITRx_SetConfig                       0x080046b9   Thumb Code    20  stm32f4xx_hal_tim.o(i.TIM_ITRx_SetConfig)
    i.TIM_OC1_SetConfig                      0x080046cc   Section        0  stm32f4xx_hal_tim.o(i.TIM_OC1_SetConfig)
    TIM_OC1_SetConfig                        0x080046cd   Thumb Code   102  stm32f4xx_hal_tim.o(i.TIM_OC1_SetConfig)
    i.TIM_OC2_SetConfig                      0x0800473c   Section        0  stm32f4xx_hal_tim.o(i.TIM_OC2_SetConfig)
    i.TIM_OC3_SetConfig                      0x080047b4   Section        0  stm32f4xx_hal_tim.o(i.TIM_OC3_SetConfig)
    TIM_OC3_SetConfig                        0x080047b5   Thumb Code   110  stm32f4xx_hal_tim.o(i.TIM_OC3_SetConfig)
    i.TIM_OC4_SetConfig                      0x0800482c   Section        0  stm32f4xx_hal_tim.o(i.TIM_OC4_SetConfig)
    TIM_OC4_SetConfig                        0x0800482d   Thumb Code    88  stm32f4xx_hal_tim.o(i.TIM_OC4_SetConfig)
    i.TIM_TI1_ConfigInputStage               0x0800488c   Section        0  stm32f4xx_hal_tim.o(i.TIM_TI1_ConfigInputStage)
    TIM_TI1_ConfigInputStage                 0x0800488d   Thumb Code    42  stm32f4xx_hal_tim.o(i.TIM_TI1_ConfigInputStage)
    i.TIM_TI2_ConfigInputStage               0x080048b6   Section        0  stm32f4xx_hal_tim.o(i.TIM_TI2_ConfigInputStage)
    TIM_TI2_ConfigInputStage                 0x080048b7   Thumb Code    44  stm32f4xx_hal_tim.o(i.TIM_TI2_ConfigInputStage)
    i.Timer_interrupt                        0x080048e4   Section        0  timer.o(i.Timer_interrupt)
    i.UART4_IRQHandler                       0x080049a8   Section        0  stm32f4xx_it.o(i.UART4_IRQHandler)
    i.UART_DMAAbortOnError                   0x080049b8   Section        0  stm32f4xx_hal_uart.o(i.UART_DMAAbortOnError)
    UART_DMAAbortOnError                     0x080049b9   Thumb Code    20  stm32f4xx_hal_uart.o(i.UART_DMAAbortOnError)
    i.UART_EndRxTransfer                     0x080049cc   Section        0  stm32f4xx_hal_uart.o(i.UART_EndRxTransfer)
    UART_EndRxTransfer                       0x080049cd   Thumb Code    32  stm32f4xx_hal_uart.o(i.UART_EndRxTransfer)
    i.UART_EndTransmit_IT                    0x080049ec   Section        0  stm32f4xx_hal_uart.o(i.UART_EndTransmit_IT)
    UART_EndTransmit_IT                      0x080049ed   Thumb Code    32  stm32f4xx_hal_uart.o(i.UART_EndTransmit_IT)
    i.UART_Receive_IT                        0x08004a0c   Section        0  stm32f4xx_hal_uart.o(i.UART_Receive_IT)
    UART_Receive_IT                          0x08004a0d   Thumb Code   154  stm32f4xx_hal_uart.o(i.UART_Receive_IT)
    i.UART_SetConfig                         0x08004aa8   Section        0  stm32f4xx_hal_uart.o(i.UART_SetConfig)
    UART_SetConfig                           0x08004aa9   Thumb Code   864  stm32f4xx_hal_uart.o(i.UART_SetConfig)
    i.UART_Transmit_IT                       0x08004e10   Section        0  stm32f4xx_hal_uart.o(i.UART_Transmit_IT)
    UART_Transmit_IT                         0x08004e11   Thumb Code   104  stm32f4xx_hal_uart.o(i.UART_Transmit_IT)
    i.UART_WaitOnFlagUntilTimeout            0x08004e78   Section        0  stm32f4xx_hal_uart.o(i.UART_WaitOnFlagUntilTimeout)
    UART_WaitOnFlagUntilTimeout              0x08004e79   Thumb Code   108  stm32f4xx_hal_uart.o(i.UART_WaitOnFlagUntilTimeout)
    i.USART2_IRQHandler                      0x08004ee4   Section        0  stm32f4xx_it.o(i.USART2_IRQHandler)
    i.USART6_IRQHandler                      0x08004ef4   Section        0  stm32f4xx_it.o(i.USART6_IRQHandler)
    i.Underpan_motor_output                  0x08004f04   Section        0  can_my.o(i.Underpan_motor_output)
    i.UsageFault_Handler                     0x08004f5c   Section        0  stm32f4xx_it.o(i.UsageFault_Handler)
    i._Error_Handler                         0x08004f60   Section        0  main.o(i._Error_Handler)
    i.__ARM_fpclassify                       0x08004f64   Section        0  fpclassify.o(i.__ARM_fpclassify)
    i.__hardfp_atan                          0x08004f98   Section        0  atan.o(i.__hardfp_atan)
    i.__kernel_poly                          0x08005270   Section        0  poly.o(i.__kernel_poly)
    i.__mathlib_dbl_infnan                   0x08005368   Section        0  dunder.o(i.__mathlib_dbl_infnan)
    i.__mathlib_dbl_underflow                0x08005380   Section        0  dunder.o(i.__mathlib_dbl_underflow)
    i.__scatterload_copy                     0x080053a0   Section       14  handlers.o(i.__scatterload_copy)
    i.__scatterload_null                     0x080053ae   Section        2  handlers.o(i.__scatterload_null)
    i.__scatterload_zeroinit                 0x080053b0   Section       14  handlers.o(i.__scatterload_zeroinit)
    i.debug_init                             0x080053c0   Section        0  debug_1.o(i.debug_init)
    i.delay_ms                               0x080053d8   Section        0  delay.o(i.delay_ms)
    i.delay_us                               0x080053f0   Section        0  delay.o(i.delay_us)
    i.fabs                                   0x08005438   Section        0  fabs.o(i.fabs)
    i.flash_read                             0x08005450   Section        0  my_flash_1.o(i.flash_read)
    i.flash_read_word                        0x08005470   Section        0  my_flash_1.o(i.flash_read_word)
    i.flash_write                            0x08005478   Section        0  my_flash_1.o(i.flash_write)
    i.main                                   0x08005500   Section        0  main.o(i.main)
    i.sendware                               0x08005588   Section        0  usart_my.o(i.sendware)
    .constdata                               0x080055d4   Section       16  main.o(.constdata)
    .constdata                               0x080055e4   Section       24  system_stm32f4xx.o(.constdata)
    .constdata                               0x080055fc   Section        8  stm32f4xx_hal_dma.o(.constdata)
    flagBitshiftOffset                       0x080055fc   Data           8  stm32f4xx_hal_dma.o(.constdata)
    .constdata                               0x08005608   Section      152  atan.o(.constdata)
    atanhi                                   0x08005608   Data          32  atan.o(.constdata)
    atanlo                                   0x08005628   Data          32  atan.o(.constdata)
    aTodd                                    0x08005648   Data          40  atan.o(.constdata)
    aTeven                                   0x08005670   Data          48  atan.o(.constdata)
    .data                                    0x20000000   Section        8  stm32f4xx_it.o(.data)
    aData                                    0x20000000   Data           8  stm32f4xx_it.o(.data)
    .data                                    0x20000008   Section        4  system_stm32f4xx.o(.data)
    .data                                    0x2000000c   Section       20  can_my.o(.data)
    aData                                    0x2000000c   Data           8  can_my.o(.data)
    .data                                    0x20000020   Section       27  control.o(.data)
    .data                                    0x2000003c   Section       10  timer.o(.data)
    aData                                    0x2000003c   Data           8  timer.o(.data)
    .data                                    0x20000048   Section       28  usart_my.o(.data)
    .data                                    0x20000064   Section        1  delay.o(.data)
    fac_us                                   0x20000064   Data           1  delay.o(.data)
    .data                                    0x20000068   Section        9  stm32f4xx_hal.o(.data)
    .bss                                     0x20000074   Section       40  can.o(.bss)
    .bss                                     0x2000009c   Section      180  tim.o(.bss)
    .bss                                     0x20000150   Section      352  usart.o(.bss)
    .bss                                     0x200002b0   Section       52  can_my.o(.bss)
    .bss                                     0x200002e4   Section      360  control.o(.bss)
    .bss                                     0x2000044c   Section      416  pid.o(.bss)
    .bss                                     0x200005ec   Section       16  timer.o(.bss)
    .bss                                     0x200005fc   Section       30  usart_my.o(.bss)
    .bss                                     0x2000061c   Section      124  mpu6050.o(.bss)
    .bss                                     0x20000698   Section       32  stm32f4xx_hal_flash.o(.bss)
    STACK                                    0x200006b8   Section     1024  startup_stm32f427xx.o(STACK)

    Global Symbols

    Symbol Name                              Value     Ov Type        Size  Object(Section)

    BuildAttributes$$THM_ISAv4$E$P$D$K$B$S$7EM$VFPi3$EXTD16$VFPS$VFMA$PE$A:L22UL41UL21$X:L11$S22US41US21$IEEE1$IW$USESV6$~STKCKD$USESV7$~SHL$OTIME$ROPI$IEEEX$EBA8$MICROLIB$REQ8$PRES8$EABIv2 0x00000000   Number         0  anon$$obj.o ABSOLUTE
    __ARM_use_no_argv                        0x00000000   Number         0  main.o ABSOLUTE
    __cpp_initialize__aeabi_                  - Undefined Weak Reference
    __cxa_finalize                            - Undefined Weak Reference
    __decompress                              - Undefined Weak Reference
    _clock_init                               - Undefined Weak Reference
    _microlib_exit                            - Undefined Weak Reference
    __Vectors_Size                           0x000001ac   Number         0  startup_stm32f427xx.o ABSOLUTE
    __Vectors                                0x08000000   Data           4  startup_stm32f427xx.o(RESET)
    __Vectors_End                            0x080001ac   Data           0  startup_stm32f427xx.o(RESET)
    __main                                   0x080001ad   Thumb Code     0  entry.o(.ARM.Collect$$$$00000000)
    _main_stk                                0x080001ad   Thumb Code     0  entry2.o(.ARM.Collect$$$$00000001)
    _main_scatterload                        0x080001b1   Thumb Code     0  entry5.o(.ARM.Collect$$$$00000004)
    __main_after_scatterload                 0x080001b5   Thumb Code     0  entry5.o(.ARM.Collect$$$$00000004)
    _main_clock                              0x080001b5   Thumb Code     0  entry7b.o(.ARM.Collect$$$$00000008)
    _main_cpp_init                           0x080001b5   Thumb Code     0  entry8b.o(.ARM.Collect$$$$0000000A)
    _main_init                               0x080001b5   Thumb Code     0  entry9a.o(.ARM.Collect$$$$0000000B)
    __rt_final_cpp                           0x080001bd   Thumb Code     0  entry10a.o(.ARM.Collect$$$$0000000D)
    __rt_final_exit                          0x080001bd   Thumb Code     0  entry11a.o(.ARM.Collect$$$$0000000F)
    Reset_Handler                            0x080001c1   Thumb Code     8  startup_stm32f427xx.o(.text)
    ADC_IRQHandler                           0x080001db   Thumb Code     0  startup_stm32f427xx.o(.text)
    CAN1_RX1_IRQHandler                      0x080001db   Thumb Code     0  startup_stm32f427xx.o(.text)
    CAN1_SCE_IRQHandler                      0x080001db   Thumb Code     0  startup_stm32f427xx.o(.text)
    CAN2_RX0_IRQHandler                      0x080001db   Thumb Code     0  startup_stm32f427xx.o(.text)
    CAN2_RX1_IRQHandler                      0x080001db   Thumb Code     0  startup_stm32f427xx.o(.text)
    CAN2_SCE_IRQHandler                      0x080001db   Thumb Code     0  startup_stm32f427xx.o(.text)
    CAN2_TX_IRQHandler                       0x080001db   Thumb Code     0  startup_stm32f427xx.o(.text)
    DCMI_IRQHandler                          0x080001db   Thumb Code     0  startup_stm32f427xx.o(.text)
    DMA1_Stream0_IRQHandler                  0x080001db   Thumb Code     0  startup_stm32f427xx.o(.text)
    DMA1_Stream1_IRQHandler                  0x080001db   Thumb Code     0  startup_stm32f427xx.o(.text)
    DMA1_Stream2_IRQHandler                  0x080001db   Thumb Code     0  startup_stm32f427xx.o(.text)
    DMA1_Stream3_IRQHandler                  0x080001db   Thumb Code     0  startup_stm32f427xx.o(.text)
    DMA1_Stream4_IRQHandler                  0x080001db   Thumb Code     0  startup_stm32f427xx.o(.text)
    DMA1_Stream5_IRQHandler                  0x080001db   Thumb Code     0  startup_stm32f427xx.o(.text)
    DMA1_Stream6_IRQHandler                  0x080001db   Thumb Code     0  startup_stm32f427xx.o(.text)
    DMA1_Stream7_IRQHandler                  0x080001db   Thumb Code     0  startup_stm32f427xx.o(.text)
    DMA2D_IRQHandler                         0x080001db   Thumb Code     0  startup_stm32f427xx.o(.text)
    DMA2_Stream0_IRQHandler                  0x080001db   Thumb Code     0  startup_stm32f427xx.o(.text)
    DMA2_Stream1_IRQHandler                  0x080001db   Thumb Code     0  startup_stm32f427xx.o(.text)
    DMA2_Stream3_IRQHandler                  0x080001db   Thumb Code     0  startup_stm32f427xx.o(.text)
    DMA2_Stream4_IRQHandler                  0x080001db   Thumb Code     0  startup_stm32f427xx.o(.text)
    DMA2_Stream5_IRQHandler                  0x080001db   Thumb Code     0  startup_stm32f427xx.o(.text)
    DMA2_Stream6_IRQHandler                  0x080001db   Thumb Code     0  startup_stm32f427xx.o(.text)
    DMA2_Stream7_IRQHandler                  0x080001db   Thumb Code     0  startup_stm32f427xx.o(.text)
    ETH_IRQHandler                           0x080001db   Thumb Code     0  startup_stm32f427xx.o(.text)
    ETH_WKUP_IRQHandler                      0x080001db   Thumb Code     0  startup_stm32f427xx.o(.text)
    EXTI0_IRQHandler                         0x080001db   Thumb Code     0  startup_stm32f427xx.o(.text)
    EXTI15_10_IRQHandler                     0x080001db   Thumb Code     0  startup_stm32f427xx.o(.text)
    EXTI1_IRQHandler                         0x080001db   Thumb Code     0  startup_stm32f427xx.o(.text)
    EXTI2_IRQHandler                         0x080001db   Thumb Code     0  startup_stm32f427xx.o(.text)
    EXTI3_IRQHandler                         0x080001db   Thumb Code     0  startup_stm32f427xx.o(.text)
    EXTI4_IRQHandler                         0x080001db   Thumb Code     0  startup_stm32f427xx.o(.text)
    EXTI9_5_IRQHandler                       0x080001db   Thumb Code     0  startup_stm32f427xx.o(.text)
    FLASH_IRQHandler                         0x080001db   Thumb Code     0  startup_stm32f427xx.o(.text)
    FMC_IRQHandler                           0x080001db   Thumb Code     0  startup_stm32f427xx.o(.text)
    FPU_IRQHandler                           0x080001db   Thumb Code     0  startup_stm32f427xx.o(.text)
    HASH_RNG_IRQHandler                      0x080001db   Thumb Code     0  startup_stm32f427xx.o(.text)
    I2C1_ER_IRQHandler                       0x080001db   Thumb Code     0  startup_stm32f427xx.o(.text)
    I2C1_EV_IRQHandler                       0x080001db   Thumb Code     0  startup_stm32f427xx.o(.text)
    I2C2_ER_IRQHandler                       0x080001db   Thumb Code     0  startup_stm32f427xx.o(.text)
    I2C2_EV_IRQHandler                       0x080001db   Thumb Code     0  startup_stm32f427xx.o(.text)
    I2C3_ER_IRQHandler                       0x080001db   Thumb Code     0  startup_stm32f427xx.o(.text)
    I2C3_EV_IRQHandler                       0x080001db   Thumb Code     0  startup_stm32f427xx.o(.text)
    OTG_FS_IRQHandler                        0x080001db   Thumb Code     0  startup_stm32f427xx.o(.text)
    OTG_FS_WKUP_IRQHandler                   0x080001db   Thumb Code     0  startup_stm32f427xx.o(.text)
    OTG_HS_EP1_IN_IRQHandler                 0x080001db   Thumb Code     0  startup_stm32f427xx.o(.text)
    OTG_HS_EP1_OUT_IRQHandler                0x080001db   Thumb Code     0  startup_stm32f427xx.o(.text)
    OTG_HS_IRQHandler                        0x080001db   Thumb Code     0  startup_stm32f427xx.o(.text)
    OTG_HS_WKUP_IRQHandler                   0x080001db   Thumb Code     0  startup_stm32f427xx.o(.text)
    PVD_IRQHandler                           0x080001db   Thumb Code     0  startup_stm32f427xx.o(.text)
    RCC_IRQHandler                           0x080001db   Thumb Code     0  startup_stm32f427xx.o(.text)
    RTC_Alarm_IRQHandler                     0x080001db   Thumb Code     0  startup_stm32f427xx.o(.text)
    RTC_WKUP_IRQHandler                      0x080001db   Thumb Code     0  startup_stm32f427xx.o(.text)
    SAI1_IRQHandler                          0x080001db   Thumb Code     0  startup_stm32f427xx.o(.text)
    SDIO_IRQHandler                          0x080001db   Thumb Code     0  startup_stm32f427xx.o(.text)
    SPI1_IRQHandler                          0x080001db   Thumb Code     0  startup_stm32f427xx.o(.text)
    SPI2_IRQHandler                          0x080001db   Thumb Code     0  startup_stm32f427xx.o(.text)
    SPI3_IRQHandler                          0x080001db   Thumb Code     0  startup_stm32f427xx.o(.text)
    SPI4_IRQHandler                          0x080001db   Thumb Code     0  startup_stm32f427xx.o(.text)
    SPI5_IRQHandler                          0x080001db   Thumb Code     0  startup_stm32f427xx.o(.text)
    SPI6_IRQHandler                          0x080001db   Thumb Code     0  startup_stm32f427xx.o(.text)
    TAMP_STAMP_IRQHandler                    0x080001db   Thumb Code     0  startup_stm32f427xx.o(.text)
    TIM1_BRK_TIM9_IRQHandler                 0x080001db   Thumb Code     0  startup_stm32f427xx.o(.text)
    TIM1_CC_IRQHandler                       0x080001db   Thumb Code     0  startup_stm32f427xx.o(.text)
    TIM1_TRG_COM_TIM11_IRQHandler            0x080001db   Thumb Code     0  startup_stm32f427xx.o(.text)
    TIM1_UP_TIM10_IRQHandler                 0x080001db   Thumb Code     0  startup_stm32f427xx.o(.text)
    TIM2_IRQHandler                          0x080001db   Thumb Code     0  startup_stm32f427xx.o(.text)
    TIM3_IRQHandler                          0x080001db   Thumb Code     0  startup_stm32f427xx.o(.text)
    TIM4_IRQHandler                          0x080001db   Thumb Code     0  startup_stm32f427xx.o(.text)
    TIM5_IRQHandler                          0x080001db   Thumb Code     0  startup_stm32f427xx.o(.text)
    TIM7_IRQHandler                          0x080001db   Thumb Code     0  startup_stm32f427xx.o(.text)
    TIM8_BRK_TIM12_IRQHandler                0x080001db   Thumb Code     0  startup_stm32f427xx.o(.text)
    TIM8_CC_IRQHandler                       0x080001db   Thumb Code     0  startup_stm32f427xx.o(.text)
    TIM8_TRG_COM_TIM14_IRQHandler            0x080001db   Thumb Code     0  startup_stm32f427xx.o(.text)
    TIM8_UP_TIM13_IRQHandler                 0x080001db   Thumb Code     0  startup_stm32f427xx.o(.text)
    UART5_IRQHandler                         0x080001db   Thumb Code     0  startup_stm32f427xx.o(.text)
    UART7_IRQHandler                         0x080001db   Thumb Code     0  startup_stm32f427xx.o(.text)
    UART8_IRQHandler                         0x080001db   Thumb Code     0  startup_stm32f427xx.o(.text)
    USART1_IRQHandler                        0x080001db   Thumb Code     0  startup_stm32f427xx.o(.text)
    USART3_IRQHandler                        0x080001db   Thumb Code     0  startup_stm32f427xx.o(.text)
    WWDG_IRQHandler                          0x080001db   Thumb Code     0  startup_stm32f427xx.o(.text)
    __aeabi_uldivmod                         0x080001e5   Thumb Code    98  uldiv.o(.text)
    __aeabi_dadd                             0x08000247   Thumb Code   322  dadd.o(.text)
    __aeabi_dsub                             0x08000389   Thumb Code     6  dadd.o(.text)
    __aeabi_drsub                            0x0800038f   Thumb Code     6  dadd.o(.text)
    __aeabi_dmul                             0x08000395   Thumb Code   228  dmul.o(.text)
    __aeabi_ddiv                             0x08000479   Thumb Code   222  ddiv.o(.text)
    __aeabi_i2d                              0x08000557   Thumb Code    34  dflti.o(.text)
    __aeabi_d2iz                             0x08000579   Thumb Code    62  dfixi.o(.text)
    __aeabi_llsl                             0x080005b7   Thumb Code    30  llshl.o(.text)
    _ll_shift_l                              0x080005b7   Thumb Code     0  llshl.o(.text)
    __aeabi_llsr                             0x080005d5   Thumb Code    32  llushr.o(.text)
    _ll_ushift_r                             0x080005d5   Thumb Code     0  llushr.o(.text)
    __aeabi_lasr                             0x080005f5   Thumb Code    36  llsshr.o(.text)
    _ll_sshift_r                             0x080005f5   Thumb Code     0  llsshr.o(.text)
    __I$use$fp                               0x08000619   Thumb Code     0  iusefp.o(.text)
    _double_round                            0x08000619   Thumb Code    30  depilogue.o(.text)
    _double_epilogue                         0x08000637   Thumb Code   156  depilogue.o(.text)
    __scatterload                            0x080006d5   Thumb Code    28  init.o(.text)
    __scatterload_rt2                        0x080006d5   Thumb Code     0  init.o(.text)
    ALLPID_Init                              0x080006f9   Thumb Code   166  pid.o(i.ALLPID_Init)
    BusFault_Handler                         0x080007e9   Thumb Code     4  stm32f4xx_it.o(i.BusFault_Handler)
    CAN1_Init                                0x080007ed   Thumb Code    62  can_my.o(i.CAN1_Init)
    CAN1_RX0_IRQHandler                      0x08000831   Thumb Code    32  stm32f4xx_it.o(i.CAN1_RX0_IRQHandler)
    CAN1_TX_IRQHandler                       0x0800085d   Thumb Code    10  stm32f4xx_it.o(i.CAN1_TX_IRQHandler)
    CAN_Getdata                              0x0800086d   Thumb Code   396  can_my.o(i.CAN_Getdata)
    DMA2_Stream2_IRQHandler                  0x08000a05   Thumb Code    10  stm32f4xx_it.o(i.DMA2_Stream2_IRQHandler)
    DebugMon_Handler                         0x08000af3   Thumb Code     2  stm32f4xx_it.o(i.DebugMon_Handler)
    FLASH_Erase_Sector                       0x08000af5   Thumb Code    92  stm32f4xx_hal_flash_ex.o(i.FLASH_Erase_Sector)
    FLASH_FlushCaches                        0x08000b55   Thumb Code   114  stm32f4xx_hal_flash_ex.o(i.FLASH_FlushCaches)
    FLASH_WaitForLastOperation               0x08000d75   Thumb Code    90  stm32f4xx_hal_flash.o(i.FLASH_WaitForLastOperation)
    HAL_CAN_ActivateNotification             0x08000dd9   Thumb Code    44  stm32f4xx_hal_can.o(i.HAL_CAN_ActivateNotification)
    HAL_CAN_AddTxMessage                     0x08000e05   Thumb Code   298  stm32f4xx_hal_can.o(i.HAL_CAN_AddTxMessage)
    HAL_CAN_ConfigFilter                     0x08000f31   Thumb Code   288  stm32f4xx_hal_can.o(i.HAL_CAN_ConfigFilter)
    HAL_CAN_ErrorCallback                    0x08001055   Thumb Code     2  stm32f4xx_hal_can.o(i.HAL_CAN_ErrorCallback)
    HAL_CAN_GetRxMessage                     0x08001057   Thumb Code   392  stm32f4xx_hal_can.o(i.HAL_CAN_GetRxMessage)
    HAL_CAN_IRQHandler                       0x080011df   Thumb Code   590  stm32f4xx_hal_can.o(i.HAL_CAN_IRQHandler)
    HAL_CAN_Init                             0x0800142d   Thumb Code   374  stm32f4xx_hal_can.o(i.HAL_CAN_Init)
    HAL_CAN_MspInit                          0x080015a5   Thumb Code   110  can.o(i.HAL_CAN_MspInit)
    HAL_CAN_RxFifo0FullCallback              0x08001621   Thumb Code     2  stm32f4xx_hal_can.o(i.HAL_CAN_RxFifo0FullCallback)
    HAL_CAN_RxFifo0MsgPendingCallback        0x08001623   Thumb Code     2  stm32f4xx_hal_can.o(i.HAL_CAN_RxFifo0MsgPendingCallback)
    HAL_CAN_RxFifo1FullCallback              0x08001625   Thumb Code     2  stm32f4xx_hal_can.o(i.HAL_CAN_RxFifo1FullCallback)
    HAL_CAN_RxFifo1MsgPendingCallback        0x08001627   Thumb Code     2  stm32f4xx_hal_can.o(i.HAL_CAN_RxFifo1MsgPendingCallback)
    HAL_CAN_SleepCallback                    0x08001629   Thumb Code     2  stm32f4xx_hal_can.o(i.HAL_CAN_SleepCallback)
    HAL_CAN_Start                            0x0800162b   Thumb Code    96  stm32f4xx_hal_can.o(i.HAL_CAN_Start)
    HAL_CAN_TxMailbox0AbortCallback          0x0800168b   Thumb Code     2  stm32f4xx_hal_can.o(i.HAL_CAN_TxMailbox0AbortCallback)
    HAL_CAN_TxMailbox0CompleteCallback       0x0800168d   Thumb Code     2  stm32f4xx_hal_can.o(i.HAL_CAN_TxMailbox0CompleteCallback)
    HAL_CAN_TxMailbox1AbortCallback          0x0800168f   Thumb Code     2  stm32f4xx_hal_can.o(i.HAL_CAN_TxMailbox1AbortCallback)
    HAL_CAN_TxMailbox1CompleteCallback       0x08001691   Thumb Code     2  stm32f4xx_hal_can.o(i.HAL_CAN_TxMailbox1CompleteCallback)
    HAL_CAN_TxMailbox2AbortCallback          0x08001693   Thumb Code     2  stm32f4xx_hal_can.o(i.HAL_CAN_TxMailbox2AbortCallback)
    HAL_CAN_TxMailbox2CompleteCallback       0x08001695   Thumb Code     2  stm32f4xx_hal_can.o(i.HAL_CAN_TxMailbox2CompleteCallback)
    HAL_CAN_WakeUpFromRxMsgCallback          0x08001697   Thumb Code     2  stm32f4xx_hal_can.o(i.HAL_CAN_WakeUpFromRxMsgCallback)
    HAL_DMA_Abort_IT                         0x08001699   Thumb Code    40  stm32f4xx_hal_dma.o(i.HAL_DMA_Abort_IT)
    HAL_DMA_IRQHandler                       0x080016c1   Thumb Code   570  stm32f4xx_hal_dma.o(i.HAL_DMA_IRQHandler)
    HAL_DMA_Init                             0x08001901   Thumb Code   232  stm32f4xx_hal_dma.o(i.HAL_DMA_Init)
    HAL_Delay                                0x080019ed   Thumb Code    36  stm32f4xx_hal.o(i.HAL_Delay)
    HAL_FLASHEx_Erase                        0x08001a15   Thumb Code   166  stm32f4xx_hal_flash_ex.o(i.HAL_FLASHEx_Erase)
    HAL_FLASH_Lock                           0x08001ac5   Thumb Code    16  stm32f4xx_hal_flash.o(i.HAL_FLASH_Lock)
    HAL_FLASH_Program                        0x08001ad9   Thumb Code   142  stm32f4xx_hal_flash.o(i.HAL_FLASH_Program)
    HAL_FLASH_Unlock                         0x08001b71   Thumb Code    38  stm32f4xx_hal_flash.o(i.HAL_FLASH_Unlock)
    HAL_GPIO_Init                            0x08001ba5   Thumb Code   486  stm32f4xx_hal_gpio.o(i.HAL_GPIO_Init)
    HAL_GPIO_WritePin                        0x08001dc1   Thumb Code    12  stm32f4xx_hal_gpio.o(i.HAL_GPIO_WritePin)
    HAL_GetTick                              0x08001dcd   Thumb Code     6  stm32f4xx_hal.o(i.HAL_GetTick)
    HAL_IncTick                              0x08001dd9   Thumb Code    16  stm32f4xx_hal.o(i.HAL_IncTick)
    HAL_Init                                 0x08001df1   Thumb Code    54  stm32f4xx_hal.o(i.HAL_Init)
    HAL_InitTick                             0x08001e2d   Thumb Code    64  stm32f4xx_hal.o(i.HAL_InitTick)
    HAL_MspInit                              0x08001e79   Thumb Code   150  stm32f4xx_hal_msp.o(i.HAL_MspInit)
    HAL_MultiProcessor_Init                  0x08001f15   Thumb Code   154  stm32f4xx_hal_uart.o(i.HAL_MultiProcessor_Init)
    HAL_NVIC_EnableIRQ                       0x08001faf   Thumb Code    26  stm32f4xx_hal_cortex.o(i.HAL_NVIC_EnableIRQ)
    HAL_NVIC_SetPriority                     0x08001fc9   Thumb Code   124  stm32f4xx_hal_cortex.o(i.HAL_NVIC_SetPriority)
    HAL_NVIC_SetPriorityGrouping             0x08002045   Thumb Code    32  stm32f4xx_hal_cortex.o(i.HAL_NVIC_SetPriorityGrouping)
    HAL_PWREx_EnableOverDrive                0x0800206d   Thumb Code   128  stm32f4xx_hal_pwr_ex.o(i.HAL_PWREx_EnableOverDrive)
    HAL_RCC_ClockConfig                      0x080020f9   Thumb Code   366  stm32f4xx_hal_rcc.o(i.HAL_RCC_ClockConfig)
    HAL_RCC_GetHCLKFreq                      0x08002279   Thumb Code     6  stm32f4xx_hal_rcc.o(i.HAL_RCC_GetHCLKFreq)
    HAL_RCC_GetPCLK1Freq                     0x08002285   Thumb Code    22  stm32f4xx_hal_rcc.o(i.HAL_RCC_GetPCLK1Freq)
    HAL_RCC_GetPCLK2Freq                     0x080022a5   Thumb Code    22  stm32f4xx_hal_rcc.o(i.HAL_RCC_GetPCLK2Freq)
    HAL_RCC_GetSysClockFreq                  0x080022c5   Thumb Code   162  stm32f4xx_hal_rcc.o(i.HAL_RCC_GetSysClockFreq)
    HAL_RCC_OscConfig                        0x08002375   Thumb Code  1086  stm32f4xx_hal_rcc.o(i.HAL_RCC_OscConfig)
    HAL_SYSTICK_CLKSourceConfig              0x080027bd   Thumb Code    40  stm32f4xx_hal_cortex.o(i.HAL_SYSTICK_CLKSourceConfig)
    HAL_SYSTICK_Callback                     0x080027e5   Thumb Code     2  stm32f4xx_hal_cortex.o(i.HAL_SYSTICK_Callback)
    HAL_SYSTICK_Config                       0x080027e7   Thumb Code    52  stm32f4xx_hal_cortex.o(i.HAL_SYSTICK_Config)
    HAL_SYSTICK_IRQHandler                   0x0800281b   Thumb Code     8  stm32f4xx_hal_cortex.o(i.HAL_SYSTICK_IRQHandler)
    HAL_TIMEx_BreakCallback                  0x08002823   Thumb Code     2  stm32f4xx_hal_tim_ex.o(i.HAL_TIMEx_BreakCallback)
    HAL_TIMEx_CommutationCallback            0x08002825   Thumb Code     2  stm32f4xx_hal_tim_ex.o(i.HAL_TIMEx_CommutationCallback)
    HAL_TIMEx_MasterConfigSynchronization    0x08002827   Thumb Code    98  stm32f4xx_hal_tim_ex.o(i.HAL_TIMEx_MasterConfigSynchronization)
    HAL_TIM_Base_Init                        0x08002889   Thumb Code    52  stm32f4xx_hal_tim.o(i.HAL_TIM_Base_Init)
    HAL_TIM_Base_MspInit                     0x080028bd   Thumb Code   124  tim.o(i.HAL_TIM_Base_MspInit)
    HAL_TIM_ConfigClockSource                0x08002949   Thumb Code   306  stm32f4xx_hal_tim.o(i.HAL_TIM_ConfigClockSource)
    HAL_TIM_IC_CaptureCallback               0x08002a7b   Thumb Code     2  stm32f4xx_hal_tim.o(i.HAL_TIM_IC_CaptureCallback)
    HAL_TIM_IRQHandler                       0x08002a7d   Thumb Code   406  stm32f4xx_hal_tim.o(i.HAL_TIM_IRQHandler)
    HAL_TIM_MspPostInit                      0x08002c15   Thumb Code    82  tim.o(i.HAL_TIM_MspPostInit)
    HAL_TIM_OC_DelayElapsedCallback          0x08002c79   Thumb Code     2  stm32f4xx_hal_tim.o(i.HAL_TIM_OC_DelayElapsedCallback)
    HAL_TIM_PWM_ConfigChannel                0x08002c7b   Thumb Code   264  stm32f4xx_hal_tim.o(i.HAL_TIM_PWM_ConfigChannel)
    HAL_TIM_PWM_Init                         0x08002d83   Thumb Code    52  stm32f4xx_hal_tim.o(i.HAL_TIM_PWM_Init)
    HAL_TIM_PWM_MspInit                      0x08002db7   Thumb Code     2  stm32f4xx_hal_tim.o(i.HAL_TIM_PWM_MspInit)
    HAL_TIM_PWM_PulseFinishedCallback        0x08002db9   Thumb Code     2  stm32f4xx_hal_tim.o(i.HAL_TIM_PWM_PulseFinishedCallback)
    HAL_TIM_PeriodElapsedCallback            0x08002dbb   Thumb Code     2  stm32f4xx_hal_tim.o(i.HAL_TIM_PeriodElapsedCallback)
    HAL_TIM_TriggerCallback                  0x08002dbd   Thumb Code     2  stm32f4xx_hal_tim.o(i.HAL_TIM_TriggerCallback)
    HAL_UART_ErrorCallback                   0x08002dc1   Thumb Code    44  usart_my.o(i.HAL_UART_ErrorCallback)
    HAL_UART_IRQHandler                      0x08002df1   Thumb Code   326  stm32f4xx_hal_uart.o(i.HAL_UART_IRQHandler)
    HAL_UART_Init                            0x08002f3d   Thumb Code   114  stm32f4xx_hal_uart.o(i.HAL_UART_Init)
    HAL_UART_MspInit                         0x08002fb1   Thumb Code   426  usart.o(i.HAL_UART_MspInit)
    HAL_UART_RxCpltCallback                  0x08003195   Thumb Code  1184  usart_my.o(i.HAL_UART_RxCpltCallback)
    HAL_UART_Transmit                        0x0800363d   Thumb Code   214  stm32f4xx_hal_uart.o(i.HAL_UART_Transmit)
    HAL_UART_TxCpltCallback                  0x08003713   Thumb Code     2  stm32f4xx_hal_uart.o(i.HAL_UART_TxCpltCallback)
    HardFault_Handler                        0x08003715   Thumb Code     4  stm32f4xx_it.o(i.HardFault_Handler)
    IIC_Ack                                  0x08003719   Thumb Code    66  myiic.o(i.IIC_Ack)
    IIC_Init                                 0x08003769   Thumb Code    14  myiic.o(i.IIC_Init)
    IIC_NAck                                 0x08003781   Thumb Code    66  myiic.o(i.IIC_NAck)
    IIC_Read_Byte                            0x080037d1   Thumb Code    94  myiic.o(i.IIC_Read_Byte)
    IIC_Send_Byte                            0x0800383d   Thumb Code    90  myiic.o(i.IIC_Send_Byte)
    IIC_Start                                0x080038a5   Thumb Code    64  myiic.o(i.IIC_Start)
    IIC_Stop                                 0x080038f1   Thumb Code    62  myiic.o(i.IIC_Stop)
    IIC_Wait_Ack                             0x0800393d   Thumb Code    82  myiic.o(i.IIC_Wait_Ack)
    MPU6050_GetData                          0x0800399d   Thumb Code   162  mpu6050.o(i.MPU6050_GetData)
    MPU6050_GyroOffest                       0x08003a49   Thumb Code   120  mpu6050.o(i.MPU6050_GyroOffest)
    MPU6050_Init                             0x08003ac5   Thumb Code   126  mpu6050.o(i.MPU6050_Init)
    MPU_Get_Accelerometer                    0x08003b43   Thumb Code    80  mpu6050.o(i.MPU_Get_Accelerometer)
    MPU_Get_Gyroscope                        0x08003b93   Thumb Code    80  mpu6050.o(i.MPU_Get_Gyroscope)
    MPU_Read_Byte                            0x08003be3   Thumb Code    58  mpu6050.o(i.MPU_Read_Byte)
    MPU_Read_Len                             0x08003c1d   Thumb Code   116  mpu6050.o(i.MPU_Read_Len)
    MPU_Set_Accel_Fsr                        0x08003c91   Thumb Code    16  mpu6050.o(i.MPU_Set_Accel_Fsr)
    MPU_Set_Gyro_Fsr                         0x08003ca1   Thumb Code    16  mpu6050.o(i.MPU_Set_Gyro_Fsr)
    MPU_Set_LPF                              0x08003cb1   Thumb Code    64  mpu6050.o(i.MPU_Set_LPF)
    MPU_Set_Rate                             0x08003cf1   Thumb Code    58  mpu6050.o(i.MPU_Set_Rate)
    MPU_Write_Byte                           0x08003d2b   Thumb Code    68  mpu6050.o(i.MPU_Write_Byte)
    MX_CAN1_Init                             0x08003d71   Thumb Code    64  can.o(i.MX_CAN1_Init)
    MX_DMA_Init                              0x08003dc9   Thumb Code    36  dma.o(i.MX_DMA_Init)
    MX_GPIO_Init                             0x08003df1   Thumb Code   356  gpio.o(i.MX_GPIO_Init)
    MX_TIM12_Init                            0x08003f9d   Thumb Code   150  tim.o(i.MX_TIM12_Init)
    MX_TIM4_Init                             0x0800404d   Thumb Code   154  tim.o(i.MX_TIM4_Init)
    MX_TIM6_Init                             0x08004101   Thumb Code    64  tim.o(i.MX_TIM6_Init)
    MX_UART4_Init                            0x08004159   Thumb Code    50  usart.o(i.MX_UART4_Init)
    MX_USART1_UART_Init                      0x080041a5   Thumb Code    52  usart.o(i.MX_USART1_UART_Init)
    MX_USART2_UART_Init                      0x080041f5   Thumb Code    54  usart.o(i.MX_USART2_UART_Init)
    MX_USART6_UART_Init                      0x08004245   Thumb Code    54  usart.o(i.MX_USART6_UART_Init)
    MemManage_Handler                        0x08004295   Thumb Code     4  stm32f4xx_it.o(i.MemManage_Handler)
    NMI_Handler                              0x08004299   Thumb Code     2  stm32f4xx_it.o(i.NMI_Handler)
    PID_Calc                                 0x080042d5   Thumb Code   330  pid.o(i.PID_Calc)
    PID_Init                                 0x08004421   Thumb Code    34  pid.o(i.PID_Init)
    PendSV_Handler                           0x08004449   Thumb Code     2  stm32f4xx_it.o(i.PendSV_Handler)
    SVC_Handler                              0x0800444b   Thumb Code     2  stm32f4xx_it.o(i.SVC_Handler)
    SysTick_Handler                          0x0800444d   Thumb Code    12  stm32f4xx_it.o(i.SysTick_Handler)
    SystemClock_Config                       0x08004459   Thumb Code   210  main.o(i.SystemClock_Config)
    SystemInit                               0x08004545   Thumb Code    82  system_stm32f4xx.o(i.SystemInit)
    TIM6_DAC_IRQHandler                      0x080045a9   Thumb Code    14  stm32f4xx_it.o(i.TIM6_DAC_IRQHandler)
    TIM_Base_SetConfig                       0x080045bd   Thumb Code   184  stm32f4xx_hal_tim.o(i.TIM_Base_SetConfig)
    TIM_OC2_SetConfig                        0x0800473d   Thumb Code   112  stm32f4xx_hal_tim.o(i.TIM_OC2_SetConfig)
    Timer_interrupt                          0x080048e5   Thumb Code   170  timer.o(i.Timer_interrupt)
    UART4_IRQHandler                         0x080049a9   Thumb Code    10  stm32f4xx_it.o(i.UART4_IRQHandler)
    USART2_IRQHandler                        0x08004ee5   Thumb Code    10  stm32f4xx_it.o(i.USART2_IRQHandler)
    USART6_IRQHandler                        0x08004ef5   Thumb Code    10  stm32f4xx_it.o(i.USART6_IRQHandler)
    Underpan_motor_output                    0x08004f05   Thumb Code    72  can_my.o(i.Underpan_motor_output)
    UsageFault_Handler                       0x08004f5d   Thumb Code     4  stm32f4xx_it.o(i.UsageFault_Handler)
    _Error_Handler                           0x08004f61   Thumb Code     4  main.o(i._Error_Handler)
    __ARM_fpclassify                         0x08004f65   Thumb Code    48  fpclassify.o(i.__ARM_fpclassify)
    __hardfp_atan                            0x08004f99   Thumb Code   622  atan.o(i.__hardfp_atan)
    __kernel_poly                            0x08005271   Thumb Code   248  poly.o(i.__kernel_poly)
    __mathlib_dbl_infnan                     0x08005369   Thumb Code    20  dunder.o(i.__mathlib_dbl_infnan)
    __mathlib_dbl_underflow                  0x08005381   Thumb Code    24  dunder.o(i.__mathlib_dbl_underflow)
    __scatterload_copy                       0x080053a1   Thumb Code    14  handlers.o(i.__scatterload_copy)
    __scatterload_null                       0x080053af   Thumb Code     2  handlers.o(i.__scatterload_null)
    __scatterload_zeroinit                   0x080053b1   Thumb Code    14  handlers.o(i.__scatterload_zeroinit)
    debug_init                               0x080053c1   Thumb Code    14  debug_1.o(i.debug_init)
    delay_ms                                 0x080053d9   Thumb Code    24  delay.o(i.delay_ms)
    delay_us                                 0x080053f1   Thumb Code    68  delay.o(i.delay_us)
    fabs                                     0x08005439   Thumb Code    24  fabs.o(i.fabs)
    flash_read                               0x08005451   Thumb Code    32  my_flash_1.o(i.flash_read)
    flash_read_word                          0x08005471   Thumb Code     6  my_flash_1.o(i.flash_read_word)
    flash_write                              0x08005479   Thumb Code   130  my_flash_1.o(i.flash_write)
    main                                     0x08005501   Thumb Code   126  main.o(i.main)
    sendware                                 0x08005589   Thumb Code    62  usart_my.o(i.sendware)
    AHBPrescTable                            0x080055e4   Data          16  system_stm32f4xx.o(.constdata)
    APBPrescTable                            0x080055f4   Data           8  system_stm32f4xx.o(.constdata)
    Region$$Table$$Base                      0x080056a0   Number         0  anon$$obj.o(Region$$Table)
    Region$$Table$$Limit                     0x080056c0   Number         0  anon$$obj.o(Region$$Table)
    SystemCoreClock                          0x20000008   Data           4  system_stm32f4xx.o(.data)
    TxData                                   0x20000014   Data           8  can_my.o(.data)
    pTxMailbox                               0x2000001c   Data           4  can_my.o(.data)
    underpan_P                               0x20000020   Data           4  control.o(.data)
    underpan_I                               0x20000024   Data           4  control.o(.data)
    IOUT_P                                   0x20000028   Data           4  control.o(.data)
    IOUT_I                                   0x2000002c   Data           4  control.o(.data)
    track_length                             0x20000030   Data           4  control.o(.data)
    pitch                                    0x20000034   Data           2  control.o(.data)
    yaw                                      0x20000036   Data           2  control.o(.data)
    judge                                    0x20000038   Data           3  control.o(.data)
    Timetick1ms                              0x20000044   Data           2  timer.o(.data)
    cheat_ready                              0x20000048   Data           1  usart_my.o(.data)
    a                                        0x20000049   Data           1  usart_my.o(.data)
    angle                                    0x20000050   Data           8  usart_my.o(.data)
    RX_PID_Count                             0x20000058   Data           1  usart_my.o(.data)
    RX_PID_Sum                               0x20000059   Data           1  usart_my.o(.data)
    pidReadBuf                               0x2000005a   Data           1  usart_my.o(.data)
    charBuf                                  0x2000005b   Data           4  usart_my.o(.data)
    pidAdjust                                0x20000060   Data           4  usart_my.o(.data)
    uwTick                                   0x20000068   Data           4  stm32f4xx_hal.o(.data)
    uwTickPrio                               0x2000006c   Data           4  stm32f4xx_hal.o(.data)
    uwTickFreq                               0x20000070   Data           1  stm32f4xx_hal.o(.data)
    hcan1                                    0x20000074   Data          40  can.o(.bss)
    htim4                                    0x2000009c   Data          60  tim.o(.bss)
    htim6                                    0x200000d8   Data          60  tim.o(.bss)
    htim12                                   0x20000114   Data          60  tim.o(.bss)
    huart4                                   0x20000150   Data          64  usart.o(.bss)
    huart1                                   0x20000190   Data          64  usart.o(.bss)
    huart2                                   0x200001d0   Data          64  usart.o(.bss)
    huart6                                   0x20000210   Data          64  usart.o(.bss)
    hdma_usart1_rx                           0x20000250   Data          96  usart.o(.bss)
    Tx1Message                               0x200002b0   Data          24  can_my.o(.bss)
    Rx1Message                               0x200002c8   Data          28  can_my.o(.bss)
    teledata_rx                              0x200002e4   Data          18  control.o(.bss)
    tele_data                                0x200002f6   Data          22  control.o(.bss)
    underpan_para                            0x2000030c   Data         208  control.o(.bss)
    cloud_pitch                              0x200003dc   Data          14  control.o(.bss)
    cloud_yaw                                0x200003ea   Data          14  control.o(.bss)
    dan_42                                   0x200003f8   Data          14  control.o(.bss)
    dan_17                                   0x20000406   Data          14  control.o(.bss)
    dan_42_ver                               0x20000414   Data          14  control.o(.bss)
    camera                                   0x20000422   Data          14  control.o(.bss)
    rxPID                                    0x20000430   Data          28  control.o(.bss)
    cloud_pitch_speed_pid                    0x2000044c   Data          52  pid.o(.bss)
    cloud_pitch_position_pid                 0x20000480   Data          52  pid.o(.bss)
    cloud_yaw_speed_pid                      0x200004b4   Data          52  pid.o(.bss)
    cloud_yaw_position_pid                   0x200004e8   Data          52  pid.o(.bss)
    underpan_motor                           0x2000051c   Data         208  pid.o(.bss)
    output                                   0x200005ec   Data          16  timer.o(.bss)
    RX_PID_Buf                               0x200005fc   Data          20  usart_my.o(.bss)
    data                                     0x20000610   Data          10  usart_my.o(.bss)
    mpu6050                                  0x2000061c   Data         124  mpu6050.o(.bss)
    pFlash                                   0x20000698   Data          32  stm32f4xx_hal_flash.o(.bss)
    __initial_sp                             0x20000ab8   Data           0  startup_stm32f427xx.o(STACK)



==============================================================================

Memory Map of the image

  Image Entry point : 0x080001ad

  Load Region LR_IROM1 (Base: 0x08000000, Size: 0x00005734, Max: 0x00200000, ABSOLUTE)

    Execution Region ER_IROM1 (Base: 0x08000000, Size: 0x000056c0, Max: 0x00200000, ABSOLUTE)

    Base Addr    Size         Type   Attr      Idx    E Section Name        Object

    0x08000000   0x000001ac   Data   RO            3    RESET               startup_stm32f427xx.o
    0x080001ac   0x00000000   Code   RO         3736  * .ARM.Collect$$$$00000000  mc_w.l(entry.o)
    0x080001ac   0x00000004   Code   RO         3777    .ARM.Collect$$$$00000001  mc_w.l(entry2.o)
    0x080001b0   0x00000004   Code   RO         3780    .ARM.Collect$$$$00000004  mc_w.l(entry5.o)
    0x080001b4   0x00000000   Code   RO         3782    .ARM.Collect$$$$00000008  mc_w.l(entry7b.o)
    0x080001b4   0x00000000   Code   RO         3784    .ARM.Collect$$$$0000000A  mc_w.l(entry8b.o)
    0x080001b4   0x00000008   Code   RO         3785    .ARM.Collect$$$$0000000B  mc_w.l(entry9a.o)
    0x080001bc   0x00000000   Code   RO         3787    .ARM.Collect$$$$0000000D  mc_w.l(entry10a.o)
    0x080001bc   0x00000000   Code   RO         3789    .ARM.Collect$$$$0000000F  mc_w.l(entry11a.o)
    0x080001bc   0x00000004   Code   RO         3778    .ARM.Collect$$$$00002712  mc_w.l(entry2.o)
    0x080001c0   0x00000024   Code   RO            4    .text               startup_stm32f427xx.o
    0x080001e4   0x00000062   Code   RO         3739    .text               mc_w.l(uldiv.o)
    0x08000246   0x0000014e   Code   RO         3741    .text               mf_w.l(dadd.o)
    0x08000394   0x000000e4   Code   RO         3743    .text               mf_w.l(dmul.o)
    0x08000478   0x000000de   Code   RO         3745    .text               mf_w.l(ddiv.o)
    0x08000556   0x00000022   Code   RO         3747    .text               mf_w.l(dflti.o)
    0x08000578   0x0000003e   Code   RO         3749    .text               mf_w.l(dfixi.o)
    0x080005b6   0x0000001e   Code   RO         3791    .text               mc_w.l(llshl.o)
    0x080005d4   0x00000020   Code   RO         3793    .text               mc_w.l(llushr.o)
    0x080005f4   0x00000024   Code   RO         3795    .text               mc_w.l(llsshr.o)
    0x08000618   0x00000000   Code   RO         3797    .text               mc_w.l(iusefp.o)
    0x08000618   0x000000ba   Code   RO         3800    .text               mf_w.l(depilogue.o)
    0x080006d2   0x00000002   PAD
    0x080006d4   0x00000024   Code   RO         3804    .text               mc_w.l(init.o)
    0x080006f8   0x000000f0   Code   RO          751    i.ALLPID_Init       pid.o
    0x080007e8   0x00000004   Code   RO          405    i.BusFault_Handler  stm32f4xx_it.o
    0x080007ec   0x00000044   Code   RO          664    i.CAN1_Init         can_my.o
    0x08000830   0x0000002c   Code   RO          406    i.CAN1_RX0_IRQHandler  stm32f4xx_it.o
    0x0800085c   0x00000010   Code   RO          407    i.CAN1_TX_IRQHandler  stm32f4xx_it.o
    0x0800086c   0x00000198   Code   RO          665    i.CAN_Getdata       can_my.o
    0x08000a04   0x00000010   Code   RO          408    i.DMA2_Stream2_IRQHandler  stm32f4xx_it.o
    0x08000a14   0x00000034   Code   RO         3104    i.DMA_CalcBaseAndBitshift  stm32f4xx_hal_dma.o
    0x08000a48   0x000000aa   Code   RO         3105    i.DMA_CheckFifoParam  stm32f4xx_hal_dma.o
    0x08000af2   0x00000002   Code   RO          409    i.DebugMon_Handler  stm32f4xx_it.o
    0x08000af4   0x00000060   Code   RO         2829    i.FLASH_Erase_Sector  stm32f4xx_hal_flash_ex.o
    0x08000b54   0x00000078   Code   RO         2830    i.FLASH_FlushCaches  stm32f4xx_hal_flash_ex.o
    0x08000bcc   0x00000054   Code   RO         2831    i.FLASH_MassErase   stm32f4xx_hal_flash_ex.o
    0x08000c20   0x00000024   Code   RO         2711    i.FLASH_Program_Byte  stm32f4xx_hal_flash.o
    0x08000c44   0x0000002c   Code   RO         2712    i.FLASH_Program_DoubleWord  stm32f4xx_hal_flash.o
    0x08000c70   0x00000028   Code   RO         2713    i.FLASH_Program_HalfWord  stm32f4xx_hal_flash.o
    0x08000c98   0x00000028   Code   RO         2714    i.FLASH_Program_Word  stm32f4xx_hal_flash.o
    0x08000cc0   0x000000b4   Code   RO         2715    i.FLASH_SetErrorCode  stm32f4xx_hal_flash.o
    0x08000d74   0x00000064   Code   RO         2716    i.FLASH_WaitForLastOperation  stm32f4xx_hal_flash.o
    0x08000dd8   0x0000002c   Code   RO         1099    i.HAL_CAN_ActivateNotification  stm32f4xx_hal_can.o
    0x08000e04   0x0000012a   Code   RO         1100    i.HAL_CAN_AddTxMessage  stm32f4xx_hal_can.o
    0x08000f2e   0x00000002   PAD
    0x08000f30   0x00000124   Code   RO         1101    i.HAL_CAN_ConfigFilter  stm32f4xx_hal_can.o
    0x08001054   0x00000002   Code   RO         1104    i.HAL_CAN_ErrorCallback  stm32f4xx_hal_can.o
    0x08001056   0x00000188   Code   RO         1107    i.HAL_CAN_GetRxMessage  stm32f4xx_hal_can.o
    0x080011de   0x0000024e   Code   RO         1111    i.HAL_CAN_IRQHandler  stm32f4xx_hal_can.o
    0x0800142c   0x00000176   Code   RO         1112    i.HAL_CAN_Init      stm32f4xx_hal_can.o
    0x080015a2   0x00000002   PAD
    0x080015a4   0x0000007c   Code   RO          220    i.HAL_CAN_MspInit   can.o
    0x08001620   0x00000002   Code   RO         1119    i.HAL_CAN_RxFifo0FullCallback  stm32f4xx_hal_can.o
    0x08001622   0x00000002   Code   RO         1120    i.HAL_CAN_RxFifo0MsgPendingCallback  stm32f4xx_hal_can.o
    0x08001624   0x00000002   Code   RO         1121    i.HAL_CAN_RxFifo1FullCallback  stm32f4xx_hal_can.o
    0x08001626   0x00000002   Code   RO         1122    i.HAL_CAN_RxFifo1MsgPendingCallback  stm32f4xx_hal_can.o
    0x08001628   0x00000002   Code   RO         1123    i.HAL_CAN_SleepCallback  stm32f4xx_hal_can.o
    0x0800162a   0x00000060   Code   RO         1124    i.HAL_CAN_Start     stm32f4xx_hal_can.o
    0x0800168a   0x00000002   Code   RO         1126    i.HAL_CAN_TxMailbox0AbortCallback  stm32f4xx_hal_can.o
    0x0800168c   0x00000002   Code   RO         1127    i.HAL_CAN_TxMailbox0CompleteCallback  stm32f4xx_hal_can.o
    0x0800168e   0x00000002   Code   RO         1128    i.HAL_CAN_TxMailbox1AbortCallback  stm32f4xx_hal_can.o
    0x08001690   0x00000002   Code   RO         1129    i.HAL_CAN_TxMailbox1CompleteCallback  stm32f4xx_hal_can.o
    0x08001692   0x00000002   Code   RO         1130    i.HAL_CAN_TxMailbox2AbortCallback  stm32f4xx_hal_can.o
    0x08001694   0x00000002   Code   RO         1131    i.HAL_CAN_TxMailbox2CompleteCallback  stm32f4xx_hal_can.o
    0x08001696   0x00000002   Code   RO         1133    i.HAL_CAN_WakeUpFromRxMsgCallback  stm32f4xx_hal_can.o
    0x08001698   0x00000028   Code   RO         3108    i.HAL_DMA_Abort_IT  stm32f4xx_hal_dma.o
    0x080016c0   0x00000240   Code   RO         3112    i.HAL_DMA_IRQHandler  stm32f4xx_hal_dma.o
    0x08001900   0x000000ec   Code   RO         3113    i.HAL_DMA_Init      stm32f4xx_hal_dma.o
    0x080019ec   0x00000028   Code   RO         3549    i.HAL_Delay         stm32f4xx_hal.o
    0x08001a14   0x000000b0   Code   RO         2846    i.HAL_FLASHEx_Erase  stm32f4xx_hal_flash_ex.o
    0x08001ac4   0x00000014   Code   RO         2720    i.HAL_FLASH_Lock    stm32f4xx_hal_flash.o
    0x08001ad8   0x00000098   Code   RO         2725    i.HAL_FLASH_Program  stm32f4xx_hal_flash.o
    0x08001b70   0x00000034   Code   RO         2727    i.HAL_FLASH_Unlock  stm32f4xx_hal_flash.o
    0x08001ba4   0x0000021c   Code   RO         3000    i.HAL_GPIO_Init     stm32f4xx_hal_gpio.o
    0x08001dc0   0x0000000c   Code   RO         3004    i.HAL_GPIO_WritePin  stm32f4xx_hal_gpio.o
    0x08001dcc   0x0000000c   Code   RO         3557    i.HAL_GetTick       stm32f4xx_hal.o
    0x08001dd8   0x00000018   Code   RO         3561    i.HAL_IncTick       stm32f4xx_hal.o
    0x08001df0   0x0000003c   Code   RO         3562    i.HAL_Init          stm32f4xx_hal.o
    0x08001e2c   0x0000004c   Code   RO         3563    i.HAL_InitTick      stm32f4xx_hal.o
    0x08001e78   0x0000009c   Code   RO          540    i.HAL_MspInit       stm32f4xx_hal_msp.o
    0x08001f14   0x0000009a   Code   RO         2219    i.HAL_MultiProcessor_Init  stm32f4xx_hal_uart.o
    0x08001fae   0x0000001a   Code   RO         3407    i.HAL_NVIC_EnableIRQ  stm32f4xx_hal_cortex.o
    0x08001fc8   0x0000007c   Code   RO         3413    i.HAL_NVIC_SetPriority  stm32f4xx_hal_cortex.o
    0x08002044   0x00000028   Code   RO         3414    i.HAL_NVIC_SetPriorityGrouping  stm32f4xx_hal_cortex.o
    0x0800206c   0x0000008c   Code   RO         3336    i.HAL_PWREx_EnableOverDrive  stm32f4xx_hal_pwr_ex.o
    0x080020f8   0x00000180   Code   RO         2544    i.HAL_RCC_ClockConfig  stm32f4xx_hal_rcc.o
    0x08002278   0x0000000c   Code   RO         2549    i.HAL_RCC_GetHCLKFreq  stm32f4xx_hal_rcc.o
    0x08002284   0x00000020   Code   RO         2551    i.HAL_RCC_GetPCLK1Freq  stm32f4xx_hal_rcc.o
    0x080022a4   0x00000020   Code   RO         2552    i.HAL_RCC_GetPCLK2Freq  stm32f4xx_hal_rcc.o
    0x080022c4   0x000000b0   Code   RO         2553    i.HAL_RCC_GetSysClockFreq  stm32f4xx_hal_rcc.o
    0x08002374   0x00000448   Code   RO         2556    i.HAL_RCC_OscConfig  stm32f4xx_hal_rcc.o
    0x080027bc   0x00000028   Code   RO         3416    i.HAL_SYSTICK_CLKSourceConfig  stm32f4xx_hal_cortex.o
    0x080027e4   0x00000002   Code   RO         3417    i.HAL_SYSTICK_Callback  stm32f4xx_hal_cortex.o
    0x080027e6   0x00000034   Code   RO         3418    i.HAL_SYSTICK_Config  stm32f4xx_hal_cortex.o
    0x0800281a   0x00000008   Code   RO         3419    i.HAL_SYSTICK_IRQHandler  stm32f4xx_hal_cortex.o
    0x08002822   0x00000002   Code   RO         1973    i.HAL_TIMEx_BreakCallback  stm32f4xx_hal_tim_ex.o
    0x08002824   0x00000002   Code   RO         1974    i.HAL_TIMEx_CommutationCallback  stm32f4xx_hal_tim_ex.o
    0x08002826   0x00000062   Code   RO         1990    i.HAL_TIMEx_MasterConfigSynchronization  stm32f4xx_hal_tim_ex.o
    0x08002888   0x00000034   Code   RO         1334    i.HAL_TIM_Base_Init  stm32f4xx_hal_tim.o
    0x080028bc   0x0000008c   Code   RO          286    i.HAL_TIM_Base_MspInit  tim.o
    0x08002948   0x00000132   Code   RO         1343    i.HAL_TIM_ConfigClockSource  stm32f4xx_hal_tim.o
    0x08002a7a   0x00000002   Code   RO         1363    i.HAL_TIM_IC_CaptureCallback  stm32f4xx_hal_tim.o
    0x08002a7c   0x00000196   Code   RO         1376    i.HAL_TIM_IRQHandler  stm32f4xx_hal_tim.o
    0x08002c12   0x00000002   PAD
    0x08002c14   0x00000064   Code   RO          287    i.HAL_TIM_MspPostInit  tim.o
    0x08002c78   0x00000002   Code   RO         1379    i.HAL_TIM_OC_DelayElapsedCallback  stm32f4xx_hal_tim.o
    0x08002c7a   0x00000108   Code   RO         1400    i.HAL_TIM_PWM_ConfigChannel  stm32f4xx_hal_tim.o
    0x08002d82   0x00000034   Code   RO         1403    i.HAL_TIM_PWM_Init  stm32f4xx_hal_tim.o
    0x08002db6   0x00000002   Code   RO         1405    i.HAL_TIM_PWM_MspInit  stm32f4xx_hal_tim.o
    0x08002db8   0x00000002   Code   RO         1406    i.HAL_TIM_PWM_PulseFinishedCallback  stm32f4xx_hal_tim.o
    0x08002dba   0x00000002   Code   RO         1413    i.HAL_TIM_PeriodElapsedCallback  stm32f4xx_hal_tim.o
    0x08002dbc   0x00000002   Code   RO         1417    i.HAL_TIM_TriggerCallback  stm32f4xx_hal_tim.o
    0x08002dbe   0x00000002   PAD
    0x08002dc0   0x00000030   Code   RO          838    i.HAL_UART_ErrorCallback  usart_my.o
    0x08002df0   0x0000014c   Code   RO         2236    i.HAL_UART_IRQHandler  stm32f4xx_hal_uart.o
    0x08002f3c   0x00000072   Code   RO         2237    i.HAL_UART_Init     stm32f4xx_hal_uart.o
    0x08002fae   0x00000002   PAD
    0x08002fb0   0x000001e4   Code   RO          346    i.HAL_UART_MspInit  usart.o
    0x08003194   0x000004a8   Code   RO          839    i.HAL_UART_RxCpltCallback  usart_my.o
    0x0800363c   0x000000d6   Code   RO         2245    i.HAL_UART_Transmit  stm32f4xx_hal_uart.o
    0x08003712   0x00000002   Code   RO         2248    i.HAL_UART_TxCpltCallback  stm32f4xx_hal_uart.o
    0x08003714   0x00000004   Code   RO          410    i.HardFault_Handler  stm32f4xx_it.o
    0x08003718   0x00000050   Code   RO         1032    i.IIC_Ack           myiic.o
    0x08003768   0x00000018   Code   RO         1033    i.IIC_Init          myiic.o
    0x08003780   0x00000050   Code   RO         1034    i.IIC_NAck          myiic.o
    0x080037d0   0x0000006c   Code   RO         1035    i.IIC_Read_Byte     myiic.o
    0x0800383c   0x00000068   Code   RO         1036    i.IIC_Send_Byte     myiic.o
    0x080038a4   0x0000004c   Code   RO         1037    i.IIC_Start         myiic.o
    0x080038f0   0x0000004c   Code   RO         1038    i.IIC_Stop          myiic.o
    0x0800393c   0x00000060   Code   RO         1039    i.IIC_Wait_Ack      myiic.o
    0x0800399c   0x000000ac   Code   RO          883    i.MPU6050_GetData   mpu6050.o
    0x08003a48   0x0000007c   Code   RO          884    i.MPU6050_GyroOffest  mpu6050.o
    0x08003ac4   0x0000007e   Code   RO          885    i.MPU6050_Init      mpu6050.o
    0x08003b42   0x00000050   Code   RO          886    i.MPU_Get_Accelerometer  mpu6050.o
    0x08003b92   0x00000050   Code   RO          887    i.MPU_Get_Gyroscope  mpu6050.o
    0x08003be2   0x0000003a   Code   RO          889    i.MPU_Read_Byte     mpu6050.o
    0x08003c1c   0x00000074   Code   RO          890    i.MPU_Read_Len      mpu6050.o
    0x08003c90   0x00000010   Code   RO          891    i.MPU_Set_Accel_Fsr  mpu6050.o
    0x08003ca0   0x00000010   Code   RO          892    i.MPU_Set_Gyro_Fsr  mpu6050.o
    0x08003cb0   0x00000040   Code   RO          893    i.MPU_Set_LPF       mpu6050.o
    0x08003cf0   0x0000003a   Code   RO          894    i.MPU_Set_Rate      mpu6050.o
    0x08003d2a   0x00000044   Code   RO          895    i.MPU_Write_Byte    mpu6050.o
    0x08003d6e   0x00000002   PAD
    0x08003d70   0x00000058   Code   RO          221    i.MX_CAN1_Init      can.o
    0x08003dc8   0x00000028   Code   RO          261    i.MX_DMA_Init       dma.o
    0x08003df0   0x00000178   Code   RO          195    i.MX_GPIO_Init      gpio.o
    0x08003f68   0x00000034   Code   RO           13    i.MX_NVIC_Init      main.o
    0x08003f9c   0x000000b0   Code   RO          288    i.MX_TIM12_Init     tim.o
    0x0800404c   0x000000b4   Code   RO          289    i.MX_TIM4_Init      tim.o
    0x08004100   0x00000058   Code   RO          290    i.MX_TIM6_Init      tim.o
    0x08004158   0x0000004c   Code   RO          347    i.MX_UART4_Init     usart.o
    0x080041a4   0x00000050   Code   RO          348    i.MX_USART1_UART_Init  usart.o
    0x080041f4   0x00000050   Code   RO          349    i.MX_USART2_UART_Init  usart.o
    0x08004244   0x00000050   Code   RO          350    i.MX_USART6_UART_Init  usart.o
    0x08004294   0x00000004   Code   RO          411    i.MemManage_Handler  stm32f4xx_it.o
    0x08004298   0x00000002   Code   RO          412    i.NMI_Handler       stm32f4xx_it.o
    0x0800429a   0x00000002   PAD
    0x0800429c   0x00000010   Code   RO         3420    i.NVIC_GetPriorityGrouping  stm32f4xx_hal_cortex.o
    0x080042ac   0x00000028   Code   RO         3421    i.NVIC_SetPriority  stm32f4xx_hal_cortex.o
    0x080042d4   0x0000014a   Code   RO          754    i.PID_Calc          pid.o
    0x0800441e   0x00000002   PAD
    0x08004420   0x00000028   Code   RO          755    i.PID_Init          pid.o
    0x08004448   0x00000002   Code   RO          413    i.PendSV_Handler    stm32f4xx_it.o
    0x0800444a   0x00000002   Code   RO          414    i.SVC_Handler       stm32f4xx_it.o
    0x0800444c   0x0000000c   Code   RO          415    i.SysTick_Handler   stm32f4xx_it.o
    0x08004458   0x000000ec   Code   RO           14    i.SystemClock_Config  main.o
    0x08004544   0x00000064   Code   RO          628    i.SystemInit        system_stm32f4xx.o
    0x080045a8   0x00000014   Code   RO          416    i.TIM6_DAC_IRQHandler  stm32f4xx_it.o
    0x080045bc   0x000000e4   Code   RO         1418    i.TIM_Base_SetConfig  stm32f4xx_hal_tim.o
    0x080046a0   0x00000018   Code   RO         1425    i.TIM_ETR_SetConfig  stm32f4xx_hal_tim.o
    0x080046b8   0x00000014   Code   RO         1426    i.TIM_ITRx_SetConfig  stm32f4xx_hal_tim.o
    0x080046cc   0x00000070   Code   RO         1427    i.TIM_OC1_SetConfig  stm32f4xx_hal_tim.o
    0x0800473c   0x00000078   Code   RO         1428    i.TIM_OC2_SetConfig  stm32f4xx_hal_tim.o
    0x080047b4   0x00000078   Code   RO         1429    i.TIM_OC3_SetConfig  stm32f4xx_hal_tim.o
    0x0800482c   0x00000060   Code   RO         1430    i.TIM_OC4_SetConfig  stm32f4xx_hal_tim.o
    0x0800488c   0x0000002a   Code   RO         1432    i.TIM_TI1_ConfigInputStage  stm32f4xx_hal_tim.o
    0x080048b6   0x0000002c   Code   RO         1434    i.TIM_TI2_ConfigInputStage  stm32f4xx_hal_tim.o
    0x080048e2   0x00000002   PAD
    0x080048e4   0x000000c4   Code   RO          810    i.Timer_interrupt   timer.o
    0x080049a8   0x00000010   Code   RO          417    i.UART4_IRQHandler  stm32f4xx_it.o
    0x080049b8   0x00000014   Code   RO         2250    i.UART_DMAAbortOnError  stm32f4xx_hal_uart.o
    0x080049cc   0x00000020   Code   RO         2260    i.UART_EndRxTransfer  stm32f4xx_hal_uart.o
    0x080049ec   0x00000020   Code   RO         2261    i.UART_EndTransmit_IT  stm32f4xx_hal_uart.o
    0x08004a0c   0x0000009a   Code   RO         2263    i.UART_Receive_IT   stm32f4xx_hal_uart.o
    0x08004aa6   0x00000002   PAD
    0x08004aa8   0x00000368   Code   RO         2264    i.UART_SetConfig    stm32f4xx_hal_uart.o
    0x08004e10   0x00000068   Code   RO         2265    i.UART_Transmit_IT  stm32f4xx_hal_uart.o
    0x08004e78   0x0000006c   Code   RO         2266    i.UART_WaitOnFlagUntilTimeout  stm32f4xx_hal_uart.o
    0x08004ee4   0x00000010   Code   RO          418    i.USART2_IRQHandler  stm32f4xx_it.o
    0x08004ef4   0x00000010   Code   RO          419    i.USART6_IRQHandler  stm32f4xx_it.o
    0x08004f04   0x00000058   Code   RO          667    i.Underpan_motor_output  can_my.o
    0x08004f5c   0x00000004   Code   RO          420    i.UsageFault_Handler  stm32f4xx_it.o
    0x08004f60   0x00000004   Code   RO           15    i._Error_Handler    main.o
    0x08004f64   0x00000030   Code   RO         3773    i.__ARM_fpclassify  m_wm.l(fpclassify.o)
    0x08004f94   0x00000004   PAD
    0x08004f98   0x000002d8   Code   RO         3722    i.__hardfp_atan     m_wm.l(atan.o)
    0x08005270   0x000000f8   Code   RO         3775    i.__kernel_poly     m_wm.l(poly.o)
    0x08005368   0x00000014   Code   RO         3754    i.__mathlib_dbl_infnan  m_wm.l(dunder.o)
    0x0800537c   0x00000004   PAD
    0x08005380   0x00000020   Code   RO         3759    i.__mathlib_dbl_underflow  m_wm.l(dunder.o)
    0x080053a0   0x0000000e   Code   RO         3808    i.__scatterload_copy  mc_w.l(handlers.o)
    0x080053ae   0x00000002   Code   RO         3809    i.__scatterload_null  mc_w.l(handlers.o)
    0x080053b0   0x0000000e   Code   RO         3810    i.__scatterload_zeroinit  mc_w.l(handlers.o)
    0x080053be   0x00000002   PAD
    0x080053c0   0x00000018   Code   RO          564    i.debug_init        debug_1.o
    0x080053d8   0x00000018   Code   RO          995    i.delay_ms          delay.o
    0x080053f0   0x00000048   Code   RO          996    i.delay_us          delay.o
    0x08005438   0x00000018   Code   RO         3769    i.fabs              m_wm.l(fabs.o)
    0x08005450   0x00000020   Code   RO          588    i.flash_read        my_flash_1.o
    0x08005470   0x00000006   Code   RO          589    i.flash_read_word   my_flash_1.o
    0x08005476   0x00000002   PAD
    0x08005478   0x00000088   Code   RO          590    i.flash_write       my_flash_1.o
    0x08005500   0x00000088   Code   RO           16    i.main              main.o
    0x08005588   0x0000004c   Code   RO          840    i.sendware          usart_my.o
    0x080055d4   0x00000010   Data   RO           17    .constdata          main.o
    0x080055e4   0x00000018   Data   RO          629    .constdata          system_stm32f4xx.o
    0x080055fc   0x00000008   Data   RO         3119    .constdata          stm32f4xx_hal_dma.o
    0x08005604   0x00000004   PAD
    0x08005608   0x00000098   Data   RO         3725    .constdata          m_wm.l(atan.o)
    0x080056a0   0x00000020   Data   RO         3806    Region$$Table       anon$$obj.o


    Execution Region RW_IRAM1 (Base: 0x20000000, Size: 0x00000ab8, Max: 0x00030000, ABSOLUTE)

    Base Addr    Size         Type   Attr      Idx    E Section Name        Object

    0x20000000   0x00000008   Data   RW          421    .data               stm32f4xx_it.o
    0x20000008   0x00000004   Data   RW          630    .data               system_stm32f4xx.o
    0x2000000c   0x00000014   Data   RW          669    .data               can_my.o
    0x20000020   0x0000001b   Data   RW          717    .data               control.o
    0x2000003b   0x00000001   PAD
    0x2000003c   0x0000000a   Data   RW          812    .data               timer.o
    0x20000046   0x00000002   PAD
    0x20000048   0x0000001c   Data   RW          842    .data               usart_my.o
    0x20000064   0x00000001   Data   RW          997    .data               delay.o
    0x20000065   0x00000003   PAD
    0x20000068   0x00000009   Data   RW         3569    .data               stm32f4xx_hal.o
    0x20000071   0x00000003   PAD
    0x20000074   0x00000028   Zero   RW          222    .bss                can.o
    0x2000009c   0x000000b4   Zero   RW          291    .bss                tim.o
    0x20000150   0x00000160   Zero   RW          351    .bss                usart.o
    0x200002b0   0x00000034   Zero   RW          668    .bss                can_my.o
    0x200002e4   0x00000168   Zero   RW          716    .bss                control.o
    0x2000044c   0x000001a0   Zero   RW          756    .bss                pid.o
    0x200005ec   0x00000010   Zero   RW          811    .bss                timer.o
    0x200005fc   0x0000001e   Zero   RW          841    .bss                usart_my.o
    0x2000061a   0x00000002   PAD
    0x2000061c   0x0000007c   Zero   RW          897    .bss                mpu6050.o
    0x20000698   0x00000020   Zero   RW         2728    .bss                stm32f4xx_hal_flash.o
    0x200006b8   0x00000400   Zero   RW            1    STACK               startup_stm32f427xx.o


==============================================================================

Image component sizes


      Code (inc. data)   RO Data    RW Data    ZI Data      Debug   Object Name

       212         38          0          0         40       1593   can.o
       564         40          0         20         52       3048   can_my.o
         0          0          0         27        360       2707   control.o
        24         10          0          0          0        449   debug_1.o
        96          4          0          1          0       1370   delay.o
        40          4          0          0          0        722   dma.o
       376         20          0          0          0       1111   gpio.o
       428         36         16          0          0     752805   main.o
       978         14          0          0        124      10472   mpu6050.o
       174          6          0          0          0       2497   my_flash_1.o
       644        106          0          0          0       4294   myiic.o
       610         80          0          0        416       3155   pid.o
        36          8        428          0       1024        832   startup_stm32f427xx.o
       212         36          0          9          0       4525   stm32f4xx_hal.o
      2112          4          0          0          0      14563   stm32f4xx_hal_can.o
       348         22          0          0          0      32725   stm32f4xx_hal_cortex.o
      1074         16          8          0          0       4515   stm32f4xx_hal_dma.o
       664         62          0          0         32       5926   stm32f4xx_hal_flash.o
       476         24          0          0          0       3266   stm32f4xx_hal_flash_ex.o
       552         54          0          0          0       2316   stm32f4xx_hal_gpio.o
       156          6          0          0          0        886   stm32f4xx_hal_msp.o
       140         12          0          0          0       1268   stm32f4xx_hal_pwr_ex.o
      1732         84          0          0          0       5492   stm32f4xx_hal_rcc.o
      1898         80          0          0          0      14388   stm32f4xx_hal_tim.o
       102          0          0          0          0       2314   stm32f4xx_hal_tim_ex.o
      2138         14          0          0          0       9330   stm32f4xx_hal_uart.o
       180         48          0          8          0       8913   stm32f4xx_it.o
       100         18         24          4          0       1143   system_stm32f4xx.o
       684        110          0          0        180       3584   tim.o
       196         26          0         10         16       1163   timer.o
       800        164          0          0        352       3554   usart.o
      1316        120          0         28         30       3460   usart_my.o

    ----------------------------------------------------------------------
     19084       1266        512        116       2628     908386   Object Totals
         0          0         32          0          0          0   (incl. Generated)
        22          0          4          9          2          0   (incl. Padding)

    ----------------------------------------------------------------------

      Code (inc. data)   RO Data    RW Data    ZI Data      Debug   Library Member Name

       728        106        152          0          0        228   atan.o
        52          8          0          0          0        248   dunder.o
        24          0          0          0          0        124   fabs.o
        48          0          0          0          0        124   fpclassify.o
       248          0          0          0          0        152   poly.o
         0          0          0          0          0          0   entry.o
         0          0          0          0          0          0   entry10a.o
         0          0          0          0          0          0   entry11a.o
         8          4          0          0          0          0   entry2.o
         4          0          0          0          0          0   entry5.o
         0          0          0          0          0          0   entry7b.o
         0          0          0          0          0          0   entry8b.o
         8          4          0          0          0          0   entry9a.o
        30          0          0          0          0          0   handlers.o
        36          8          0          0          0         68   init.o
         0          0          0          0          0          0   iusefp.o
        30          0          0          0          0         68   llshl.o
        36          0          0          0          0         68   llsshr.o
        32          0          0          0          0         68   llushr.o
        98          0          0          0          0         92   uldiv.o
       334          0          0          0          0        148   dadd.o
       222          0          0          0          0        100   ddiv.o
       186          0          0          0          0        176   depilogue.o
        62          0          0          0          0         80   dfixi.o
        34          0          0          0          0         76   dflti.o
       228          0          0          0          0         96   dmul.o

    ----------------------------------------------------------------------
      2460        130        152          0          0       1916   Library Totals
        12          0          0          0          0          0   (incl. Padding)

    ----------------------------------------------------------------------

      Code (inc. data)   RO Data    RW Data    ZI Data      Debug   Library Name

      1100        114        152          0          0        876   m_wm.l
       282         16          0          0          0        364   mc_w.l
      1066          0          0          0          0        676   mf_w.l

    ----------------------------------------------------------------------
      2460        130        152          0          0       1916   Library Totals

    ----------------------------------------------------------------------

==============================================================================


      Code (inc. data)   RO Data    RW Data    ZI Data      Debug   

     21544       1396        664        116       2628     893638   Grand Totals
     21544       1396        664        116       2628     893638   ELF Image Totals
     21544       1396        664        116          0          0   ROM Totals

==============================================================================

    Total RO  Size (Code + RO Data)                22208 (  21.69kB)
    Total RW  Size (RW Data + ZI Data)              2744 (   2.68kB)
    Total ROM Size (Code + RO Data + RW Data)      22324 (  21.80kB)

==============================================================================

