Component: ARM Compiler 5.06 update 3 (build 300) Tool: armlink [4d35c9]

==============================================================================

Section Cross References

    startup_stm32f427xx.o(RESET) refers to startup_stm32f427xx.o(STACK) for __initial_sp
    startup_stm32f427xx.o(RESET) refers to startup_stm32f427xx.o(.text) for Reset_Handler
    startup_stm32f427xx.o(RESET) refers to stm32f4xx_it.o(i.NMI_Handler) for NMI_Handler
    startup_stm32f427xx.o(RESET) refers to stm32f4xx_it.o(i.HardFault_Handler) for HardFault_Handler
    startup_stm32f427xx.o(RESET) refers to stm32f4xx_it.o(i.MemManage_Handler) for MemManage_Handler
    startup_stm32f427xx.o(RESET) refers to stm32f4xx_it.o(i.BusFault_Handler) for BusFault_Handler
    startup_stm32f427xx.o(RESET) refers to stm32f4xx_it.o(i.UsageFault_Handler) for UsageFault_Handler
    startup_stm32f427xx.o(RESET) refers to stm32f4xx_it.o(i.SVC_Handler) for SVC_Handler
    startup_stm32f427xx.o(RESET) refers to stm32f4xx_it.o(i.DebugMon_Handler) for DebugMon_Handler
    startup_stm32f427xx.o(RESET) refers to stm32f4xx_it.o(i.PendSV_Handler) for PendSV_Handler
    startup_stm32f427xx.o(RESET) refers to stm32f4xx_it.o(i.SysTick_Handler) for SysTick_Handler
    startup_stm32f427xx.o(RESET) refers to stm32f4xx_it.o(i.CAN1_TX_IRQHandler) for CAN1_TX_IRQHandler
    startup_stm32f427xx.o(RESET) refers to stm32f4xx_it.o(i.CAN1_RX0_IRQHandler) for CAN1_RX0_IRQHandler
    startup_stm32f427xx.o(RESET) refers to stm32f4xx_it.o(i.USART2_IRQHandler) for USART2_IRQHandler
    startup_stm32f427xx.o(RESET) refers to stm32f4xx_it.o(i.UART4_IRQHandler) for UART4_IRQHandler
    startup_stm32f427xx.o(RESET) refers to stm32f4xx_it.o(i.TIM6_DAC_IRQHandler) for TIM6_DAC_IRQHandler
    startup_stm32f427xx.o(RESET) refers to stm32f4xx_it.o(i.DMA2_Stream2_IRQHandler) for DMA2_Stream2_IRQHandler
    startup_stm32f427xx.o(RESET) refers to stm32f4xx_it.o(i.USART6_IRQHandler) for USART6_IRQHandler
    startup_stm32f427xx.o(.text) refers to system_stm32f4xx.o(i.SystemInit) for SystemInit
    startup_stm32f427xx.o(.text) refers to entry.o(.ARM.Collect$$$$00000000) for __main
    my_flash_1.o(i.flash_read) refers to my_flash_1.o(i.flash_read_word) for flash_read_word
    my_flash_1.o(i.flash_write) refers to stm32f4xx_hal_flash.o(i.HAL_FLASH_Unlock) for HAL_FLASH_Unlock
    my_flash_1.o(i.flash_write) refers to stm32f4xx_hal_flash_ex.o(i.HAL_FLASHEx_Erase) for HAL_FLASHEx_Erase
    my_flash_1.o(i.flash_write) refers to delay.o(i.delay_ms) for delay_ms
    my_flash_1.o(i.flash_write) refers to stm32f4xx_hal_flash.o(i.FLASH_WaitForLastOperation) for FLASH_WaitForLastOperation
    my_flash_1.o(i.flash_write) refers to stm32f4xx_hal_flash.o(i.HAL_FLASH_Program) for HAL_FLASH_Program
    my_flash_1.o(i.flash_write) refers to stm32f4xx_hal_flash.o(i.HAL_FLASH_Lock) for HAL_FLASH_Lock
    my_flash_1.o(i.read_para) refers to my_flash_1.o(i.flash_read) for flash_read
    my_flash_1.o(i.write_para) refers to my_flash_1.o(i.flash_write) for flash_write
    tele_control.o(i.clear_teledata) refers to tele_control.o(.bss) for tele_data
    tele_control.o(i.renew_tele_timer) refers to tele_control.o(i.clear_teledata) for clear_teledata
    tele_control.o(i.renew_tele_timer) refers to tele_control.o(.data) for tele_timer
    tele_control.o(i.telecontroller_data) refers to tele_control.o(.bss) for teledata_rx
    tele_control.o(i.telecontroller_data) refers to tele_control.o(.data) for tele_timer
    main.o(i.MX_NVIC_Init) refers to stm32f4xx_hal_cortex.o(i.HAL_NVIC_SetPriority) for HAL_NVIC_SetPriority
    main.o(i.MX_NVIC_Init) refers to stm32f4xx_hal_cortex.o(i.HAL_NVIC_EnableIRQ) for HAL_NVIC_EnableIRQ
    main.o(i.SystemClock_Config) refers to stm32f4xx_hal_rcc.o(i.HAL_RCC_OscConfig) for HAL_RCC_OscConfig
    main.o(i.SystemClock_Config) refers to main.o(i._Error_Handler) for _Error_Handler
    main.o(i.SystemClock_Config) refers to stm32f4xx_hal_pwr_ex.o(i.HAL_PWREx_EnableOverDrive) for HAL_PWREx_EnableOverDrive
    main.o(i.SystemClock_Config) refers to stm32f4xx_hal_rcc.o(i.HAL_RCC_ClockConfig) for HAL_RCC_ClockConfig
    main.o(i.SystemClock_Config) refers to stm32f4xx_hal_rcc.o(i.HAL_RCC_GetHCLKFreq) for HAL_RCC_GetHCLKFreq
    main.o(i.SystemClock_Config) refers to stm32f4xx_hal_cortex.o(i.HAL_SYSTICK_Config) for HAL_SYSTICK_Config
    main.o(i.SystemClock_Config) refers to stm32f4xx_hal_cortex.o(i.HAL_SYSTICK_CLKSourceConfig) for HAL_SYSTICK_CLKSourceConfig
    main.o(i.SystemClock_Config) refers to stm32f4xx_hal_cortex.o(i.HAL_NVIC_SetPriority) for HAL_NVIC_SetPriority
    main.o(i.main) refers to stm32f4xx_hal.o(i.HAL_Init) for HAL_Init
    main.o(i.main) refers to main.o(i.SystemClock_Config) for SystemClock_Config
    main.o(i.main) refers to delay.o(i.delay_init) for delay_init
    main.o(i.main) refers to gpio.o(i.MX_GPIO_Init) for MX_GPIO_Init
    main.o(i.main) refers to dma.o(i.MX_DMA_Init) for MX_DMA_Init
    main.o(i.main) refers to can.o(i.MX_CAN1_Init) for MX_CAN1_Init
[...]
    .text                                    0x080003ce   Section        0  llushr.o(.text)
    .text                                    0x080003ee   Section        0  depilogue.o(.text)
    .text                                    0x080003ee   Section        0  iusefp.o(.text)
    .text                                    0x080004a8   Section       36  init.o(.text)
    i.ALLPID_Init                            0x080004cc   Section        0  pid.o(i.ALLPID_Init)
    i.BusFault_Handler                       0x080005d0   Section        0  stm32f4xx_it.o(i.BusFault_Handler)
    i.CAN1_Init                              0x080005d4   Section        0  can_my.o(i.CAN1_Init)
    i.CAN1_RX0_IRQHandler                    0x08000618   Section        0  stm32f4xx_it.o(i.CAN1_RX0_IRQHandler)
    i.CAN1_TX_IRQHandler                     0x08000644   Section        0  stm32f4xx_it.o(i.CAN1_TX_IRQHandler)
    i.CAN_Getdata                            0x08000654   Section        0  can_my.o(i.CAN_Getdata)
    i.Cloud_motor_output                     0x08000814   Section        0  can_my.o(i.Cloud_motor_output)
    i.DMA2_Stream2_IRQHandler                0x08000864   Section        0  stm32f4xx_it.o(i.DMA2_Stream2_IRQHandler)
    i.DMA_CalcBaseAndBitshift                0x08000878   Section        0  stm32f4xx_hal_dma.o(i.DMA_CalcBaseAndBitshift)
    DMA_CalcBaseAndBitshift                  0x08000879   Thumb Code    46  stm32f4xx_hal_dma.o(i.DMA_CalcBaseAndBitshift)
    i.DMA_CheckFifoParam                     0x080008ac   Section        0  stm32f4xx_hal_dma.o(i.DMA_CheckFifoParam)
    DMA_CheckFifoParam                       0x080008ad   Thumb Code   170  stm32f4xx_hal_dma.o(i.DMA_CheckFifoParam)
    i.DMA_SetConfig                          0x08000956   Section        0  stm32f4xx_hal_dma.o(i.DMA_SetConfig)
    DMA_SetConfig                            0x08000957   Thumb Code    44  stm32f4xx_hal_dma.o(i.DMA_SetConfig)
    i.DebugMon_Handler                       0x08000982   Section        0  stm32f4xx_it.o(i.DebugMon_Handler)
    i.FLASH_Erase_Sector                     0x08000984   Section        0  stm32f4xx_hal_flash_ex.o(i.FLASH_Erase_Sector)
    i.FLASH_FlushCaches                      0x080009e4   Section        0  stm32f4xx_hal_flash_ex.o(i.FLASH_FlushCaches)
    i.FLASH_MassErase                        0x08000a5c   Section        0  stm32f4xx_hal_flash_ex.o(i.FLASH_MassErase)
    FLASH_MassErase                          0x08000a5d   Thumb Code    80  stm32f4xx_hal_flash_ex.o(i.FLASH_MassErase)
    i.FLASH_Program_Byte                     0x08000ab0   Section        0  stm32f4xx_hal_flash.o(i.FLASH_Program_Byte)
    FLASH_Program_Byte                       0x08000ab1   Thumb Code    32  stm32f4xx_hal_flash.o(i.FLASH_Program_Byte)
    i.FLASH_Program_DoubleWord               0x08000ad4   Section        0  stm32f4xx_hal_flash.o(i.FLASH_Program_DoubleWord)
    FLASH_Program_DoubleWord                 0x08000ad5   Thumb Code    40  stm32f4xx_hal_flash.o(i.FLASH_Program_DoubleWord)
    i.FLASH_Program_HalfWord                 0x08000b00   Section        0  stm32f4xx_hal_flash.o(i.FLASH_Program_HalfWord)
    FLASH_Program_HalfWord                   0x08000b01   Thumb Code    36  stm32f4xx_hal_flash.o(i.FLASH_Program_HalfWord)
    i.FLASH_Program_Word                     0x08000b28   Section        0  stm32f4xx_hal_flash.o(i.FLASH_Program_Word)
    FLASH_Program_Word                       0x08000b29   Thumb Code    36  stm32f4xx_hal_flash.o(i.FLASH_Program_Word)
    i.FLASH_SetErrorCode                     0x08000b50   Section        0  stm32f4xx_hal_flash.o(i.FLASH_SetErrorCode)
    FLASH_SetErrorCode                       0x08000b51   Thumb Code   172  stm32f4xx_hal_flash.o(i.FLASH_SetErrorCode)
    i.FLASH_WaitForLastOperation             0x08000c04   Section        0  stm32f4xx_hal_flash.o(i.FLASH_WaitForLastOperation)
    i.HAL_CAN_ActivateNotification           0x08000c68   Section        0  stm32f4xx_hal_can.o(i.HAL_CAN_ActivateNotification)
    i.HAL_CAN_AddTxMessage                   0x08000c94   Section        0  stm32f4xx_hal_can.o(i.HAL_CAN_AddTxMessage)
    i.HAL_CAN_ConfigFilter                   0x08000dc0   Section        0  stm32f4xx_hal_can.o(i.HAL_CAN_ConfigFilter)
    i.HAL_CAN_ErrorCallback                  0x08000ee4   Section        0  stm32f4xx_hal_can.o(i.HAL_CAN_ErrorCallback)
    i.HAL_CAN_GetRxMessage                   0x08000ee6   Section        0  stm32f4xx_hal_can.o(i.HAL_CAN_GetRxMessage)
    i.HAL_CAN_IRQHandler                     0x0800106e   Section        0  stm32f4xx_hal_can.o(i.HAL_CAN_IRQHandler)
    i.HAL_CAN_Init                           0x080012bc   Section        0  stm32f4xx_hal_can.o(i.HAL_CAN_Init)
    i.HAL_CAN_MspInit                        0x08001434   Section        0  can.o(i.HAL_CAN_MspInit)
    i.HAL_CAN_RxFifo0FullCallback            0x080014b0   Section        0  stm32f4xx_hal_can.o(i.HAL_CAN_RxFifo0FullCallback)
    i.HAL_CAN_RxFifo0MsgPendingCallback      0x080014b2   Section        0  stm32f4xx_hal_can.o(i.HAL_CAN_RxFifo0MsgPendingCallback)
    i.HAL_CAN_RxFifo1FullCallback            0x080014b4   Section        0  stm32f4xx_hal_can.o(i.HAL_CAN_RxFifo1FullCallback)
    i.HAL_CAN_RxFifo1MsgPendingCallback      0x080014b6   Section        0  stm32f4xx_hal_can.o(i.HAL_CAN_RxFifo1MsgPendingCallback)
    i.HAL_CAN_SleepCallback                  0x080014b8   Section        0  stm32f4xx_hal_can.o(i.HAL_CAN_SleepCallback)
    i.HAL_CAN_Start                          0x080014ba   Section        0  stm32f4xx_hal_can.o(i.HAL_CAN_Start)
    i.HAL_CAN_TxMailbox0AbortCallback        0x0800151a   Section        0  stm32f4xx_hal_can.o(i.HAL_CAN_TxMailbox0AbortCallback)
    i.HAL_CAN_TxMailbox0CompleteCallback     0x0800151c   Section        0  stm32f4xx_hal_can.o(i.HAL_CAN_TxMailbox0CompleteCallback)
    i.HAL_CAN_TxMailbox1AbortCallback        0x0800151e   Section        0  stm32f4xx_hal_can.o(i.HAL_CAN_TxMailbox1AbortCallback)
    i.HAL_CAN_TxMailbox1CompleteCallback     0x08001520   Section        0  stm32f4xx_hal_can.o(i.HAL_CAN_TxMailbox1CompleteCallback)
    i.HAL_CAN_TxMailbox2AbortCallback        0x08001522   Section        0  stm32f4xx_hal_can.o(i.HAL_CAN_TxMailbox2AbortCallback)
    i.HAL_CAN_TxMailbox2CompleteCallback     0x08001524   Section        0  stm32f4xx_hal_can.o(i.HAL_CAN_TxMailbox2CompleteCallback)
    i.HAL_CAN_WakeUpFromRxMsgCallback        0x08001526   Section        0  stm32f4xx_hal_can.o(i.HAL_CAN_WakeUpFromRxMsgCallback)
    i.HAL_DMA_Abort_IT                       0x08001528   Section        0  stm32f4xx_hal_dma.o(i.HAL_DMA_Abort_IT)
    i.HAL_DMA_IRQHandler                     0x08001550   Section        0  stm32f4xx_hal_dma.o(i.HAL_DMA_IRQHandler)
    i.HAL_DMA_Init                           0x08001790   Section        0  stm32f4xx_hal_dma.o(i.HAL_DMA_Init)
    i.HAL_DMA_Start_IT                       0x0800187c   Section        0  stm32f4xx_hal_dma.o(i.HAL_DMA_Start_IT)
    i.HAL_Delay                              0x0800191c   Section        0  stm32f4xx_hal.o(i.HAL_Delay)
    i.HAL_FLASHEx_Erase                      0x08001944   Section        0  stm32f4xx_hal_flash_ex.o(i.HAL_FLASHEx_Erase)
    i.HAL_FLASH_Lock                         0x080019f4   Section        0  stm32f4xx_hal_flash.o(i.HAL_FLASH_Lock)
    i.HAL_FLASH_Program                      0x08001a08   Section        0  stm32f4xx_hal_flash.o(i.HAL_FLASH_Program)
    i.HAL_FLASH_Unlock                       0x08001aa0   Section        0  stm32f4xx_hal_flash.o(i.HAL_FLASH_Unlock)
    i.HAL_GPIO_Init                          0x08001ad4   Section        0  stm32f4xx_hal_gpio.o(i.HAL_GPIO_Init)
    i.HAL_GPIO_WritePin                      0x08001cf0   Section        0  stm32f4xx_hal_gpio.o(i.HAL_GPIO_WritePin)
    i.HAL_GetTick                            0x08001cfc   Section        0  stm32f4xx_hal.o(i.HAL_GetTick)
    i.HAL_IncTick                            0x08001d08   Section        0  stm32f4xx_hal.o(i.HAL_IncTick)
    i.HAL_Init                               0x08001d20   Section        0  stm32f4xx_hal.o(i.HAL_Init)
    i.HAL_InitTick                           0x08001d5c   Section        0  stm32f4xx_hal.o(i.HAL_InitTick)
    i.HAL_MspInit                            0x08001da8   Section        0  stm32f4xx_hal_msp.o(i.HAL_MspInit)
    i.HAL_MultiProcessor_Init                0x08001e44   Section        0  stm32f4xx_hal_uart.o(i.HAL_MultiProcessor_Init)
    i.HAL_NVIC_EnableIRQ                     0x08001ede   Section        0  stm32f4xx_hal_cortex.o(i.HAL_NVIC_EnableIRQ)
    i.HAL_NVIC_SetPriority                   0x08001ef8   Section        0  stm32f4xx_hal_cortex.o(i.HAL_NVIC_SetPriority)
    i.HAL_NVIC_SetPriorityGrouping           0x08001f74   Section        0  stm32f4xx_hal_cortex.o(i.HAL_NVIC_SetPriorityGrouping)
    i.HAL_PWREx_EnableOverDrive              0x08001f9c   Section        0  stm32f4xx_hal_pwr_ex.o(i.HAL_PWREx_EnableOverDrive)
    i.HAL_RCC_ClockConfig                    0x08002028   Section        0  stm32f4xx_hal_rcc.o(i.HAL_RCC_ClockConfig)
    i.HAL_RCC_GetHCLKFreq                    0x080021a8   Section        0  stm32f4xx_hal_rcc.o(i.HAL_RCC_GetHCLKFreq)
    i.HAL_RCC_GetPCLK1Freq                   0x080021b4   Section        0  stm32f4xx_hal_rcc.o(i.HAL_RCC_GetPCLK1Freq)
    i.HAL_RCC_GetPCLK2Freq                   0x080021d4   Section        0  stm32f4xx_hal_rcc.o(i.HAL_RCC_GetPCLK2Freq)
    i.HAL_RCC_GetSysClockFreq                0x080021f4   Section        0  stm32f4xx_hal_rcc.o(i.HAL_RCC_GetSysClockFreq)
    i.HAL_RCC_OscConfig                      0x080022a4   Section        0  stm32f4xx_hal_rcc.o(i.HAL_RCC_OscConfig)
    i.HAL_SYSTICK_CLKSourceConfig            0x080026ec   Section        0  stm32f4xx_hal_cortex.o(i.HAL_SYSTICK_CLKSourceConfig)
    i.HAL_SYSTICK_Callback                   0x08002714   Section        0  stm32f4xx_hal_cortex.o(i.HAL_SYSTICK_Callback)
    i.HAL_SYSTICK_Config                     0x08002716   Section        0  stm32f4xx_hal_cortex.o(i.HAL_SYSTICK_Config)
    i.HAL_SYSTICK_IRQHandler                 0x0800274a   Section        0  stm32f4xx_hal_cortex.o(i.HAL_SYSTICK_IRQHandler)
    i.HAL_TIMEx_BreakCallback                0x08002752   Section        0  stm32f4xx_hal_tim_ex.o(i.HAL_TIMEx_BreakCallback)
    i.HAL_TIMEx_CommutationCallback          0x08002754   Section        0  stm32f4xx_hal_tim_ex.o(i.HAL_TIMEx_CommutationCallback)
    i.HAL_TIMEx_MasterConfigSynchronization  0x08002756   Section        0  stm32f4xx_hal_tim_ex.o(i.HAL_TIMEx_MasterConfigSynchronization)
    i.HAL_TIM_Base_Init                      0x080027b8   Section        0  stm32f4xx_hal_tim.o(i.HAL_TIM_Base_Init)
    i.HAL_TIM_Base_MspInit                   0x080027ec   Section        0  tim.o(i.HAL_TIM_Base_MspInit)
    i.HAL_TIM_Base_Start_IT                  0x08002878   Section        0  stm32f4xx_hal_tim.o(i.HAL_TIM_Base_Start_IT)
    i.HAL_TIM_ConfigClockSource              0x08002896   Section        0  stm32f4xx_hal_tim.o(i.HAL_TIM_ConfigClockSource)
    i.HAL_TIM_IC_CaptureCallback             0x080029c8   Section        0  stm32f4xx_hal_tim.o(i.HAL_TIM_IC_CaptureCallback)
    i.HAL_TIM_IRQHandler                     0x080029ca   Section        0  stm32f4xx_hal_tim.o(i.HAL_TIM_IRQHandler)
    i.HAL_TIM_MspPostInit                    0x08002b60   Section        0  tim.o(i.HAL_TIM_MspPostInit)
    i.HAL_TIM_OC_DelayElapsedCallback        0x08002bc4   Section        0  stm32f4xx_hal_tim.o(i.HAL_TIM_OC_DelayElapsedCallback)
    i.HAL_TIM_PWM_ConfigChannel              0x08002bc6   Section        0  stm32f4xx_hal_tim.o(i.HAL_TIM_PWM_ConfigChannel)
    i.HAL_TIM_PWM_Init                       0x08002cce   Section        0  stm32f4xx_hal_tim.o(i.HAL_TIM_PWM_Init)
    i.HAL_TIM_PWM_MspInit                    0x08002d02   Section        0  stm32f4xx_hal_tim.o(i.HAL_TIM_PWM_MspInit)
    i.HAL_TIM_PWM_PulseFinishedCallback      0x08002d04   Section        0  stm32f4xx_hal_tim.o(i.HAL_TIM_PWM_PulseFinishedCallback)
    i.HAL_TIM_PWM_Start                      0x08002d08   Section        0  stm32f4xx_hal_tim.o(i.HAL_TIM_PWM_Start)
    i.HAL_TIM_PeriodElapsedCallback          0x08002d54   Section        0  stm32f4xx_hal_tim.o(i.HAL_TIM_PeriodElapsedCallback)
    i.HAL_TIM_TriggerCallback                0x08002d56   Section        0  stm32f4xx_hal_tim.o(i.HAL_TIM_TriggerCallback)
    i.HAL_UART_ErrorCallback                 0x08002d58   Section        0  usart_my.o(i.HAL_UART_ErrorCallback)
    i.HAL_UART_IRQHandler                    0x08002d88   Section        0  stm32f4xx_hal_uart.o(i.HAL_UART_IRQHandler)
    i.HAL_UART_Init                          0x08002ed4   Section        0  stm32f4xx_hal_uart.o(i.HAL_UART_Init)
    i.HAL_UART_MspInit                       0x08002f48   Section        0  usart.o(i.HAL_UART_MspInit)
    i.HAL_UART_Receive_DMA                   0x0800312c   Section        0  stm32f4xx_hal_uart.o(i.HAL_UART_Receive_DMA)
    i.HAL_UART_RxCpltCallback                0x080031f0   Section        0  usart_my.o(i.HAL_UART_RxCpltCallback)
    i.HAL_UART_RxHalfCpltCallback            0x08003200   Section        0  stm32f4xx_hal_uart.o(i.HAL_UART_RxHalfCpltCallback)
    i.HAL_UART_Transmit                      0x08003202   Section        0  stm32f4xx_hal_uart.o(i.HAL_UART_Transmit)
    i.HAL_UART_TxCpltCallback                0x080032d8   Section        0  stm32f4xx_hal_uart.o(i.HAL_UART_TxCpltCallback)
    i.HardFault_Handler                      0x080032da   Section        0  stm32f4xx_it.o(i.HardFault_Handler)
    i.IIC_Ack                                0x080032e0   Section        0  myiic.o(i.IIC_Ack)
    i.IIC_Init                               0x08003330   Section        0  myiic.o(i.IIC_Init)
    i.IIC_NAck                               0x08003348   Section        0  myiic.o(i.IIC_NAck)
    i.IIC_Read_Byte                          0x08003398   Section        0  myiic.o(i.IIC_Read_Byte)
    i.IIC_Send_Byte                          0x08003404   Section        0  myiic.o(i.IIC_Send_Byte)
    i.IIC_Start                              0x0800346c   Section        0  myiic.o(i.IIC_Start)
    i.IIC_Stop                               0x080034b8   Section        0  myiic.o(i.IIC_Stop)
    i.IIC_Wait_Ack                           0x08003504   Section        0  myiic.o(i.IIC_Wait_Ack)
    i.MPU6050_GetData                        0x08003564   Section        0  mpu6050.o(i.MPU6050_GetData)
    i.MPU6050_Init                           0x08003610   Section        0  mpu6050.o(i.MPU6050_Init)
    i.MPU_Get_Accelerometer                  0x080036b4   Section        0  mpu6050.o(i.MPU_Get_Accelerometer)
    i.MPU_Get_Gyroscope                      0x08003704   Section        0  mpu6050.o(i.MPU_Get_Gyroscope)
    i.MPU_Read_Byte                          0x08003754   Section        0  mpu6050.o(i.MPU_Read_Byte)
    i.MPU_Read_Len                           0x0800378e   Section        0  mpu6050.o(i.MPU_Read_Len)
    i.MPU_Set_Accel_Fsr                      0x08003802   Section        0  mpu6050.o(i.MPU_Set_Accel_Fsr)
    i.MPU_Set_Gyro_Fsr                       0x08003812   Section        0  mpu6050.o(i.MPU_Set_Gyro_Fsr)
    i.MPU_Set_LPF                            0x08003822   Section        0  mpu6050.o(i.MPU_Set_LPF)
    i.MPU_Set_Rate                           0x08003862   Section        0  mpu6050.o(i.MPU_Set_Rate)
    i.MPU_Write_Byte                         0x0800389c   Section        0  mpu6050.o(i.MPU_Write_Byte)
    i.MX_CAN1_Init                           0x080038e0   Section        0  can.o(i.MX_CAN1_Init)
    i.MX_DMA_Init                            0x08003938   Section        0  dma.o(i.MX_DMA_Init)
    i.MX_GPIO_Init                           0x08003960   Section        0  gpio.o(i.MX_GPIO_Init)
    i.MX_NVIC_Init                           0x08003ad8   Section        0  main.o(i.MX_NVIC_Init)
    MX_NVIC_Init                             0x08003ad9   Thumb Code    52  main.o(i.MX_NVIC_Init)
    i.MX_TIM12_Init                          0x08003b0c   Section        0  tim.o(i.MX_TIM12_Init)
    i.MX_TIM4_Init                           0x08003bbc   Section        0  tim.o(i.MX_TIM4_Init)
    i.MX_TIM6_Init                           0x08003c70   Section        0  tim.o(i.MX_TIM6_Init)
    i.MX_UART4_Init                          0x08003cc8   Section        0  usart.o(i.MX_UART4_Init)
    i.MX_USART1_UART_Init                    0x08003d14   Section        0  usart.o(i.MX_USART1_UART_Init)
    i.MX_USART2_UART_Init                    0x08003d64   Section        0  usart.o(i.MX_USART2_UART_Init)
    i.MX_USART6_UART_Init                    0x08003db4   Section        0  usart.o(i.MX_USART6_UART_Init)
    i.MemManage_Handler                      0x08003e04   Section        0  stm32f4xx_it.o(i.MemManage_Handler)
    i.NMI_Handler                            0x08003e08   Section        0  stm32f4xx_it.o(i.NMI_Handler)
    i.NVIC_GetPriorityGrouping               0x08003e0c   Section        0  stm32f4xx_hal_cortex.o(i.NVIC_GetPriorityGrouping)
    NVIC_GetPriorityGrouping                 0x08003e0d   Thumb Code    10  stm32f4xx_hal_cortex.o(i.NVIC_GetPriorityGrouping)
    i.NVIC_SetPriority                       0x08003e1c   Section        0  stm32f4xx_hal_cortex.o(i.NVIC_SetPriority)
    NVIC_SetPriority                         0x08003e1d   Thumb Code    32  stm32f4xx_hal_cortex.o(i.NVIC_SetPriority)
    i.PID_Calc                               0x08003e44   Section        0  pid.o(i.PID_Calc)
    i.PID_Init                               0x08003f98   Section        0  pid.o(i.PID_Init)
    i.PendSV_Handler                         0x08003fc0   Section        0  stm32f4xx_it.o(i.PendSV_Handler)
    i.SVC_Handler                            0x08003fc2   Section        0  stm32f4xx_it.o(i.SVC_Handler)
    i.SysTick_Handler                        0x08003fc4   Section        0  stm32f4xx_it.o(i.SysTick_Handler)
    i.SystemClock_Config                     0x08003fd0   Section        0  main.o(i.SystemClock_Config)
    i.SystemInit                             0x080040bc   Section        0  system_stm32f4xx.o(i.SystemInit)
    i.TIM6_DAC_IRQHandler                    0x08004120   Section        0  stm32f4xx_it.o(i.TIM6_DAC_IRQHandler)
    i.TIM_Base_SetConfig                     0x08004134   Section        0  stm32f4xx_hal_tim.o(i.TIM_Base_SetConfig)
    i.TIM_CCxChannelCmd                      0x08004218   Section        0  stm32f4xx_hal_tim.o(i.TIM_CCxChannelCmd)
    i.TIM_ETR_SetConfig                      0x08004234   Section        0  stm32f4xx_hal_tim.o(i.TIM_ETR_SetConfig)
    TIM_ETR_SetConfig                        0x08004235   Thumb Code    24  stm32f4xx_hal_tim.o(i.TIM_ETR_SetConfig)
    i.TIM_ITRx_SetConfig                     0x0800424c   Section        0  stm32f4xx_hal_tim.o(i.TIM_ITRx_SetConfig)
    TIM_ITRx_SetConfig                       0x0800424d   Thumb Code    20  stm32f4xx_hal_tim.o(i.TIM_ITRx_SetConfig)
    i.TIM_OC1_SetConfig                      0x08004260   Section        0  stm32f4xx_hal_tim.o(i.TIM_OC1_SetConfig)
    TIM_OC1_SetConfig                        0x08004261   Thumb Code   102  stm32f4xx_hal_tim.o(i.TIM_OC1_SetConfig)
    i.TIM_OC2_SetConfig                      0x080042d0   Section        0  stm32f4xx_hal_tim.o(i.TIM_OC2_SetConfig)
    i.TIM_OC3_SetConfig                      0x08004348   Section        0  stm32f4xx_hal_tim.o(i.TIM_OC3_SetConfig)
    TIM_OC3_SetConfig                        0x08004349   Thumb Code   110  stm32f4xx_hal_tim.o(i.TIM_OC3_SetConfig)
    i.TIM_OC4_SetConfig                      0x080043c0   Section        0  stm32f4xx_hal_tim.o(i.TIM_OC4_SetConfig)
    TIM_OC4_SetConfig                        0x080043c1   Thumb Code    88  stm32f4xx_hal_tim.o(i.TIM_OC4_SetConfig)
    i.TIM_TI1_ConfigInputStage               0x08004420   Section        0  stm32f4xx_hal_tim.o(i.TIM_TI1_ConfigInputStage)
    TIM_TI1_ConfigInputStage                 0x08004421   Thumb Code    42  stm32f4xx_hal_tim.o(i.TIM_TI1_ConfigInputStage)
    i.TIM_TI2_ConfigInputStage               0x0800444a   Section        0  stm32f4xx_hal_tim.o(i.TIM_TI2_ConfigInputStage)
    TIM_TI2_ConfigInputStage                 0x0800444b   Thumb Code    44  stm32f4xx_hal_tim.o(i.TIM_TI2_ConfigInputStage)
    i.Timer_interrupt                        0x08004478   Section        0  timer.o(i.Timer_interrupt)
    i.UART4_IRQHandler                       0x0800451c   Section        0  stm32f4xx_it.o(i.UART4_IRQHandler)
    i.UART_DMAAbortOnError                   0x0800452c   Section        0  stm32f4xx_hal_uart.o(i.UART_DMAAbortOnError)
    UART_DMAAbortOnError                     0x0800452d   Thumb Code    20  stm32f4xx_hal_uart.o(i.UART_DMAAbortOnError)
    i.UART_DMAError                          0x08004540   Section        0  stm32f4xx_hal_uart.o(i.UART_DMAError)
    UART_DMAError                            0x08004541   Thumb Code    80  stm32f4xx_hal_uart.o(i.UART_DMAError)
    i.UART_DMAReceiveCplt                    0x08004590   Section        0  stm32f4xx_hal_uart.o(i.UART_DMAReceiveCplt)
    UART_DMAReceiveCplt                      0x08004591   Thumb Code    70  stm32f4xx_hal_uart.o(i.UART_DMAReceiveCplt)
    i.UART_DMARxHalfCplt                     0x080045d6   Section        0  stm32f4xx_hal_uart.o(i.UART_DMARxHalfCplt)
    UART_DMARxHalfCplt                       0x080045d7   Thumb Code    14  stm32f4xx_hal_uart.o(i.UART_DMARxHalfCplt)
    i.UART_EndRxTransfer                     0x080045e4   Section        0  stm32f4xx_hal_uart.o(i.UART_EndRxTransfer)
    UART_EndRxTransfer                       0x080045e5   Thumb Code    32  stm32f4xx_hal_uart.o(i.UART_EndRxTransfer)
    i.UART_EndTransmit_IT                    0x08004604   Section        0  stm32f4xx_hal_uart.o(i.UART_EndTransmit_IT)
    UART_EndTransmit_IT                      0x08004605   Thumb Code    32  stm32f4xx_hal_uart.o(i.UART_EndTransmit_IT)
    i.UART_EndTxTransfer                     0x08004624   Section        0  stm32f4xx_hal_uart.o(i.UART_EndTxTransfer)
    UART_EndTxTransfer                       0x08004625   Thumb Code    20  stm32f4xx_hal_uart.o(i.UART_EndTxTransfer)
    i.UART_Receive_IT                        0x08004638   Section        0  stm32f4xx_hal_uart.o(i.UART_Receive_IT)
    UART_Receive_IT                          0x08004639   Thumb Code   154  stm32f4xx_hal_uart.o(i.UART_Receive_IT)
    i.UART_SetConfig                         0x080046d4   Section        0  stm32f4xx_hal_uart.o(i.UART_SetConfig)
    UART_SetConfig                           0x080046d5   Thumb Code   864  stm32f4xx_hal_uart.o(i.UART_SetConfig)
    i.UART_Transmit_IT                       0x08004a3c   Section        0  stm32f4xx_hal_uart.o(i.UART_Transmit_IT)
    UART_Transmit_IT                         0x08004a3d   Thumb Code   104  stm32f4xx_hal_uart.o(i.UART_Transmit_IT)
    i.UART_WaitOnFlagUntilTimeout            0x08004aa4   Section        0  stm32f4xx_hal_uart.o(i.UART_WaitOnFlagUntilTimeout)
    UART_WaitOnFlagUntilTimeout              0x08004aa5   Thumb Code   108  stm32f4xx_hal_uart.o(i.UART_WaitOnFlagUntilTimeout)
    i.USART2_IRQHandler                      0x08004b10   Section        0  stm32f4xx_it.o(i.USART2_IRQHandler)
    i.USART6_IRQHandler                      0x08004b20   Section        0  stm32f4xx_it.o(i.USART6_IRQHandler)
    i.Underpan_motor_output                  0x08004b30   Section        0  can_my.o(i.Underpan_motor_output)
    i.UsageFault_Handler                     0x08004b8c   Section        0  stm32f4xx_it.o(i.UsageFault_Handler)
    i._Error_Handler                         0x08004b90   Section        0  main.o(i._Error_Handler)
    i.__scatterload_copy                     0x08004b94   Section       14  handlers.o(i.__scatterload_copy)
    i.__scatterload_null                     0x08004ba2   Section        2  handlers.o(i.__scatterload_null)
    i.__scatterload_zeroinit                 0x08004ba4   Section       14  handlers.o(i.__scatterload_zeroinit)
    i.clearTxData                            0x08004bb4   Section        0  can_my.o(i.clearTxData)
    i.clear_teledata                         0x08004bcc   Section        0  tele_control.o(i.clear_teledata)
    i.debug_init                             0x08004bf0   Section        0  debug_1.o(i.debug_init)
    i.delay_init                             0x08004c08   Section        0  delay.o(i.delay_init)
    i.delay_ms                               0x08004c14   Section        0  delay.o(i.delay_ms)
    i.delay_us                               0x08004c2c   Section        0  delay.o(i.delay_us)
    i.flash_read                             0x08004c74   Section        0  my_flash_1.o(i.flash_read)
    i.flash_read_word                        0x08004c98   Section        0  my_flash_1.o(i.flash_read_word)
    i.flash_write                            0x08004ca0   Section        0  my_flash_1.o(i.flash_write)
    i.main                                   0x08004d28   Section        0  main.o(i.main)
    i.motor_control                          0x08004de4   Section        0  control.o(i.motor_control)
    i.para_init                              0x08004eec   Section        0  control.o(i.para_init)
    i.read_para                              0x08004f28   Section        0  my_flash_1.o(i.read_para)
    i.renew_tele_timer                       0x08004f3c   Section        0  tele_control.o(i.renew_tele_timer)
    i.rounds_control                         0x08004f60   Section        0  control.o(i.rounds_control)
    i.sendware                               0x08005138   Section        0  usart_my.o(i.sendware)
    i.switch_control                         0x08005184   Section        0  control.o(i.switch_control)
    i.telecontroller_data                    0x080052e8   Section        0  tele_control.o(i.telecontroller_data)
    i.underpan_control                       0x080053e0   Section        0  control.o(i.underpan_control)
    i.write_para                             0x0800545c   Section        0  my_flash_1.o(i.write_para)
    .constdata                               0x0800546e   Section       24  system_stm32f4xx.o(.constdata)
    .constdata                               0x08005486   Section        8  stm32f4xx_hal_dma.o(.constdata)
    flagBitshiftOffset                       0x08005486   Data           8  stm32f4xx_hal_dma.o(.constdata)
    .data                                    0x20000000   Section        8  my_flash_1.o(.data)
    .data                                    0x20000008   Section        1  tele_control.o(.data)
    .data                                    0x20000009   Section        8  stm32f4xx_it.o(.data)
    aData                                    0x20000009   Data           8  stm32f4xx_it.o(.data)
    .data                                    0x20000014   Section        4  system_stm32f4xx.o(.data)
    .data                                    0x20000018   Section       20  can_my.o(.data)
    aData                                    0x20000018   Data           8  can_my.o(.data)
    .data                                    0x2000002c   Section       26  control.o(.data)
    aData                                    0x2000002c   Data           8  control.o(.data)
    .data                                    0x20000048   Section       16  timer.o(.data)
    aData                                    0x20000048   Data           8  timer.o(.data)
    .data                                    0x20000058   Section       28  usart_my.o(.data)
    .data                                    0x20000074   Section        1  delay.o(.data)
    fac_us                                   0x20000074   Data           1  delay.o(.data)
    .data                                    0x20000078   Section        9  stm32f4xx_hal.o(.data)
    .bss                                     0x20000084   Section       40  tele_control.o(.bss)
    .bss                                     0x200000ac   Section       40  can.o(.bss)
    .bss                                     0x200000d4   Section      180  tim.o(.bss)
    .bss                                     0x20000188   Section      352  usart.o(.bss)
    .bss                                     0x200002e8   Section      302  can_my.o(.bss)
    .bss                                     0x20000418   Section      468  pid.o(.bss)
    .bss                                     0x200005ec   Section       16  timer.o(.bss)
    .bss                                     0x200005fc   Section      124  mpu6050.o(.bss)
    .bss                                     0x20000678   Section       32  stm32f4xx_hal_flash.o(.bss)
    STACK                                    0x20000698   Section     1024  startup_stm32f427xx.o(STACK)

    Global Symbols

    Symbol Name                              Value     Ov Type        Size  Object(Section)

    BuildAttributes$$THM_ISAv4$E$P$D$K$B$S$7EM$VFPi3$EXTD16$VFPS$VFMA$PE$A:L22UL41UL21$X:L11$S22US41US21$IEEE1$IW$USESV6$~STKCKD$USESV7$~SHL$OTIME$ROPI$EBA8$MICROLIB$REQ8$PRES8$EABIv2 0x00000000   Number         0  anon$$obj.o ABSOLUTE
    __ARM_use_no_argv                        0x00000000   Number         0  main.o ABSOLUTE
    __cpp_initialize__aeabi_                  - Undefined Weak Reference
    __cxa_finalize                            - Undefined Weak Reference
    __decompress                              - Undefined Weak Reference
    _clock_init                               - Undefined Weak Reference
    _microlib_exit                            - Undefined Weak Reference
    __Vectors_Size                           0x000001ac   Number         0  startup_stm32f427xx.o ABSOLUTE
    __Vectors                                0x08000000   Data           4  startup_stm32f427xx.o(RESET)
    __Vectors_End                            0x080001ac   Data           0  startup_stm32f427xx.o(RESET)
    __main                                   0x080001ad   Thumb Code     0  entry.o(.ARM.Collect$$$$00000000)
    _main_stk                                0x080001ad   Thumb Code     0  entry2.o(.ARM.Collect$$$$00000001)
    _main_scatterload                        0x080001b1   Thumb Code     0  entry5.o(.ARM.Collect$$$$00000004)
    __main_after_scatterload                 0x080001b5   Thumb Code     0  entry5.o(.ARM.Collect$$$$00000004)
    _main_clock                              0x080001b5   Thumb Code     0  entry7b.o(.ARM.Collect$$$$00000008)
    _main_cpp_init                           0x080001b5   Thumb Code     0  entry8b.o(.ARM.Collect$$$$0000000A)
    _main_init                               0x080001b5   Thumb Code     0  entry9a.o(.ARM.Collect$$$$0000000B)
    __rt_final_cpp                           0x080001bd   Thumb Code     0  entry10a.o(.ARM.Collect$$$$0000000D)
    __rt_final_exit                          0x080001bd   Thumb Code     0  entry11a.o(.ARM.Collect$$$$0000000F)
    Reset_Handler                            0x080001c1   Thumb Code     8  startup_stm32f427xx.o(.text)
    ADC_IRQHandler                           0x080001db   Thumb Code     0  startup_stm32f427xx.o(.text)
    CAN1_RX1_IRQHandler                      0x080001db   Thumb Code     0  startup_stm32f427xx.o(.text)
    CAN1_SCE_IRQHandler                      0x080001db   Thumb Code     0  startup_stm32f427xx.o(.text)
    CAN2_RX0_IRQHandler                      0x080001db   Thumb Code     0  startup_stm32f427xx.o(.text)
    CAN2_RX1_IRQHandler                      0x080001db   Thumb Code     0  startup_stm32f427xx.o(.text)
    CAN2_SCE_IRQHandler                      0x080001db   Thumb Code     0  startup_stm32f427xx.o(.text)
    CAN2_TX_IRQHandler                       0x080001db   Thumb Code     0  startup_stm32f427xx.o(.text)
    DCMI_IRQHandler                          0x080001db   Thumb Code     0  startup_stm32f427xx.o(.text)
    DMA1_Stream0_IRQHandler                  0x080001db   Thumb Code     0  startup_stm32f427xx.o(.text)
    DMA1_Stream1_IRQHandler                  0x080001db   Thumb Code     0  startup_stm32f427xx.o(.text)
    DMA1_Stream2_IRQHandler                  0x080001db   Thumb Code     0  startup_stm32f427xx.o(.text)
    DMA1_Stream3_IRQHandler                  0x080001db   Thumb Code     0  startup_stm32f427xx.o(.text)
    DMA1_Stream4_IRQHandler                  0x080001db   Thumb Code     0  startup_stm32f427xx.o(.text)
    DMA1_Stream5_IRQHandler                  0x080001db   Thumb Code     0  startup_stm32f427xx.o(.text)
    DMA1_Stream6_IRQHandler                  0x080001db   Thumb Code     0  startup_stm32f427xx.o(.text)
    DMA1_Stream7_IRQHandler                  0x080001db   Thumb Code     0  startup_stm32f427xx.o(.text)
    DMA2D_IRQHandler                         0x080001db   Thumb Code     0  startup_stm32f427xx.o(.text)
    DMA2_Stream0_IRQHandler                  0x080001db   Thumb Code     0  startup_stm32f427xx.o(.text)
    DMA2_Stream1_IRQHandler                  0x080001db   Thumb Code     0  startup_stm32f427xx.o(.text)
    DMA2_Stream3_IRQHandler                  0x080001db   Thumb Code     0  startup_stm32f427xx.o(.text)
    DMA2_Stream4_IRQHandler                  0x080001db   Thumb Code     0  startup_stm32f427xx.o(.text)
    DMA2_Stream5_IRQHandler                  0x080001db   Thumb Code     0  startup_stm32f427xx.o(.text)
    DMA2_Stream6_IRQHandler                  0x080001db   Thumb Code     0  startup_stm32f427xx.o(.text)
    DMA2_Stream7_IRQHandler                  0x080001db   Thumb Code     0  startup_stm32f427xx.o(.text)
    ETH_IRQHandler                           0x080001db   Thumb Code     0  startup_stm32f427xx.o(.text)
    ETH_WKUP_IRQHandler                      0x080001db   Thumb Code     0  startup_stm32f427xx.o(.text)
    EXTI0_IRQHandler                         0x080001db   Thumb Code     0  startup_stm32f427xx.o(.text)
    EXTI15_10_IRQHandler                     0x080001db   Thumb Code     0  startup_stm32f427xx.o(.text)
    EXTI1_IRQHandler                         0x080001db   Thumb Code     0  startup_stm32f427xx.o(.text)
    EXTI2_IRQHandler                         0x080001db   Thumb Code     0  startup_stm32f427xx.o(.text)
    EXTI3_IRQHandler                         0x080001db   Thumb Code     0  startup_stm32f427xx.o(.text)
    EXTI4_IRQHandler                         0x080001db   Thumb Code     0  startup_stm32f427xx.o(.text)
    EXTI9_5_IRQHandler                       0x080001db   Thumb Code     0  startup_stm32f427xx.o(.text)
    FLASH_IRQHandler                         0x080001db   Thumb Code     0  startup_stm32f427xx.o(.text)
    FMC_IRQHandler                           0x080001db   Thumb Code     0  startup_stm32f427xx.o(.text)
    FPU_IRQHandler                           0x080001db   Thumb Code     0  startup_stm32f427xx.o(.text)
    HASH_RNG_IRQHandler                      0x080001db   Thumb Code     0  startup_stm32f427xx.o(.text)
    I2C1_ER_IRQHandler                       0x080001db   Thumb Code     0  startup_stm32f427xx.o(.text)
    I2C1_EV_IRQHandler                       0x080001db   Thumb Code     0  startup_stm32f427xx.o(.text)
    I2C2_ER_IRQHandler                       0x080001db   Thumb Code     0  startup_stm32f427xx.o(.text)
    I2C2_EV_IRQHandler                       0x080001db   Thumb Code     0  startup_stm32f427xx.o(.text)
    I2C3_ER_IRQHandler                       0x080001db   Thumb Code     0  startup_stm32f427xx.o(.text)
    I2C3_EV_IRQHandler                       0x080001db   Thumb Code     0  startup_stm32f427xx.o(.text)
    OTG_FS_IRQHandler                        0x080001db   Thumb Code     0  startup_stm32f427xx.o(.text)
    OTG_FS_WKUP_IRQHandler                   0x080001db   Thumb Code     0  startup_stm32f427xx.o(.text)
    OTG_HS_EP1_IN_IRQHandler                 0x080001db   Thumb Code     0  startup_stm32f427xx.o(.text)
    OTG_HS_EP1_OUT_IRQHandler                0x080001db   Thumb Code     0  startup_stm32f427xx.o(.text)
    OTG_HS_IRQHandler                        0x080001db   Thumb Code     0  startup_stm32f427xx.o(.text)
    OTG_HS_WKUP_IRQHandler                   0x080001db   Thumb Code     0  startup_stm32f427xx.o(.text)
    PVD_IRQHandler                           0x080001db   Thumb Code     0  startup_stm32f427xx.o(.text)
    RCC_IRQHandler                           0x080001db   Thumb Code     0  startup_stm32f427xx.o(.text)
    RTC_Alarm_IRQHandler                     0x080001db   Thumb Code     0  startup_stm32f427xx.o(.text)
    RTC_WKUP_IRQHandler                      0x080001db   Thumb Code     0  startup_stm32f427xx.o(.text)
    SAI1_IRQHandler                          0x080001db   Thumb Code     0  startup_stm32f427xx.o(.text)
    SDIO_IRQHandler                          0x080001db   Thumb Code     0  startup_stm32f427xx.o(.text)
    SPI1_IRQHandler                          0x080001db   Thumb Code     0  startup_stm32f427xx.o(.text)
    SPI2_IRQHandler                          0x080001db   Thumb Code     0  startup_stm32f427xx.o(.text)
    SPI3_IRQHandler                          0x080001db   Thumb Code     0  startup_stm32f427xx.o(.text)
    SPI4_IRQHandler                          0x080001db   Thumb Code     0  startup_stm32f427xx.o(.text)
    SPI5_IRQHandler                          0x080001db   Thumb Code     0  startup_stm32f427xx.o(.text)
    SPI6_IRQHandler                          0x080001db   Thumb Code     0  startup_stm32f427xx.o(.text)
    TAMP_STAMP_IRQHandler                    0x080001db   Thumb Code     0  startup_stm32f427xx.o(.text)
    TIM1_BRK_TIM9_IRQHandler                 0x080001db   Thumb Code     0  startup_stm32f427xx.o(.text)
    TIM1_CC_IRQHandler                       0x080001db   Thumb Code     0  startup_stm32f427xx.o(.text)
    TIM1_TRG_COM_TIM11_IRQHandler            0x080001db   Thumb Code     0  startup_stm32f427xx.o(.text)
    TIM1_UP_TIM10_IRQHandler                 0x080001db   Thumb Code     0  startup_stm32f427xx.o(.text)
    TIM2_IRQHandler                          0x080001db   Thumb Code     0  startup_stm32f427xx.o(.text)
    TIM3_IRQHandler                          0x080001db   Thumb Code     0  startup_stm32f427xx.o(.text)
    TIM4_IRQHandler                          0x080001db   Thumb Code     0  startup_stm32f427xx.o(.text)
    TIM5_IRQHandler                          0x080001db   Thumb Code     0  startup_stm32f427xx.o(.text)
    TIM7_IRQHandler                          0x080001db   Thumb Code     0  startup_stm32f427xx.o(.text)
    TIM8_BRK_TIM12_IRQHandler                0x080001db   Thumb Code     0  startup_stm32f427xx.o(.text)
    TIM8_CC_IRQHandler                       0x080001db   Thumb Code     0  startup_stm32f427xx.o(.text)
    TIM8_TRG_COM_TIM14_IRQHandler            0x080001db   Thumb Code     0  startup_stm32f427xx.o(.text)
    TIM8_UP_TIM13_IRQHandler                 0x080001db   Thumb Code     0  startup_stm32f427xx.o(.text)
    UART5_IRQHandler                         0x080001db   Thumb Code     0  startup_stm32f427xx.o(.text)
    UART7_IRQHandler                         0x080001db   Thumb Code     0  startup_stm32f427xx.o(.text)
    UART8_IRQHandler                         0x080001db   Thumb Code     0  startup_stm32f427xx.o(.text)
    USART1_IRQHandler                        0x080001db   Thumb Code     0  startup_stm32f427xx.o(.text)
    USART3_IRQHandler                        0x080001db   Thumb Code     0  startup_stm32f427xx.o(.text)
    WWDG_IRQHandler                          0x080001db   Thumb Code     0  startup_stm32f427xx.o(.text)
    __aeabi_uldivmod                         0x080001e5   Thumb Code    98  uldiv.o(.text)
    __aeabi_dmul                             0x08000247   Thumb Code   228  dmul.o(.text)
    __aeabi_f2d                              0x0800032b   Thumb Code    38  f2d.o(.text)
    __aeabi_cdcmpeq                          0x08000351   Thumb Code     0  cdcmple.o(.text)
    __aeabi_cdcmple                          0x08000351   Thumb Code    48  cdcmple.o(.text)
    __aeabi_cdrcmple                         0x08000381   Thumb Code    48  cdrcmple.o(.text)
    __aeabi_llsl                             0x080003b1   Thumb Code    30  llshl.o(.text)
    _ll_shift_l                              0x080003b1   Thumb Code     0  llshl.o(.text)
    __aeabi_llsr                             0x080003cf   Thumb Code    32  llushr.o(.text)
    _ll_ushift_r                             0x080003cf   Thumb Code     0  llushr.o(.text)
    __I$use$fp                               0x080003ef   Thumb Code     0  iusefp.o(.text)
    _double_round                            0x080003ef   Thumb Code    30  depilogue.o(.text)
    _double_epilogue                         0x0800040d   Thumb Code   156  depilogue.o(.text)
    __scatterload                            0x080004a9   Thumb Code    28  init.o(.text)
    __scatterload_rt2                        0x080004a9   Thumb Code     0  init.o(.text)
    ALLPID_Init                              0x080004cd   Thumb Code   194  pid.o(i.ALLPID_Init)
    BusFault_Handler                         0x080005d1   Thumb Code     4  stm32f4xx_it.o(i.BusFault_Handler)
    CAN1_Init                                0x080005d5   Thumb Code    62  can_my.o(i.CAN1_Init)
    CAN1_RX0_IRQHandler                      0x08000619   Thumb Code    32  stm32f4xx_it.o(i.CAN1_RX0_IRQHandler)
    CAN1_TX_IRQHandler                       0x08000645   Thumb Code    10  stm32f4xx_it.o(i.CAN1_TX_IRQHandler)
    CAN_Getdata                              0x08000655   Thumb Code   432  can_my.o(i.CAN_Getdata)
    Cloud_motor_output                       0x08000815   Thumb Code    64  can_my.o(i.Cloud_motor_output)
    DMA2_Stream2_IRQHandler                  0x08000865   Thumb Code    14  stm32f4xx_it.o(i.DMA2_Stream2_IRQHandler)
    DebugMon_Handler                         0x08000983   Thumb Code     2  stm32f4xx_it.o(i.DebugMon_Handler)
    FLASH_Erase_Sector                       0x08000985   Thumb Code    92  stm32f4xx_hal_flash_ex.o(i.FLASH_Erase_Sector)
    FLASH_FlushCaches                        0x080009e5   Thumb Code   114  stm32f4xx_hal_flash_ex.o(i.FLASH_FlushCaches)
    FLASH_WaitForLastOperation               0x08000c05   Thumb Code    90  stm32f4xx_hal_flash.o(i.FLASH_WaitForLastOperation)
    HAL_CAN_ActivateNotification             0x08000c69   Thumb Code    44  stm32f4xx_hal_can.o(i.HAL_CAN_ActivateNotification)
    HAL_CAN_AddTxMessage                     0x08000c95   Thumb Code   298  stm32f4xx_hal_can.o(i.HAL_CAN_AddTxMessage)
    HAL_CAN_ConfigFilter                     0x08000dc1   Thumb Code   288  stm32f4xx_hal_can.o(i.HAL_CAN_ConfigFilter)
    HAL_CAN_ErrorCallback                    0x08000ee5   Thumb Code     2  stm32f4xx_hal_can.o(i.HAL_CAN_ErrorCallback)
    HAL_CAN_GetRxMessage                     0x08000ee7   Thumb Code   392  stm32f4xx_hal_can.o(i.HAL_CAN_GetRxMessage)
    HAL_CAN_IRQHandler                       0x0800106f   Thumb Code   590  stm32f4xx_hal_can.o(i.HAL_CAN_IRQHandler)
    HAL_CAN_Init                             0x080012bd   Thumb Code   374  stm32f4xx_hal_can.o(i.HAL_CAN_Init)
    HAL_CAN_MspInit                          0x08001435   Thumb Code   110  can.o(i.HAL_CAN_MspInit)
    HAL_CAN_RxFifo0FullCallback              0x080014b1   Thumb Code     2  stm32f4xx_hal_can.o(i.HAL_CAN_RxFifo0FullCallback)
    HAL_CAN_RxFifo0MsgPendingCallback        0x080014b3   Thumb Code     2  stm32f4xx_hal_can.o(i.HAL_CAN_RxFifo0MsgPendingCallback)
    HAL_CAN_RxFifo1FullCallback              0x080014b5   Thumb Code     2  stm32f4xx_hal_can.o(i.HAL_CAN_RxFifo1FullCallback)
    HAL_CAN_RxFifo1MsgPendingCallback        0x080014b7   Thumb Code     2  stm32f4xx_hal_can.o(i.HAL_CAN_RxFifo1MsgPendingCallback)
    HAL_CAN_SleepCallback                    0x080014b9   Thumb Code     2  stm32f4xx_hal_can.o(i.HAL_CAN_SleepCallback)
    HAL_CAN_Start                            0x080014bb   Thumb Code    96  stm32f4xx_hal_can.o(i.HAL_CAN_Start)
    HAL_CAN_TxMailbox0AbortCallback          0x0800151b   Thumb Code     2  stm32f4xx_hal_can.o(i.HAL_CAN_TxMailbox0AbortCallback)
    HAL_CAN_TxMailbox0CompleteCallback       0x0800151d   Thumb Code     2  stm32f4xx_hal_can.o(i.HAL_CAN_TxMailbox0CompleteCallback)
    HAL_CAN_TxMailbox1AbortCallback          0x0800151f   Thumb Code     2  stm32f4xx_hal_can.o(i.HAL_CAN_TxMailbox1AbortCallback)
    HAL_CAN_TxMailbox1CompleteCallback       0x08001521   Thumb Code     2  stm32f4xx_hal_can.o(i.HAL_CAN_TxMailbox1CompleteCallback)
    HAL_CAN_TxMailbox2AbortCallback          0x08001523   Thumb Code     2  stm32f4xx_hal_can.o(i.HAL_CAN_TxMailbox2AbortCallback)
    HAL_CAN_TxMailbox2CompleteCallback       0x08001525   Thumb Code     2  stm32f4xx_hal_can.o(i.HAL_CAN_TxMailbox2CompleteCallback)
    HAL_CAN_WakeUpFromRxMsgCallback          0x08001527   Thumb Code     2  stm32f4xx_hal_can.o(i.HAL_CAN_WakeUpFromRxMsgCallback)
    HAL_DMA_Abort_IT                         0x08001529   Thumb Code    40  stm32f4xx_hal_dma.o(i.HAL_DMA_Abort_IT)
    HAL_DMA_IRQHandler                       0x08001551   Thumb Code   570  stm32f4xx_hal_dma.o(i.HAL_DMA_IRQHandler)
    HAL_DMA_Init                             0x08001791   Thumb Code   232  stm32f4xx_hal_dma.o(i.HAL_DMA_Init)
    HAL_DMA_Start_IT                         0x0800187d   Thumb Code   158  stm32f4xx_hal_dma.o(i.HAL_DMA_Start_IT)
    HAL_Delay                                0x0800191d   Thumb Code    36  stm32f4xx_hal.o(i.HAL_Delay)
    HAL_FLASHEx_Erase                        0x08001945   Thumb Code   166  stm32f4xx_hal_flash_ex.o(i.HAL_FLASHEx_Erase)
    HAL_FLASH_Lock                           0x080019f5   Thumb Code    16  stm32f4xx_hal_flash.o(i.HAL_FLASH_Lock)
    HAL_FLASH_Program                        0x08001a09   Thumb Code   142  stm32f4xx_hal_flash.o(i.HAL_FLASH_Program)
    HAL_FLASH_Unlock                         0x08001aa1   Thumb Code    38  stm32f4xx_hal_flash.o(i.HAL_FLASH_Unlock)
    HAL_GPIO_Init                            0x08001ad5   Thumb Code   486  stm32f4xx_hal_gpio.o(i.HAL_GPIO_Init)
    HAL_GPIO_WritePin                        0x08001cf1   Thumb Code    12  stm32f4xx_hal_gpio.o(i.HAL_GPIO_WritePin)
    HAL_GetTick                              0x08001cfd   Thumb Code     6  stm32f4xx_hal.o(i.HAL_GetTick)
    HAL_IncTick                              0x08001d09   Thumb Code    16  stm32f4xx_hal.o(i.HAL_IncTick)
    HAL_Init                                 0x08001d21   Thumb Code    54  stm32f4xx_hal.o(i.HAL_Init)
    HAL_InitTick                             0x08001d5d   Thumb Code    64  stm32f4xx_hal.o(i.HAL_InitTick)
    HAL_MspInit                              0x08001da9   Thumb Code   150  stm32f4xx_hal_msp.o(i.HAL_MspInit)
    HAL_MultiProcessor_Init                  0x08001e45   Thumb Code   154  stm32f4xx_hal_uart.o(i.HAL_MultiProcessor_Init)
    HAL_NVIC_EnableIRQ                       0x08001edf   Thumb Code    26  stm32f4xx_hal_cortex.o(i.HAL_NVIC_EnableIRQ)
    HAL_NVIC_SetPriority                     0x08001ef9   Thumb Code   124  stm32f4xx_hal_cortex.o(i.HAL_NVIC_SetPriority)
    HAL_NVIC_SetPriorityGrouping             0x08001f75   Thumb Code    32  stm32f4xx_hal_cortex.o(i.HAL_NVIC_SetPriorityGrouping)
    HAL_PWREx_EnableOverDrive                0x08001f9d   Thumb Code   128  stm32f4xx_hal_pwr_ex.o(i.HAL_PWREx_EnableOverDrive)
    HAL_RCC_ClockConfig                      0x08002029   Thumb Code   366  stm32f4xx_hal_rcc.o(i.HAL_RCC_ClockConfig)
    HAL_RCC_GetHCLKFreq                      0x080021a9   Thumb Code     6  stm32f4xx_hal_rcc.o(i.HAL_RCC_GetHCLKFreq)
    HAL_RCC_GetPCLK1Freq                     0x080021b5   Thumb Code    22  stm32f4xx_hal_rcc.o(i.HAL_RCC_GetPCLK1Freq)
    HAL_RCC_GetPCLK2Freq                     0x080021d5   Thumb Code    22  stm32f4xx_hal_rcc.o(i.HAL_RCC_GetPCLK2Freq)
    HAL_RCC_GetSysClockFreq                  0x080021f5   Thumb Code   162  stm32f4xx_hal_rcc.o(i.HAL_RCC_GetSysClockFreq)
    HAL_RCC_OscConfig                        0x080022a5   Thumb Code  1086  stm32f4xx_hal_rcc.o(i.HAL_RCC_OscConfig)
    HAL_SYSTICK_CLKSourceConfig              0x080026ed   Thumb Code    40  stm32f4xx_hal_cortex.o(i.HAL_SYSTICK_CLKSourceConfig)
    HAL_SYSTICK_Callback                     0x08002715   Thumb Code     2  stm32f4xx_hal_cortex.o(i.HAL_SYSTICK_Callback)
    HAL_SYSTICK_Config                       0x08002717   Thumb Code    52  stm32f4xx_hal_cortex.o(i.HAL_SYSTICK_Config)
    HAL_SYSTICK_IRQHandler                   0x0800274b   Thumb Code     8  stm32f4xx_hal_cortex.o(i.HAL_SYSTICK_IRQHandler)
    HAL_TIMEx_BreakCallback                  0x08002753   Thumb Code     2  stm32f4xx_hal_tim_ex.o(i.HAL_TIMEx_BreakCallback)
    HAL_TIMEx_CommutationCallback            0x08002755   Thumb Code     2  stm32f4xx_hal_tim_ex.o(i.HAL_TIMEx_CommutationCallback)
    HAL_TIMEx_MasterConfigSynchronization    0x08002757   Thumb Code    98  stm32f4xx_hal_tim_ex.o(i.HAL_TIMEx_MasterConfigSynchronization)
    HAL_TIM_Base_Init                        0x080027b9   Thumb Code    52  stm32f4xx_hal_tim.o(i.HAL_TIM_Base_Init)
    HAL_TIM_Base_MspInit                     0x080027ed   Thumb Code   124  tim.o(i.HAL_TIM_Base_MspInit)
    HAL_TIM_Base_Start_IT                    0x08002879   Thumb Code    30  stm32f4xx_hal_tim.o(i.HAL_TIM_Base_Start_IT)
    HAL_TIM_ConfigClockSource                0x08002897   Thumb Code   306  stm32f4xx_hal_tim.o(i.HAL_TIM_ConfigClockSource)
    HAL_TIM_IC_CaptureCallback               0x080029c9   Thumb Code     2  stm32f4xx_hal_tim.o(i.HAL_TIM_IC_CaptureCallback)
    HAL_TIM_IRQHandler                       0x080029cb   Thumb Code   406  stm32f4xx_hal_tim.o(i.HAL_TIM_IRQHandler)
    HAL_TIM_MspPostInit                      0x08002b61   Thumb Code    82  tim.o(i.HAL_TIM_MspPostInit)
    HAL_TIM_OC_DelayElapsedCallback          0x08002bc5   Thumb Code     2  stm32f4xx_hal_tim.o(i.HAL_TIM_OC_DelayElapsedCallback)
    HAL_TIM_PWM_ConfigChannel                0x08002bc7   Thumb Code   264  stm32f4xx_hal_tim.o(i.HAL_TIM_PWM_ConfigChannel)
    HAL_TIM_PWM_Init                         0x08002ccf   Thumb Code    52  stm32f4xx_hal_tim.o(i.HAL_TIM_PWM_Init)
    HAL_TIM_PWM_MspInit                      0x08002d03   Thumb Code     2  stm32f4xx_hal_tim.o(i.HAL_TIM_PWM_MspInit)
    HAL_TIM_PWM_PulseFinishedCallback        0x08002d05   Thumb Code     2  stm32f4xx_hal_tim.o(i.HAL_TIM_PWM_PulseFinishedCallback)
    HAL_TIM_PWM_Start                        0x08002d09   Thumb Code    68  stm32f4xx_hal_tim.o(i.HAL_TIM_PWM_Start)
    HAL_TIM_PeriodElapsedCallback            0x08002d55   Thumb Code     2  stm32f4xx_hal_tim.o(i.HAL_TIM_PeriodElapsedCallback)
    HAL_TIM_TriggerCallback                  0x08002d57   Thumb Code     2  stm32f4xx_hal_tim.o(i.HAL_TIM_TriggerCallback)
    HAL_UART_ErrorCallback                   0x08002d59   Thumb Code    44  usart_my.o(i.HAL_UART_ErrorCallback)
    HAL_UART_IRQHandler                      0x08002d89   Thumb Code   326  stm32f4xx_hal_uart.o(i.HAL_UART_IRQHandler)
    HAL_UART_Init                            0x08002ed5   Thumb Code   114  stm32f4xx_hal_uart.o(i.HAL_UART_Init)
    HAL_UART_MspInit                         0x08002f49   Thumb Code   426  usart.o(i.HAL_UART_MspInit)
    HAL_UART_Receive_DMA                     0x0800312d   Thumb Code   182  stm32f4xx_hal_uart.o(i.HAL_UART_Receive_DMA)
    HAL_UART_RxCpltCallback                  0x080031f1   Thumb Code    12  usart_my.o(i.HAL_UART_RxCpltCallback)
    HAL_UART_RxHalfCpltCallback              0x08003201   Thumb Code     2  stm32f4xx_hal_uart.o(i.HAL_UART_RxHalfCpltCallback)
    HAL_UART_Transmit                        0x08003203   Thumb Code   214  stm32f4xx_hal_uart.o(i.HAL_UART_Transmit)
    HAL_UART_TxCpltCallback                  0x080032d9   Thumb Code     2  stm32f4xx_hal_uart.o(i.HAL_UART_TxCpltCallback)
    HardFault_Handler                        0x080032db   Thumb Code     4  stm32f4xx_it.o(i.HardFault_Handler)
    IIC_Ack                                  0x080032e1   Thumb Code    66  myiic.o(i.IIC_Ack)
    IIC_Init                                 0x08003331   Thumb Code    14  myiic.o(i.IIC_Init)
    IIC_NAck                                 0x08003349   Thumb Code    66  myiic.o(i.IIC_NAck)
    IIC_Read_Byte                            0x08003399   Thumb Code    94  myiic.o(i.IIC_Read_Byte)
    IIC_Send_Byte                            0x08003405   Thumb Code    90  myiic.o(i.IIC_Send_Byte)
    IIC_Start                                0x0800346d   Thumb Code    64  myiic.o(i.IIC_Start)
    IIC_Stop                                 0x080034b9   Thumb Code    62  myiic.o(i.IIC_Stop)
    IIC_Wait_Ack                             0x08003505   Thumb Code    82  myiic.o(i.IIC_Wait_Ack)
    MPU6050_GetData                          0x08003565   Thumb Code   162  mpu6050.o(i.MPU6050_GetData)
    MPU6050_Init                             0x08003611   Thumb Code   154  mpu6050.o(i.MPU6050_Init)
    MPU_Get_Accelerometer                    0x080036b5   Thumb Code    80  mpu6050.o(i.MPU_Get_Accelerometer)
    MPU_Get_Gyroscope                        0x08003705   Thumb Code    80  mpu6050.o(i.MPU_Get_Gyroscope)
    MPU_Read_Byte                            0x08003755   Thumb Code    58  mpu6050.o(i.MPU_Read_Byte)
    MPU_Read_Len                             0x0800378f   Thumb Code   116  mpu6050.o(i.MPU_Read_Len)
    MPU_Set_Accel_Fsr                        0x08003803   Thumb Code    16  mpu6050.o(i.MPU_Set_Accel_Fsr)
    MPU_Set_Gyro_Fsr                         0x08003813   Thumb Code    16  mpu6050.o(i.MPU_Set_Gyro_Fsr)
    MPU_Set_LPF                              0x08003823   Thumb Code    64  mpu6050.o(i.MPU_Set_LPF)
    MPU_Set_Rate                             0x08003863   Thumb Code    58  mpu6050.o(i.MPU_Set_Rate)
    MPU_Write_Byte                           0x0800389d   Thumb Code    68  mpu6050.o(i.MPU_Write_Byte)
    MX_CAN1_Init                             0x080038e1   Thumb Code    64  can.o(i.MX_CAN1_Init)
    MX_DMA_Init                              0x08003939   Thumb Code    36  dma.o(i.MX_DMA_Init)
    MX_GPIO_Init                             0x08003961   Thumb Code   356  gpio.o(i.MX_GPIO_Init)
    MX_TIM12_Init                            0x08003b0d   Thumb Code   150  tim.o(i.MX_TIM12_Init)
    MX_TIM4_Init                             0x08003bbd   Thumb Code   154  tim.o(i.MX_TIM4_Init)
    MX_TIM6_Init                             0x08003c71   Thumb Code    64  tim.o(i.MX_TIM6_Init)
    MX_UART4_Init                            0x08003cc9   Thumb Code    50  usart.o(i.MX_UART4_Init)
    MX_USART1_UART_Init                      0x08003d15   Thumb Code    52  usart.o(i.MX_USART1_UART_Init)
    MX_USART2_UART_Init                      0x08003d65   Thumb Code    54  usart.o(i.MX_USART2_UART_Init)
    MX_USART6_UART_Init                      0x08003db5   Thumb Code    54  usart.o(i.MX_USART6_UART_Init)
    MemManage_Handler                        0x08003e05   Thumb Code     4  stm32f4xx_it.o(i.MemManage_Handler)
    NMI_Handler                              0x08003e09   Thumb Code     2  stm32f4xx_it.o(i.NMI_Handler)
    PID_Calc                                 0x08003e45   Thumb Code   338  pid.o(i.PID_Calc)
    PID_Init                                 0x08003f99   Thumb Code    34  pid.o(i.PID_Init)
    PendSV_Handler                           0x08003fc1   Thumb Code     2  stm32f4xx_it.o(i.PendSV_Handler)
    SVC_Handler                              0x08003fc3   Thumb Code     2  stm32f4xx_it.o(i.SVC_Handler)
    SysTick_Handler                          0x08003fc5   Thumb Code    12  stm32f4xx_it.o(i.SysTick_Handler)
    SystemClock_Config                       0x08003fd1   Thumb Code   210  main.o(i.SystemClock_Config)
    SystemInit                               0x080040bd   Thumb Code    82  system_stm32f4xx.o(i.SystemInit)
    TIM6_DAC_IRQHandler                      0x08004121   Thumb Code    14  stm32f4xx_it.o(i.TIM6_DAC_IRQHandler)
    TIM_Base_SetConfig                       0x08004135   Thumb Code   184  stm32f4xx_hal_tim.o(i.TIM_Base_SetConfig)
    TIM_CCxChannelCmd                        0x08004219   Thumb Code    28  stm32f4xx_hal_tim.o(i.TIM_CCxChannelCmd)
    TIM_OC2_SetConfig                        0x080042d1   Thumb Code   112  stm32f4xx_hal_tim.o(i.TIM_OC2_SetConfig)
    Timer_interrupt                          0x08004479   Thumb Code   138  timer.o(i.Timer_interrupt)
    UART4_IRQHandler                         0x0800451d   Thumb Code    10  stm32f4xx_it.o(i.UART4_IRQHandler)
    USART2_IRQHandler                        0x08004b11   Thumb Code    10  stm32f4xx_it.o(i.USART2_IRQHandler)
    USART6_IRQHandler                        0x08004b21   Thumb Code    10  stm32f4xx_it.o(i.USART6_IRQHandler)
    Underpan_motor_output                    0x08004b31   Thumb Code    76  can_my.o(i.Underpan_motor_output)
    UsageFault_Handler                       0x08004b8d   Thumb Code     4  stm32f4xx_it.o(i.UsageFault_Handler)
    _Error_Handler                           0x08004b91   Thumb Code     4  main.o(i._Error_Handler)
    __scatterload_copy                       0x08004b95   Thumb Code    14  handlers.o(i.__scatterload_copy)
    __scatterload_null                       0x08004ba3   Thumb Code     2  handlers.o(i.__scatterload_null)
    __scatterload_zeroinit                   0x08004ba5   Thumb Code    14  handlers.o(i.__scatterload_zeroinit)
    clearTxData                              0x08004bb5   Thumb Code    20  can_my.o(i.clearTxData)
    clear_teledata                           0x08004bcd   Thumb Code    32  tele_control.o(i.clear_teledata)
    debug_init                               0x08004bf1   Thumb Code    14  debug_1.o(i.debug_init)
    delay_init                               0x08004c09   Thumb Code     6  delay.o(i.delay_init)
    delay_ms                                 0x08004c15   Thumb Code    24  delay.o(i.delay_ms)
    delay_us                                 0x08004c2d   Thumb Code    68  delay.o(i.delay_us)
    flash_read                               0x08004c75   Thumb Code    32  my_flash_1.o(i.flash_read)
    flash_read_word                          0x08004c99   Thumb Code     6  my_flash_1.o(i.flash_read_word)
    flash_write                              0x08004ca1   Thumb Code   132  my_flash_1.o(i.flash_write)
    main                                     0x08004d29   Thumb Code   166  main.o(i.main)
    motor_control                            0x08004de5   Thumb Code   222  control.o(i.motor_control)
    para_init                                0x08004eed   Thumb Code    38  control.o(i.para_init)
    read_para                                0x08004f29   Thumb Code    18  my_flash_1.o(i.read_para)
    renew_tele_timer                         0x08004f3d   Thumb Code    30  tele_control.o(i.renew_tele_timer)
    rounds_control                           0x08004f61   Thumb Code   432  control.o(i.rounds_control)
    sendware                                 0x08005139   Thumb Code    62  usart_my.o(i.sendware)
    switch_control                           0x08005185   Thumb Code   314  control.o(i.switch_control)
    telecontroller_data                      0x080052e9   Thumb Code   236  tele_control.o(i.telecontroller_data)
    underpan_control                         0x080053e1   Thumb Code   114  control.o(i.underpan_control)
    write_para                               0x0800545d   Thumb Code    18  my_flash_1.o(i.write_para)
    AHBPrescTable                            0x0800546e   Data          16  system_stm32f4xx.o(.constdata)
    APBPrescTable                            0x0800547e   Data           8  system_stm32f4xx.o(.constdata)
    Region$$Table$$Base                      0x08005490   Number         0  anon$$obj.o(Region$$Table)
    Region$$Table$$Limit                     0x080054b0   Number         0  anon$$obj.o(Region$$Table)
    my_data                                  0x20000000   Data           8  my_flash_1.o(.data)
    tele_timer                               0x20000008   Data           1  tele_control.o(.data)
    SystemCoreClock                          0x20000014   Data           4  system_stm32f4xx.o(.data)
    TxData                                   0x20000020   Data           8  can_my.o(.data)
    pTxMailbox                               0x20000028   Data           4  can_my.o(.data)
    run_mod                                  0x20000034   Data           1  control.o(.data)
    underpan_switch                          0x20000035   Data           1  control.o(.data)
    cloud_ctrl_switch                        0x20000036   Data           1  control.o(.data)
    shoot_switch                             0x20000037   Data           1  control.o(.data)
    track_mod                                0x20000038   Data           1  control.o(.data)
    track_position                           0x2000003c   Data           4  control.o(.data)
    track_len                                0x20000040   Data           4  control.o(.data)
    movement_dir                             0x20000044   Data           1  control.o(.data)
    auto_mod                                 0x20000045   Data           1  control.o(.data)
    Timetick1ms                              0x20000050   Data           2  timer.o(.data)
    tim_timer                                0x20000054   Data           4  timer.o(.data)
    cheat_ready                              0x20000058   Data           1  usart_my.o(.data)
    a                                        0x20000059   Data           1  usart_my.o(.data)
    angle                                    0x20000060   Data           8  usart_my.o(.data)
    RX_PID_Count                             0x20000068   Data           1  usart_my.o(.data)
    RX_PID_Sum                               0x20000069   Data           1  usart_my.o(.data)
    pidReadBuf                               0x2000006a   Data           1  usart_my.o(.data)
    charBuf                                  0x2000006b   Data           4  usart_my.o(.data)
    pidAdjust                                0x20000070   Data           4  usart_my.o(.data)
    uwTick                                   0x20000078   Data           4  stm32f4xx_hal.o(.data)
    uwTickPrio                               0x2000007c   Data           4  stm32f4xx_hal.o(.data)
    uwTickFreq                               0x20000080   Data           1  stm32f4xx_hal.o(.data)
    teledata_rx                              0x20000084   Data          18  tele_control.o(.bss)
    tele_data                                0x20000096   Data          22  tele_control.o(.bss)
    hcan1                                    0x200000ac   Data          40  can.o(.bss)
    htim4                                    0x200000d4   Data          60  tim.o(.bss)
    htim6                                    0x20000110   Data          60  tim.o(.bss)
    htim12                                   0x2000014c   Data          60  tim.o(.bss)
    huart4                                   0x20000188   Data          64  usart.o(.bss)
    huart1                                   0x200001c8   Data          64  usart.o(.bss)
    huart2                                   0x20000208   Data          64  usart.o(.bss)
    huart6                                   0x20000248   Data          64  usart.o(.bss)
    hdma_usart1_rx                           0x20000288   Data          96  usart.o(.bss)
    Tx1Message                               0x200002e8   Data          24  can_my.o(.bss)
    Rx1Message                               0x20000300   Data          28  can_my.o(.bss)
    underpan_para                            0x2000031c   Data         208  can_my.o(.bss)
    cloud_pitch                              0x200003ec   Data          14  can_my.o(.bss)
    cloud_yaw                                0x200003fa   Data          14  can_my.o(.bss)
    dan                                      0x20000408   Data          14  can_my.o(.bss)
    cloud_pitch_speed_pid                    0x20000418   Data          52  pid.o(.bss)
    cloud_pitch_position_pid                 0x2000044c   Data          52  pid.o(.bss)
    cloud_yaw_speed_pid                      0x20000480   Data          52  pid.o(.bss)
    cloud_yaw_position_pid                   0x200004b4   Data          52  pid.o(.bss)
    underpan_motor                           0x200004e8   Data         208  pid.o(.bss)
    dan_pid                                  0x200005b8   Data          52  pid.o(.bss)
    output                                   0x200005ec   Data          16  timer.o(.bss)
    mpu6050                                  0x200005fc   Data         124  mpu6050.o(.bss)
    pFlash                                   0x20000678   Data          32  stm32f4xx_hal_flash.o(.bss)
    __initial_sp                             0x20000a98   Data           0  startup_stm32f427xx.o(STACK)



==============================================================================

Memory Map of the image

  Image Entry point : 0x080001ad

  Load Region LR_IROM1 (Base: 0x08000000, Size: 0x00005534, Max: 0x00200000, ABSOLUTE)

    Execution Region ER_IROM1 (Base: 0x08000000, Size: 0x000054b0, Max: 0x00200000, ABSOLUTE)

    Base Addr    Size         Type   Attr      Idx    E Section Name        Object

    0x08000000   0x000001ac   Data   RO            3    RESET               startup_stm32f427xx.o
    0x080001ac   0x00000000   Code   RO         3812  * .ARM.Collect$$$$00000000  mc_w.l(entry.o)
    0x080001ac   0x00000004   Code   RO         3833    .ARM.Collect$$$$00000001  mc_w.l(entry2.o)
    0x080001b0   0x00000004   Code   RO         3836    .ARM.Collect$$$$00000004  mc_w.l(entry5.o)
    0x080001b4   0x00000000   Code   RO         3838    .ARM.Collect$$$$00000008  mc_w.l(entry7b.o)
    0x080001b4   0x00000000   Code   RO         3840    .ARM.Collect$$$$0000000A  mc_w.l(entry8b.o)
    0x080001b4   0x00000008   Code   RO         3841    .ARM.Collect$$$$0000000B  mc_w.l(entry9a.o)
    0x080001bc   0x00000000   Code   RO         3843    .ARM.Collect$$$$0000000D  mc_w.l(entry10a.o)
    0x080001bc   0x00000000   Code   RO         3845    .ARM.Collect$$$$0000000F  mc_w.l(entry11a.o)
    0x080001bc   0x00000004   Code   RO         3834    .ARM.Collect$$$$00002712  mc_w.l(entry2.o)
    0x080001c0   0x00000024   Code   RO            4    .text               startup_stm32f427xx.o
    0x080001e4   0x00000062   Code   RO         3815    .text               mc_w.l(uldiv.o)
    0x08000246   0x000000e4   Code   RO         3819    .text               mf_w.l(dmul.o)
    0x0800032a   0x00000026   Code   RO         3825    .text               mf_w.l(f2d.o)
    0x08000350   0x00000030   Code   RO         3827    .text               mf_w.l(cdcmple.o)
    0x08000380   0x00000030   Code   RO         3829    .text               mf_w.l(cdrcmple.o)
    0x080003b0   0x0000001e   Code   RO         3847    .text               mc_w.l(llshl.o)
    0x080003ce   0x00000020   Code   RO         3849    .text               mc_w.l(llushr.o)
    0x080003ee   0x00000000   Code   RO         3853    .text               mc_w.l(iusefp.o)
    0x080003ee   0x000000ba   Code   RO         3856    .text               mf_w.l(depilogue.o)
    0x080004a8   0x00000024   Code   RO         3858    .text               mc_w.l(init.o)
    0x080004cc   0x00000104   Code   RO          848    i.ALLPID_Init       pid.o
    0x080005d0   0x00000004   Code   RO          536    i.BusFault_Handler  stm32f4xx_it.o
    0x080005d4   0x00000044   Code   RO          728    i.CAN1_Init         can_my.o
    0x08000618   0x0000002c   Code   RO          537    i.CAN1_RX0_IRQHandler  stm32f4xx_it.o
    0x08000644   0x00000010   Code   RO          538    i.CAN1_TX_IRQHandler  stm32f4xx_it.o
    0x08000654   0x000001c0   Code   RO          729    i.CAN_Getdata       can_my.o
    0x08000814   0x00000050   Code   RO          730    i.Cloud_motor_output  can_my.o
    0x08000864   0x00000014   Code   RO          539    i.DMA2_Stream2_IRQHandler  stm32f4xx_it.o
    0x08000878   0x00000034   Code   RO         3194    i.DMA_CalcBaseAndBitshift  stm32f4xx_hal_dma.o
    0x080008ac   0x000000aa   Code   RO         3195    i.DMA_CheckFifoParam  stm32f4xx_hal_dma.o
    0x08000956   0x0000002c   Code   RO         3196    i.DMA_SetConfig     stm32f4xx_hal_dma.o
    0x08000982   0x00000002   Code   RO          540    i.DebugMon_Handler  stm32f4xx_it.o
    0x08000984   0x00000060   Code   RO         2919    i.FLASH_Erase_Sector  stm32f4xx_hal_flash_ex.o
    0x080009e4   0x00000078   Code   RO         2920    i.FLASH_FlushCaches  stm32f4xx_hal_flash_ex.o
    0x08000a5c   0x00000054   Code   RO         2921    i.FLASH_MassErase   stm32f4xx_hal_flash_ex.o
    0x08000ab0   0x00000024   Code   RO         2801    i.FLASH_Program_Byte  stm32f4xx_hal_flash.o
    0x08000ad4   0x0000002c   Code   RO         2802    i.FLASH_Program_DoubleWord  stm32f4xx_hal_flash.o
    0x08000b00   0x00000028   Code   RO         2803    i.FLASH_Program_HalfWord  stm32f4xx_hal_flash.o
    0x08000b28   0x00000028   Code   RO         2804    i.FLASH_Program_Word  stm32f4xx_hal_flash.o
    0x08000b50   0x000000b4   Code   RO         2805    i.FLASH_SetErrorCode  stm32f4xx_hal_flash.o
    0x08000c04   0x00000064   Code   RO         2806    i.FLASH_WaitForLastOperation  stm32f4xx_hal_flash.o
    0x08000c68   0x0000002c   Code   RO         1189    i.HAL_CAN_ActivateNotification  stm32f4xx_hal_can.o
    0x08000c94   0x0000012a   Code   RO         1190    i.HAL_CAN_AddTxMessage  stm32f4xx_hal_can.o
    0x08000dbe   0x00000002   PAD
    0x08000dc0   0x00000124   Code   RO         1191    i.HAL_CAN_ConfigFilter  stm32f4xx_hal_can.o
    0x08000ee4   0x00000002   Code   RO         1194    i.HAL_CAN_ErrorCallback  stm32f4xx_hal_can.o
    0x08000ee6   0x00000188   Code   RO         1197    i.HAL_CAN_GetRxMessage  stm32f4xx_hal_can.o
    0x0800106e   0x0000024e   Code   RO         1201    i.HAL_CAN_IRQHandler  stm32f4xx_hal_can.o
    0x080012bc   0x00000176   Code   RO         1202    i.HAL_CAN_Init      stm32f4xx_hal_can.o
    0x08001432   0x00000002   PAD
    0x08001434   0x0000007c   Code   RO          351    i.HAL_CAN_MspInit   can.o
    0x080014b0   0x00000002   Code   RO         1209    i.HAL_CAN_RxFifo0FullCallback  stm32f4xx_hal_can.o
    0x080014b2   0x00000002   Code   RO         1210    i.HAL_CAN_RxFifo0MsgPendingCallback  stm32f4xx_hal_can.o
    0x080014b4   0x00000002   Code   RO         1211    i.HAL_CAN_RxFifo1FullCallback  stm32f4xx_hal_can.o
    0x080014b6   0x00000002   Code   RO         1212    i.HAL_CAN_RxFifo1MsgPendingCallback  stm32f4xx_hal_can.o
    0x080014b8   0x00000002   Code   RO         1213    i.HAL_CAN_SleepCallback  stm32f4xx_hal_can.o
    0x080014ba   0x00000060   Code   RO         1214    i.HAL_CAN_Start     stm32f4xx_hal_can.o
    0x0800151a   0x00000002   Code   RO         1216    i.HAL_CAN_TxMailbox0AbortCallback  stm32f4xx_hal_can.o
    0x0800151c   0x00000002   Code   RO         1217    i.HAL_CAN_TxMailbox0CompleteCallback  stm32f4xx_hal_can.o
    0x0800151e   0x00000002   Code   RO         1218    i.HAL_CAN_TxMailbox1AbortCallback  stm32f4xx_hal_can.o
    0x08001520   0x00000002   Code   RO         1219    i.HAL_CAN_TxMailbox1CompleteCallback  stm32f4xx_hal_can.o
    0x08001522   0x00000002   Code   RO         1220    i.HAL_CAN_TxMailbox2AbortCallback  stm32f4xx_hal_can.o
    0x08001524   0x00000002   Code   RO         1221    i.HAL_CAN_TxMailbox2CompleteCallback  stm32f4xx_hal_can.o
    0x08001526   0x00000002   Code   RO         1223    i.HAL_CAN_WakeUpFromRxMsgCallback  stm32f4xx_hal_can.o
    0x08001528   0x00000028   Code   RO         3198    i.HAL_DMA_Abort_IT  stm32f4xx_hal_dma.o
    0x08001550   0x00000240   Code   RO         3202    i.HAL_DMA_IRQHandler  stm32f4xx_hal_dma.o
    0x08001790   0x000000ec   Code   RO         3203    i.HAL_DMA_Init      stm32f4xx_hal_dma.o
    0x0800187c   0x0000009e   Code   RO         3207    i.HAL_DMA_Start_IT  stm32f4xx_hal_dma.o
    0x0800191a   0x00000002   PAD
    0x0800191c   0x00000028   Code   RO         3639    i.HAL_Delay         stm32f4xx_hal.o
    0x08001944   0x000000b0   Code   RO         2936    i.HAL_FLASHEx_Erase  stm32f4xx_hal_flash_ex.o
    0x080019f4   0x00000014   Code   RO         2810    i.HAL_FLASH_Lock    stm32f4xx_hal_flash.o
    0x08001a08   0x00000098   Code   RO         2815    i.HAL_FLASH_Program  stm32f4xx_hal_flash.o
    0x08001aa0   0x00000034   Code   RO         2817    i.HAL_FLASH_Unlock  stm32f4xx_hal_flash.o
    0x08001ad4   0x0000021c   Code   RO         3090    i.HAL_GPIO_Init     stm32f4xx_hal_gpio.o
    0x08001cf0   0x0000000c   Code   RO         3094    i.HAL_GPIO_WritePin  stm32f4xx_hal_gpio.o
    0x08001cfc   0x0000000c   Code   RO         3647    i.HAL_GetTick       stm32f4xx_hal.o
    0x08001d08   0x00000018   Code   RO         3651    i.HAL_IncTick       stm32f4xx_hal.o
    0x08001d20   0x0000003c   Code   RO         3652    i.HAL_Init          stm32f4xx_hal.o
    0x08001d5c   0x0000004c   Code   RO         3653    i.HAL_InitTick      stm32f4xx_hal.o
    0x08001da8   0x0000009c   Code   RO          667    i.HAL_MspInit       stm32f4xx_hal_msp.o
    0x08001e44   0x0000009a   Code   RO         2309    i.HAL_MultiProcessor_Init  stm32f4xx_hal_uart.o
    0x08001ede   0x0000001a   Code   RO         3497    i.HAL_NVIC_EnableIRQ  stm32f4xx_hal_cortex.o
    0x08001ef8   0x0000007c   Code   RO         3503    i.HAL_NVIC_SetPriority  stm32f4xx_hal_cortex.o
    0x08001f74   0x00000028   Code   RO         3504    i.HAL_NVIC_SetPriorityGrouping  stm32f4xx_hal_cortex.o
    0x08001f9c   0x0000008c   Code   RO         3426    i.HAL_PWREx_EnableOverDrive  stm32f4xx_hal_pwr_ex.o
    0x08002028   0x00000180   Code   RO         2634    i.HAL_RCC_ClockConfig  stm32f4xx_hal_rcc.o
    0x080021a8   0x0000000c   Code   RO         2639    i.HAL_RCC_GetHCLKFreq  stm32f4xx_hal_rcc.o
    0x080021b4   0x00000020   Code   RO         2641    i.HAL_RCC_GetPCLK1Freq  stm32f4xx_hal_rcc.o
    0x080021d4   0x00000020   Code   RO         2642    i.HAL_RCC_GetPCLK2Freq  stm32f4xx_hal_rcc.o
    0x080021f4   0x000000b0   Code   RO         2643    i.HAL_RCC_GetSysClockFreq  stm32f4xx_hal_rcc.o
    0x080022a4   0x00000448   Code   RO         2646    i.HAL_RCC_OscConfig  stm32f4xx_hal_rcc.o
    0x080026ec   0x00000028   Code   RO         3506    i.HAL_SYSTICK_CLKSourceConfig  stm32f4xx_hal_cortex.o
    0x08002714   0x00000002   Code   RO         3507    i.HAL_SYSTICK_Callback  stm32f4xx_hal_cortex.o
    0x08002716   0x00000034   Code   RO         3508    i.HAL_SYSTICK_Config  stm32f4xx_hal_cortex.o
    0x0800274a   0x00000008   Code   RO         3509    i.HAL_SYSTICK_IRQHandler  stm32f4xx_hal_cortex.o
    0x08002752   0x00000002   Code   RO         2063    i.HAL_TIMEx_BreakCallback  stm32f4xx_hal_tim_ex.o
    0x08002754   0x00000002   Code   RO         2064    i.HAL_TIMEx_CommutationCallback  stm32f4xx_hal_tim_ex.o
    0x08002756   0x00000062   Code   RO         2080    i.HAL_TIMEx_MasterConfigSynchronization  stm32f4xx_hal_tim_ex.o
    0x080027b8   0x00000034   Code   RO         1424    i.HAL_TIM_Base_Init  stm32f4xx_hal_tim.o
    0x080027ec   0x0000008c   Code   RO          417    i.HAL_TIM_Base_MspInit  tim.o
    0x08002878   0x0000001e   Code   RO         1429    i.HAL_TIM_Base_Start_IT  stm32f4xx_hal_tim.o
    0x08002896   0x00000132   Code   RO         1433    i.HAL_TIM_ConfigClockSource  stm32f4xx_hal_tim.o
    0x080029c8   0x00000002   Code   RO         1453    i.HAL_TIM_IC_CaptureCallback  stm32f4xx_hal_tim.o
    0x080029ca   0x00000196   Code   RO         1466    i.HAL_TIM_IRQHandler  stm32f4xx_hal_tim.o
    0x08002b60   0x00000064   Code   RO          418    i.HAL_TIM_MspPostInit  tim.o
    0x08002bc4   0x00000002   Code   RO         1469    i.HAL_TIM_OC_DelayElapsedCallback  stm32f4xx_hal_tim.o
    0x08002bc6   0x00000108   Code   RO         1490    i.HAL_TIM_PWM_ConfigChannel  stm32f4xx_hal_tim.o
    0x08002cce   0x00000034   Code   RO         1493    i.HAL_TIM_PWM_Init  stm32f4xx_hal_tim.o
    0x08002d02   0x00000002   Code   RO         1495    i.HAL_TIM_PWM_MspInit  stm32f4xx_hal_tim.o
    0x08002d04   0x00000002   Code   RO         1496    i.HAL_TIM_PWM_PulseFinishedCallback  stm32f4xx_hal_tim.o
    0x08002d06   0x00000002   PAD
    0x08002d08   0x0000004c   Code   RO         1497    i.HAL_TIM_PWM_Start  stm32f4xx_hal_tim.o
    0x08002d54   0x00000002   Code   RO         1503    i.HAL_TIM_PeriodElapsedCallback  stm32f4xx_hal_tim.o
    0x08002d56   0x00000002   Code   RO         1507    i.HAL_TIM_TriggerCallback  stm32f4xx_hal_tim.o
    0x08002d58   0x00000030   Code   RO          931    i.HAL_UART_ErrorCallback  usart_my.o
    0x08002d88   0x0000014c   Code   RO         2326    i.HAL_UART_IRQHandler  stm32f4xx_hal_uart.o
    0x08002ed4   0x00000072   Code   RO         2327    i.HAL_UART_Init     stm32f4xx_hal_uart.o
    0x08002f46   0x00000002   PAD
    0x08002f48   0x000001e4   Code   RO          477    i.HAL_UART_MspInit  usart.o
    0x0800312c   0x000000c4   Code   RO         2331    i.HAL_UART_Receive_DMA  stm32f4xx_hal_uart.o
    0x080031f0   0x00000010   Code   RO          932    i.HAL_UART_RxCpltCallback  usart_my.o
    0x08003200   0x00000002   Code   RO         2334    i.HAL_UART_RxHalfCpltCallback  stm32f4xx_hal_uart.o
    0x08003202   0x000000d6   Code   RO         2335    i.HAL_UART_Transmit  stm32f4xx_hal_uart.o
    0x080032d8   0x00000002   Code   RO         2338    i.HAL_UART_TxCpltCallback  stm32f4xx_hal_uart.o
    0x080032da   0x00000004   Code   RO          541    i.HardFault_Handler  stm32f4xx_it.o
    0x080032de   0x00000002   PAD
    0x080032e0   0x00000050   Code   RO         1122    i.IIC_Ack           myiic.o
    0x08003330   0x00000018   Code   RO         1123    i.IIC_Init          myiic.o
    0x08003348   0x00000050   Code   RO         1124    i.IIC_NAck          myiic.o
    0x08003398   0x0000006c   Code   RO         1125    i.IIC_Read_Byte     myiic.o
    0x08003404   0x00000068   Code   RO         1126    i.IIC_Send_Byte     myiic.o
    0x0800346c   0x0000004c   Code   RO         1127    i.IIC_Start         myiic.o
    0x080034b8   0x0000004c   Code   RO         1128    i.IIC_Stop          myiic.o
    0x08003504   0x00000060   Code   RO         1129    i.IIC_Wait_Ack      myiic.o
    0x08003564   0x000000ac   Code   RO          976    i.MPU6050_GetData   mpu6050.o
    0x08003610   0x000000a4   Code   RO          978    i.MPU6050_Init      mpu6050.o
    0x080036b4   0x00000050   Code   RO          979    i.MPU_Get_Accelerometer  mpu6050.o
    0x08003704   0x00000050   Code   RO          980    i.MPU_Get_Gyroscope  mpu6050.o
    0x08003754   0x0000003a   Code   RO          982    i.MPU_Read_Byte     mpu6050.o
    0x0800378e   0x00000074   Code   RO          983    i.MPU_Read_Len      mpu6050.o
    0x08003802   0x00000010   Code   RO          984    i.MPU_Set_Accel_Fsr  mpu6050.o
    0x08003812   0x00000010   Code   RO          985    i.MPU_Set_Gyro_Fsr  mpu6050.o
    0x08003822   0x00000040   Code   RO          986    i.MPU_Set_LPF       mpu6050.o
    0x08003862   0x0000003a   Code   RO          987    i.MPU_Set_Rate      mpu6050.o
    0x0800389c   0x00000044   Code   RO          988    i.MPU_Write_Byte    mpu6050.o
    0x080038e0   0x00000058   Code   RO          352    i.MX_CAN1_Init      can.o
    0x08003938   0x00000028   Code   RO          392    i.MX_DMA_Init       dma.o
    0x08003960   0x00000178   Code   RO          326    i.MX_GPIO_Init      gpio.o
    0x08003ad8   0x00000034   Code   RO          243    i.MX_NVIC_Init      main.o
    0x08003b0c   0x000000b0   Code   RO          419    i.MX_TIM12_Init     tim.o
    0x08003bbc   0x000000b4   Code   RO          420    i.MX_TIM4_Init      tim.o
    0x08003c70   0x00000058   Code   RO          421    i.MX_TIM6_Init      tim.o
    0x08003cc8   0x0000004c   Code   RO          478    i.MX_UART4_Init     usart.o
    0x08003d14   0x00000050   Code   RO          479    i.MX_USART1_UART_Init  usart.o
    0x08003d64   0x00000050   Code   RO          480    i.MX_USART2_UART_Init  usart.o
    0x08003db4   0x00000050   Code   RO          481    i.MX_USART6_UART_Init  usart.o
    0x08003e04   0x00000004   Code   RO          542    i.MemManage_Handler  stm32f4xx_it.o
    0x08003e08   0x00000002   Code   RO          543    i.NMI_Handler       stm32f4xx_it.o
    0x08003e0a   0x00000002   PAD
    0x08003e0c   0x00000010   Code   RO         3510    i.NVIC_GetPriorityGrouping  stm32f4xx_hal_cortex.o
    0x08003e1c   0x00000028   Code   RO         3511    i.NVIC_SetPriority  stm32f4xx_hal_cortex.o
    0x08003e44   0x00000152   Code   RO          851    i.PID_Calc          pid.o
    0x08003f96   0x00000002   PAD
    0x08003f98   0x00000028   Code   RO          852    i.PID_Init          pid.o
    0x08003fc0   0x00000002   Code   RO          544    i.PendSV_Handler    stm32f4xx_it.o
    0x08003fc2   0x00000002   Code   RO          545    i.SVC_Handler       stm32f4xx_it.o
    0x08003fc4   0x0000000c   Code   RO          546    i.SysTick_Handler   stm32f4xx_it.o
    0x08003fd0   0x000000ec   Code   RO          244    i.SystemClock_Config  main.o
    0x080040bc   0x00000064   Code   RO          692    i.SystemInit        system_stm32f4xx.o
    0x08004120   0x00000014   Code   RO          547    i.TIM6_DAC_IRQHandler  stm32f4xx_it.o
    0x08004134   0x000000e4   Code   RO         1508    i.TIM_Base_SetConfig  stm32f4xx_hal_tim.o
    0x08004218   0x0000001c   Code   RO         1509    i.TIM_CCxChannelCmd  stm32f4xx_hal_tim.o
    0x08004234   0x00000018   Code   RO         1515    i.TIM_ETR_SetConfig  stm32f4xx_hal_tim.o
    0x0800424c   0x00000014   Code   RO         1516    i.TIM_ITRx_SetConfig  stm32f4xx_hal_tim.o
    0x08004260   0x00000070   Code   RO         1517    i.TIM_OC1_SetConfig  stm32f4xx_hal_tim.o
    0x080042d0   0x00000078   Code   RO         1518    i.TIM_OC2_SetConfig  stm32f4xx_hal_tim.o
    0x08004348   0x00000078   Code   RO         1519    i.TIM_OC3_SetConfig  stm32f4xx_hal_tim.o
    0x080043c0   0x00000060   Code   RO         1520    i.TIM_OC4_SetConfig  stm32f4xx_hal_tim.o
    0x08004420   0x0000002a   Code   RO         1522    i.TIM_TI1_ConfigInputStage  stm32f4xx_hal_tim.o
    0x0800444a   0x0000002c   Code   RO         1524    i.TIM_TI2_ConfigInputStage  stm32f4xx_hal_tim.o
    0x08004476   0x00000002   PAD
    0x08004478   0x000000a4   Code   RO          903    i.Timer_interrupt   timer.o
    0x0800451c   0x00000010   Code   RO          548    i.UART4_IRQHandler  stm32f4xx_it.o
    0x0800452c   0x00000014   Code   RO         2340    i.UART_DMAAbortOnError  stm32f4xx_hal_uart.o
    0x08004540   0x00000050   Code   RO         2341    i.UART_DMAError     stm32f4xx_hal_uart.o
    0x08004590   0x00000046   Code   RO         2342    i.UART_DMAReceiveCplt  stm32f4xx_hal_uart.o
    0x080045d6   0x0000000e   Code   RO         2344    i.UART_DMARxHalfCplt  stm32f4xx_hal_uart.o
    0x080045e4   0x00000020   Code   RO         2350    i.UART_EndRxTransfer  stm32f4xx_hal_uart.o
    0x08004604   0x00000020   Code   RO         2351    i.UART_EndTransmit_IT  stm32f4xx_hal_uart.o
    0x08004624   0x00000014   Code   RO         2352    i.UART_EndTxTransfer  stm32f4xx_hal_uart.o
    0x08004638   0x0000009a   Code   RO         2353    i.UART_Receive_IT   stm32f4xx_hal_uart.o
    0x080046d2   0x00000002   PAD
    0x080046d4   0x00000368   Code   RO         2354    i.UART_SetConfig    stm32f4xx_hal_uart.o
    0x08004a3c   0x00000068   Code   RO         2355    i.UART_Transmit_IT  stm32f4xx_hal_uart.o
    0x08004aa4   0x0000006c   Code   RO         2356    i.UART_WaitOnFlagUntilTimeout  stm32f4xx_hal_uart.o
    0x08004b10   0x00000010   Code   RO          549    i.USART2_IRQHandler  stm32f4xx_it.o
    0x08004b20   0x00000010   Code   RO          550    i.USART6_IRQHandler  stm32f4xx_it.o
    0x08004b30   0x0000005c   Code   RO          731    i.Underpan_motor_output  can_my.o
    0x08004b8c   0x00000004   Code   RO          551    i.UsageFault_Handler  stm32f4xx_it.o
    0x08004b90   0x00000004   Code   RO          245    i._Error_Handler    main.o
    0x08004b94   0x0000000e   Code   RO         3862    i.__scatterload_copy  mc_w.l(handlers.o)
    0x08004ba2   0x00000002   Code   RO         3863    i.__scatterload_null  mc_w.l(handlers.o)
    0x08004ba4   0x0000000e   Code   RO         3864    i.__scatterload_zeroinit  mc_w.l(handlers.o)
    0x08004bb2   0x00000002   PAD
    0x08004bb4   0x00000018   Code   RO          732    i.clearTxData       can_my.o
    0x08004bcc   0x00000024   Code   RO          200    i.clear_teledata    tele_control.o
    0x08004bf0   0x00000018   Code   RO           13    i.debug_init        debug_1.o
    0x08004c08   0x0000000c   Code   RO         1084    i.delay_init        delay.o
    0x08004c14   0x00000018   Code   RO         1085    i.delay_ms          delay.o
    0x08004c2c   0x00000048   Code   RO         1086    i.delay_us          delay.o
    0x08004c74   0x00000024   Code   RO          140    i.flash_read        my_flash_1.o
    0x08004c98   0x00000006   Code   RO          141    i.flash_read_word   my_flash_1.o
    0x08004c9e   0x00000002   PAD
    0x08004ca0   0x00000088   Code   RO          142    i.flash_write       my_flash_1.o
    0x08004d28   0x000000bc   Code   RO          246    i.main              main.o
    0x08004de4   0x00000108   Code   RO          785    i.motor_control     control.o
    0x08004eec   0x0000003c   Code   RO          786    i.para_init         control.o
    0x08004f28   0x00000012   Code   RO          143    i.read_para         my_flash_1.o
    0x08004f3a   0x00000002   PAD
    0x08004f3c   0x00000024   Code   RO          201    i.renew_tele_timer  tele_control.o
    0x08004f60   0x000001d8   Code   RO          787    i.rounds_control    control.o
    0x08005138   0x0000004c   Code   RO          933    i.sendware          usart_my.o
    0x08005184   0x00000164   Code   RO          788    i.switch_control    control.o
    0x080052e8   0x000000f8   Code   RO          202    i.telecontroller_data  tele_control.o
    0x080053e0   0x0000007c   Code   RO          789    i.underpan_control  control.o
    0x0800545c   0x00000012   Code   RO          144    i.write_para        my_flash_1.o
    0x0800546e   0x00000018   Data   RO          693    .constdata          system_stm32f4xx.o
    0x08005486   0x00000008   Data   RO         3209    .constdata          stm32f4xx_hal_dma.o
    0x0800548e   0x00000002   PAD
    0x08005490   0x00000020   Data   RO         3860    Region$$Table       anon$$obj.o


    Execution Region RW_IRAM1 (Base: 0x20000000, Size: 0x00000a98, Max: 0x00030000, ABSOLUTE)

    Base Addr    Size         Type   Attr      Idx    E Section Name        Object

    0x20000000   0x00000008   Data   RW          145    .data               my_flash_1.o
    0x20000008   0x00000001   Data   RW          204    .data               tele_control.o
    0x20000009   0x00000008   Data   RW          552    .data               stm32f4xx_it.o
    0x20000011   0x00000003   PAD
    0x20000014   0x00000004   Data   RW          694    .data               system_stm32f4xx.o
    0x20000018   0x00000014   Data   RW          734    .data               can_my.o
    0x2000002c   0x0000001a   Data   RW          790    .data               control.o
    0x20000046   0x00000002   PAD
    0x20000048   0x00000010   Data   RW          905    .data               timer.o
    0x20000058   0x0000001c   Data   RW          935    .data               usart_my.o
    0x20000074   0x00000001   Data   RW         1087    .data               delay.o
    0x20000075   0x00000003   PAD
    0x20000078   0x00000009   Data   RW         3659    .data               stm32f4xx_hal.o
    0x20000081   0x00000003   PAD
    0x20000084   0x00000028   Zero   RW          203    .bss                tele_control.o
    0x200000ac   0x00000028   Zero   RW          353    .bss                can.o
    0x200000d4   0x000000b4   Zero   RW          422    .bss                tim.o
    0x20000188   0x00000160   Zero   RW          482    .bss                usart.o
    0x200002e8   0x0000012e   Zero   RW          733    .bss                can_my.o
    0x20000416   0x00000002   PAD
    0x20000418   0x000001d4   Zero   RW          853    .bss                pid.o
    0x200005ec   0x00000010   Zero   RW          904    .bss                timer.o
    0x200005fc   0x0000007c   Zero   RW          990    .bss                mpu6050.o
    0x20000678   0x00000020   Zero   RW         2818    .bss                stm32f4xx_hal_flash.o
    0x20000698   0x00000400   Zero   RW            1    STACK               startup_stm32f427xx.o


==============================================================================

Image component sizes


      Code (inc. data)   RO Data    RW Data    ZI Data      Debug   Object Name

       212         38          0          0         40       1593   can.o
       712         66          0         20        302       5063   can_my.o
      1276        156          0         26          0       4486   control.o
        24         10          0          0          0     750489   debug_1.o
       108         10          0          1          0       1851   delay.o
        40          4          0          0          0        722   dma.o
       376         20          0          0          0       1111   gpio.o
       480         48          0          0          0       2749   main.o
       892         20          0          0        124       9867   mpu6050.o
       214          8          0          8          0       4280   my_flash_1.o
       644        106          0          0          0       4294   myiic.o
       638         72          0          0        468       3359   pid.o
        36          8        428          0       1024        832   startup_stm32f427xx.o
       212         36          0          9          0       4525   stm32f4xx_hal.o
      2112          4          0          0          0      14563   stm32f4xx_hal_can.o
       348         22          0          0          0      32725   stm32f4xx_hal_cortex.o
      1276         16          8          0          0       6162   stm32f4xx_hal_dma.o
       664         62          0          0         32       5926   stm32f4xx_hal_flash.o
       476         24          0          0          0       3266   stm32f4xx_hal_flash_ex.o
       552         54          0          0          0       2316   stm32f4xx_hal_gpio.o
       156          6          0          0          0        886   stm32f4xx_hal_msp.o
       140         12          0          0          0       1268   stm32f4xx_hal_pwr_ex.o
      1732         84          0          0          0       5492   stm32f4xx_hal_rcc.o
      2032         88          0          0          0      16396   stm32f4xx_hal_tim.o
       102          0          0          0          0       2314   stm32f4xx_hal_tim_ex.o
      2520         28          0          0          0      13211   stm32f4xx_hal_uart.o
       184         48          0          8          0       8906   stm32f4xx_it.o
       100         18         24          4          0       1143   system_stm32f4xx.o
       320         22          0          1         40       2665   tele_control.o
       684        110          0          0        180       3584   tim.o
       164         26          0         16         16       1229   timer.o
       800        164          0          0        352       3554   usart.o
       140         22          0         28          0       2832   usart_my.o

    ----------------------------------------------------------------------
     20390       1412        494        132       2580     923659   Object Totals
         0          0         32          0          0          0   (incl. Generated)
        24          0          2         11          2          0   (incl. Padding)

    ----------------------------------------------------------------------

      Code (inc. data)   RO Data    RW Data    ZI Data      Debug   Library Member Name

         0          0          0          0          0          0   entry.o
         0          0          0          0          0          0   entry10a.o
         0          0          0          0          0          0   entry11a.o
         8          4          0          0          0          0   entry2.o
         4          0          0          0          0          0   entry5.o
         0          0          0          0          0          0   entry7b.o
         0          0          0          0          0          0   entry8b.o
         8          4          0          0          0          0   entry9a.o
        30          0          0          0          0          0   handlers.o
        36          8          0          0          0         68   init.o
         0          0          0          0          0          0   iusefp.o
        30          0          0          0          0         68   llshl.o
        32          0          0          0          0         68   llushr.o
        98          0          0          0          0         92   uldiv.o
        48          0          0          0          0         68   cdcmple.o
        48          0          0          0          0         68   cdrcmple.o
       186          0          0          0          0        176   depilogue.o
       228          0          0          0          0         96   dmul.o
        38          0          0          0          0         68   f2d.o

    ----------------------------------------------------------------------
       796         16          0          0          0        772   Library Totals
         2          0          0          0          0          0   (incl. Padding)

    ----------------------------------------------------------------------

      Code (inc. data)   RO Data    RW Data    ZI Data      Debug   Library Name

       246         16          0          0          0        296   mc_w.l
       548          0          0          0          0        476   mf_w.l

    ----------------------------------------------------------------------
       796         16          0          0          0        772   Library Totals

    ----------------------------------------------------------------------

==============================================================================


      Code (inc. data)   RO Data    RW Data    ZI Data      Debug   

     21186       1428        494        132       2580     906123   Grand Totals
     21186       1428        494        132       2580     906123   ELF Image Totals
     21186       1428        494        132          0          0   ROM Totals

==============================================================================

    Total RO  Size (Code + RO Data)                21680 (  21.17kB)
    Total RW  Size (RW Data + ZI Data)              2712 (   2.65kB)
    Total ROM Size (Code + RO Data + RW Data)      21812 (  21.30kB)

==============================================================================

